Archive member included to satisfy reference by file (symbol)

c:/ac6/systemworkbench/plugins/fr.ac6.mcu.externaltools.arm-none.win32_1.13.3.201707031232/tools/compiler/bin/../lib/gcc/arm-none-eabi/5.4.1/../../../../arm-none-eabi/lib/armv7e-m/fpu\libc_nano.a(lib_a-exit.o)
                              c:/ac6/systemworkbench/plugins/fr.ac6.mcu.externaltools.arm-none.win32_1.13.3.201707031232/tools/compiler/bin/../lib/gcc/arm-none-eabi/5.4.1/../../../../arm-none-eabi/lib/armv7e-m/fpu/crt0.o (exit)
c:/ac6/systemworkbench/plugins/fr.ac6.mcu.externaltools.arm-none.win32_1.13.3.201707031232/tools/compiler/bin/../lib/gcc/arm-none-eabi/5.4.1/../../../../arm-none-eabi/lib/armv7e-m/fpu\libc_nano.a(lib_a-impure.o)
                              c:/ac6/systemworkbench/plugins/fr.ac6.mcu.externaltools.arm-none.win32_1.13.3.201707031232/tools/compiler/bin/../lib/gcc/arm-none-eabi/5.4.1/../../../../arm-none-eabi/lib/armv7e-m/fpu\libc_nano.a(lib_a-exit.o) (_global_impure_ptr)
c:/ac6/systemworkbench/plugins/fr.ac6.mcu.externaltools.arm-none.win32_1.13.3.201707031232/tools/compiler/bin/../lib/gcc/arm-none-eabi/5.4.1/../../../../arm-none-eabi/lib/armv7e-m/fpu\libc_nano.a(lib_a-init.o)
                              c:/ac6/systemworkbench/plugins/fr.ac6.mcu.externaltools.arm-none.win32_1.13.3.201707031232/tools/compiler/bin/../lib/gcc/arm-none-eabi/5.4.1/../../../../arm-none-eabi/lib/armv7e-m/fpu/crt0.o (__libc_init_array)
c:/ac6/systemworkbench/plugins/fr.ac6.mcu.externaltools.arm-none.win32_1.13.3.201707031232/tools/compiler/bin/../lib/gcc/arm-none-eabi/5.4.1/../../../../arm-none-eabi/lib/armv7e-m/fpu\libc_nano.a(lib_a-malloc.o)
                              Middlewares\ST\STM32_USB_Device_Library\Class\CDC\Src\usbd_cdc.o (malloc)
c:/ac6/systemworkbench/plugins/fr.ac6.mcu.externaltools.arm-none.win32_1.13.3.201707031232/tools/compiler/bin/../lib/gcc/arm-none-eabi/5.4.1/../../../../arm-none-eabi/lib/armv7e-m/fpu\libc_nano.a(lib_a-memset.o)
                              c:/ac6/systemworkbench/plugins/fr.ac6.mcu.externaltools.arm-none.win32_1.13.3.201707031232/tools/compiler/bin/../lib/gcc/arm-none-eabi/5.4.1/../../../../arm-none-eabi/lib/armv7e-m/fpu/crt0.o (memset)
c:/ac6/systemworkbench/plugins/fr.ac6.mcu.externaltools.arm-none.win32_1.13.3.201707031232/tools/compiler/bin/../lib/gcc/arm-none-eabi/5.4.1/../../../../arm-none-eabi/lib/armv7e-m/fpu\libc_nano.a(lib_a-nano-freer.o)
                              c:/ac6/systemworkbench/plugins/fr.ac6.mcu.externaltools.arm-none.win32_1.13.3.201707031232/tools/compiler/bin/../lib/gcc/arm-none-eabi/5.4.1/../../../../arm-none-eabi/lib/armv7e-m/fpu\libc_nano.a(lib_a-malloc.o) (_free_r)
c:/ac6/systemworkbench/plugins/fr.ac6.mcu.externaltools.arm-none.win32_1.13.3.201707031232/tools/compiler/bin/../lib/gcc/arm-none-eabi/5.4.1/../../../../arm-none-eabi/lib/armv7e-m/fpu\libc_nano.a(lib_a-nano-mallocr.o)
                              c:/ac6/systemworkbench/plugins/fr.ac6.mcu.externaltools.arm-none.win32_1.13.3.201707031232/tools/compiler/bin/../lib/gcc/arm-none-eabi/5.4.1/../../../../arm-none-eabi/lib/armv7e-m/fpu\libc_nano.a(lib_a-malloc.o) (_malloc_r)
c:/ac6/systemworkbench/plugins/fr.ac6.mcu.externaltools.arm-none.win32_1.13.3.201707031232/tools/compiler/bin/../lib/gcc/arm-none-eabi/5.4.1/../../../../arm-none-eabi/lib/armv7e-m/fpu\libc_nano.a(lib_a-sbrkr.o)
                              c:/ac6/systemworkbench/plugins/fr.ac6.mcu.externaltools.arm-none.win32_1.13.3.201707031232/tools/compiler/bin/../lib/gcc/arm-none-eabi/5.4.1/../../../../arm-none-eabi/lib/armv7e-m/fpu\libc_nano.a(lib_a-nano-mallocr.o) (_sbrk_r)
c:/ac6/systemworkbench/plugins/fr.ac6.mcu.externaltools.arm-none.win32_1.13.3.201707031232/tools/compiler/bin/../lib/gcc/arm-none-eabi/5.4.1/../../../../arm-none-eabi/lib/armv7e-m/fpu\libc_nano.a(lib_a-mlock.o)
                              c:/ac6/systemworkbench/plugins/fr.ac6.mcu.externaltools.arm-none.win32_1.13.3.201707031232/tools/compiler/bin/../lib/gcc/arm-none-eabi/5.4.1/../../../../arm-none-eabi/lib/armv7e-m/fpu\libc_nano.a(lib_a-nano-freer.o) (__malloc_lock)
c:/ac6/systemworkbench/plugins/fr.ac6.mcu.externaltools.arm-none.win32_1.13.3.201707031232/tools/compiler/bin/../lib/gcc/arm-none-eabi/5.4.1/../../../../arm-none-eabi/lib/armv7e-m/fpu\libc_nano.a(lib_a-reent.o)
                              c:/ac6/systemworkbench/plugins/fr.ac6.mcu.externaltools.arm-none.win32_1.13.3.201707031232/tools/compiler/bin/../lib/gcc/arm-none-eabi/5.4.1/../../../../arm-none-eabi/lib/armv7e-m/fpu\libc_nano.a(lib_a-sbrkr.o) (errno)
c:/ac6/systemworkbench/plugins/fr.ac6.mcu.externaltools.arm-none.win32_1.13.3.201707031232/tools/compiler/bin/../lib/gcc/arm-none-eabi/5.4.1/../../../../arm-none-eabi/lib/armv7e-m/fpu\libnosys.a(sbrk.o)
[...]
Memory Configuration

Name             Origin             Length             Attributes
RAM              0x20000000         0x00020000         xrw
FLASH            0x08000000         0x00080000         xr
*default*        0x00000000         0xffffffff

Linker script and memory map

LOAD c:/ac6/systemworkbench/plugins/fr.ac6.mcu.externaltools.arm-none.win32_1.13.3.201707031232/tools/compiler/bin/../lib/gcc/arm-none-eabi/5.4.1/armv7e-m/fpu/crti.o
LOAD c:/ac6/systemworkbench/plugins/fr.ac6.mcu.externaltools.arm-none.win32_1.13.3.201707031232/tools/compiler/bin/../lib/gcc/arm-none-eabi/5.4.1/armv7e-m/fpu/crtbegin.o
LOAD c:/ac6/systemworkbench/plugins/fr.ac6.mcu.externaltools.arm-none.win32_1.13.3.201707031232/tools/compiler/bin/../lib/gcc/arm-none-eabi/5.4.1/../../../../arm-none-eabi/lib/armv7e-m/fpu/crt0.o
LOAD c:/ac6/systemworkbench/plugins/fr.ac6.mcu.externaltools.arm-none.win32_1.13.3.201707031232/tools/compiler/bin/../lib/gcc/arm-none-eabi/5.4.1/../../../../arm-none-eabi/lib/armv7e-m/fpu\libm.a
LOAD Drivers\STM32F4xx_HAL_Driver\Src\stm32f4xx_hal.o
LOAD Drivers\STM32F4xx_HAL_Driver\Src\stm32f4xx_hal_cortex.o
LOAD Drivers\STM32F4xx_HAL_Driver\Src\stm32f4xx_hal_dma.o
LOAD Drivers\STM32F4xx_HAL_Driver\Src\stm32f4xx_hal_dma_ex.o
LOAD Drivers\STM32F4xx_HAL_Driver\Src\stm32f4xx_hal_flash.o
LOAD Drivers\STM32F4xx_HAL_Driver\Src\stm32f4xx_hal_flash_ex.o
LOAD Drivers\STM32F4xx_HAL_Driver\Src\stm32f4xx_hal_flash_ramfunc.o
LOAD Drivers\STM32F4xx_HAL_Driver\Src\stm32f4xx_hal_gpio.o
LOAD Drivers\STM32F4xx_HAL_Driver\Src\stm32f4xx_hal_i2c.o
LOAD Drivers\STM32F4xx_HAL_Driver\Src\stm32f4xx_hal_i2c_ex.o
LOAD Drivers\STM32F4xx_HAL_Driver\Src\stm32f4xx_hal_pcd.o
LOAD Drivers\STM32F4xx_HAL_Driver\Src\stm32f4xx_hal_pcd_ex.o
LOAD Drivers\STM32F4xx_HAL_Driver\Src\stm32f4xx_hal_pwr.o
LOAD Drivers\STM32F4xx_HAL_Driver\Src\stm32f4xx_hal_pwr_ex.o
LOAD Drivers\STM32F4xx_HAL_Driver\Src\stm32f4xx_hal_rcc.o
LOAD Drivers\STM32F4xx_HAL_Driver\Src\stm32f4xx_hal_rcc_ex.o
LOAD Drivers\STM32F4xx_HAL_Driver\Src\stm32f4xx_hal_spi.o
LOAD Drivers\STM32F4xx_HAL_Driver\Src\stm32f4xx_hal_tim.o
LOAD Drivers\STM32F4xx_HAL_Driver\Src\stm32f4xx_hal_tim_ex.o
LOAD Drivers\STM32F4xx_HAL_Driver\Src\stm32f4xx_hal_uart.o
LOAD Drivers\STM32F4xx_HAL_Driver\Src\stm32f4xx_ll_usb.o
LOAD Middlewares\ST\STM32_USB_Device_Library\Class\CDC\Src\usbd_cdc.o
LOAD Middlewares\ST\STM32_USB_Device_Library\Core\Src\usbd_core.o
LOAD Middlewares\ST\STM32_USB_Device_Library\Core\Src\usbd_ctlreq.o
LOAD Middlewares\ST\STM32_USB_Device_Library\Core\Src\usbd_ioreq.o
LOAD Src\main.o
LOAD Src\stm32f4xx_hal_msp.o
LOAD Src\stm32f4xx_hal_timebase_TIM.o
LOAD Src\stm32f4xx_it.o
LOAD Src\system_stm32f4xx.o
LOAD Src\usb_device.o
LOAD Src\usbd_cdc_if.o
LOAD Src\usbd_conf.o
LOAD Src\usbd_desc.o
LOAD startup\startup_stm32f411xe.o
START GROUP
LOAD c:/ac6/systemworkbench/plugins/fr.ac6.mcu.externaltools.arm-none.win32_1.13.3.201707031232/tools/compiler/bin/../lib/gcc/arm-none-eabi/5.4.1/armv7e-m/fpu\libgcc.a
LOAD c:/ac6/systemworkbench/plugins/fr.ac6.mcu.externaltools.arm-none.win32_1.13.3.201707031232/tools/compiler/bin/../lib/gcc/arm-none-eabi/5.4.1/../../../../arm-none-eabi/lib/armv7e-m/fpu\libc_nano.a
END GROUP
START GROUP
LOAD c:/ac6/systemworkbench/plugins/fr.ac6.mcu.externaltools.arm-none.win32_1.13.3.201707031232/tools/compiler/bin/../lib/gcc/arm-none-eabi/5.4.1/armv7e-m/fpu\libgcc.a
LOAD c:/ac6/systemworkbench/plugins/fr.ac6.mcu.externaltools.arm-none.win32_1.13.3.201707031232/tools/compiler/bin/../lib/gcc/arm-none-eabi/5.4.1/../../../../arm-none-eabi/lib/armv7e-m/fpu\libc_nano.a
LOAD c:/ac6/systemworkbench/plugins/fr.ac6.mcu.externaltools.arm-none.win32_1.13.3.201707031232/tools/compiler/bin/../lib/gcc/arm-none-eabi/5.4.1/../../../../arm-none-eabi/lib/armv7e-m/fpu\libnosys.a
END GROUP
START GROUP
LOAD c:/ac6/systemworkbench/plugins/fr.ac6.mcu.externaltools.arm-none.win32_1.13.3.201707031232/tools/compiler/bin/../lib/gcc/arm-none-eabi/5.4.1/armv7e-m/fpu\libgcc.a
LOAD c:/ac6/systemworkbench/plugins/fr.ac6.mcu.externaltools.arm-none.win32_1.13.3.201707031232/tools/compiler/bin/../lib/gcc/arm-none-eabi/5.4.1/../../../../arm-none-eabi/lib/armv7e-m/fpu\libc_nano.a
LOAD c:/ac6/systemworkbench/plugins/fr.ac6.mcu.externaltools.arm-none.win32_1.13.3.201707031232/tools/compiler/bin/../lib/gcc/arm-none-eabi/5.4.1/../../../../arm-none-eabi/lib/armv7e-m/fpu\libnosys.a
END GROUP
LOAD c:/ac6/systemworkbench/plugins/fr.ac6.mcu.externaltools.arm-none.win32_1.13.3.201707031232/tools/compiler/bin/../lib/gcc/arm-none-eabi/5.4.1/armv7e-m/fpu/crtend.o
LOAD c:/ac6/systemworkbench/plugins/fr.ac6.mcu.externaltools.arm-none.win32_1.13.3.201707031232/tools/compiler/bin/../lib/gcc/arm-none-eabi/5.4.1/armv7e-m/fpu/crtn.o
                0x20020000                _estack = 0x20020000
                0x00000200                _Min_Heap_Size = 0x200
                0x00000400                _Min_Stack_Size = 0x400

.isr_vector     0x08000000      0x198
                0x08000000                . = ALIGN (0x4)
 *(.isr_vector)
 .isr_vector    0x08000000      0x198 startup\startup_stm32f411xe.o
                0x08000000                g_pfnVectors
                0x08000198                . = ALIGN (0x4)

.text           0x08000198     0x3e74
                0x08000198                . = ALIGN (0x4)
 *(.text)
 .text          0x08000198       0x5c c:/ac6/systemworkbench/plugins/fr.ac6.mcu.externaltools.arm-none.win32_1.13.3.201707031232/tools/compiler/bin/../lib/gcc/arm-none-eabi/5.4.1/armv7e-m/fpu/crtbegin.o
 *(.text*)
 .text.HAL_Init
                0x080001f4       0x34 Drivers\STM32F4xx_HAL_Driver\Src\stm32f4xx_hal.o
                0x080001f4                HAL_Init
 .text.HAL_IncTick
                0x08000228       0x10 Drivers\STM32F4xx_HAL_Driver\Src\stm32f4xx_hal.o
                0x08000228                HAL_IncTick
 .text.HAL_GetTick
                0x08000238        0xc Drivers\STM32F4xx_HAL_Driver\Src\stm32f4xx_hal.o
                0x08000238                HAL_GetTick
 .text.HAL_Delay
                0x08000244       0x24 Drivers\STM32F4xx_HAL_Driver\Src\stm32f4xx_hal.o
                0x08000244                HAL_Delay
 .text.HAL_NVIC_SetPriorityGrouping
                0x08000268       0x24 Drivers\STM32F4xx_HAL_Driver\Src\stm32f4xx_hal_cortex.o
                0x08000268                HAL_NVIC_SetPriorityGrouping
 .text.HAL_NVIC_SetPriority
                0x0800028c       0x64 Drivers\STM32F4xx_HAL_Driver\Src\stm32f4xx_hal_cortex.o
                0x0800028c                HAL_NVIC_SetPriority
 .text.HAL_NVIC_EnableIRQ
                0x080002f0       0x18 Drivers\STM32F4xx_HAL_Driver\Src\stm32f4xx_hal_cortex.o
                0x080002f0                HAL_NVIC_EnableIRQ
 .text.HAL_SYSTICK_Config
                0x08000308       0x2c Drivers\STM32F4xx_HAL_Driver\Src\stm32f4xx_hal_cortex.o
                0x08000308                HAL_SYSTICK_Config
 .text.HAL_SYSTICK_CLKSourceConfig
                0x08000334       0x20 Drivers\STM32F4xx_HAL_Driver\Src\stm32f4xx_hal_cortex.o
                0x08000334                HAL_SYSTICK_CLKSourceConfig
 .text.HAL_SYSTICK_Callback
                0x08000354        0x4 Drivers\STM32F4xx_HAL_Driver\Src\stm32f4xx_hal_cortex.o
                0x08000354                HAL_SYSTICK_Callback
 .text.HAL_SYSTICK_IRQHandler
                0x08000358        0x8 Drivers\STM32F4xx_HAL_Driver\Src\stm32f4xx_hal_cortex.o
                0x08000358                HAL_SYSTICK_IRQHandler
 .text.HAL_GPIO_Init
                0x08000360      0x19c Drivers\STM32F4xx_HAL_Driver\Src\stm32f4xx_hal_gpio.o
                0x08000360                HAL_GPIO_Init
 .text.HAL_GPIO_WritePin
                0x080004fc        0xc Drivers\STM32F4xx_HAL_Driver\Src\stm32f4xx_hal_gpio.o
                0x080004fc                HAL_GPIO_WritePin
 .text.HAL_I2C_Init
                0x08000508      0x11c Drivers\STM32F4xx_HAL_Driver\Src\stm32f4xx_hal_i2c.o
                0x08000508                HAL_I2C_Init
 .text.PCD_WriteEmptyTxFifo
                0x08000624       0xb0 Drivers\STM32F4xx_HAL_Driver\Src\stm32f4xx_hal_pcd.o
 .text.HAL_PCD_Init
                0x080006d4       0xe4 Drivers\STM32F4xx_HAL_Driver\Src\stm32f4xx_hal_pcd.o
                0x080006d4                HAL_PCD_Init
 .text.HAL_PCD_Start
                0x080007b8       0x2c Drivers\STM32F4xx_HAL_Driver\Src\stm32f4xx_hal_pcd.o
                0x080007b8                HAL_PCD_Start
 .text.HAL_PCD_IRQHandler
                0x080007e4      0x57c Drivers\STM32F4xx_HAL_Driver\Src\stm32f4xx_hal_pcd.o
                0x080007e4                HAL_PCD_IRQHandler
 .text.HAL_PCD_SetAddress
                0x08000d60       0x24 Drivers\STM32F4xx_HAL_Driver\Src\stm32f4xx_hal_pcd.o
                0x08000d60                HAL_PCD_SetAddress
 .text.HAL_PCD_EP_Open
                0x08000d84       0x68 Drivers\STM32F4xx_HAL_Driver\Src\stm32f4xx_hal_pcd.o
                0x08000d84                HAL_PCD_EP_Open
 .text.HAL_PCD_EP_Close
                0x08000dec       0x58 Drivers\STM32F4xx_HAL_Driver\Src\stm32f4xx_hal_pcd.o
                0x08000dec                HAL_PCD_EP_Close
 .text.HAL_PCD_EP_Receive
                0x08000e44       0x58 Drivers\STM32F4xx_HAL_Driver\Src\stm32f4xx_hal_pcd.o
                0x08000e44                HAL_PCD_EP_Receive
 .text.HAL_PCD_EP_GetRxCount
                0x08000e9c       0x14 Drivers\STM32F4xx_HAL_Driver\Src\stm32f4xx_hal_pcd.o
                0x08000e9c                HAL_PCD_EP_GetRxCount
 .text.HAL_PCD_EP_Transmit
                0x08000eb0       0x50 Drivers\STM32F4xx_HAL_Driver\Src\stm32f4xx_hal_pcd.o
                0x08000eb0                HAL_PCD_EP_Transmit
 .text.HAL_PCD_EP_SetStall
                0x08000f00       0x64 Drivers\STM32F4xx_HAL_Driver\Src\stm32f4xx_hal_pcd.o
                0x08000f00                HAL_PCD_EP_SetStall
 .text.HAL_PCD_EP_ClrStall
                0x08000f64       0x58 Drivers\STM32F4xx_HAL_Driver\Src\stm32f4xx_hal_pcd.o
                0x08000f64                HAL_PCD_EP_ClrStall
 .text.HAL_PCDEx_SetTxFiFo
                0x08000fbc       0x48 Drivers\STM32F4xx_HAL_Driver\Src\stm32f4xx_hal_pcd_ex.o
                0x08000fbc                HAL_PCDEx_SetTxFiFo
 .text.HAL_PCDEx_SetRxFiFo
                0x08001004        0x8 Drivers\STM32F4xx_HAL_Driver\Src\stm32f4xx_hal_pcd_ex.o
                0x08001004                HAL_PCDEx_SetRxFiFo
 .text.HAL_RCC_OscConfig
                0x0800100c      0x3c8 Drivers\STM32F4xx_HAL_Driver\Src\stm32f4xx_hal_rcc.o
                0x0800100c                HAL_RCC_OscConfig
 .text.HAL_RCC_GetSysClockFreq
                0x080013d4       0xa4 Drivers\STM32F4xx_HAL_Driver\Src\stm32f4xx_hal_rcc.o
                0x080013d4                HAL_RCC_GetSysClockFreq
 .text.HAL_RCC_ClockConfig
                0x08001478      0x1b0 Drivers\STM32F4xx_HAL_Driver\Src\stm32f4xx_hal_rcc.o
                0x08001478                HAL_RCC_ClockConfig
 .text.HAL_RCC_GetHCLKFreq
                0x08001628        0xc Drivers\STM32F4xx_HAL_Driver\Src\stm32f4xx_hal_rcc.o
                0x08001628                HAL_RCC_GetHCLKFreq
 .text.HAL_RCC_GetPCLK1Freq
                0x08001634       0x30 Drivers\STM32F4xx_HAL_Driver\Src\stm32f4xx_hal_rcc.o
                0x08001634                HAL_RCC_GetPCLK1Freq
 .text.HAL_RCC_GetPCLK2Freq
                0x08001664       0x30 Drivers\STM32F4xx_HAL_Driver\Src\stm32f4xx_hal_rcc.o
                0x08001664                HAL_RCC_GetPCLK2Freq
 .text.HAL_RCC_GetClockConfig
                0x08001694       0x3c Drivers\STM32F4xx_HAL_Driver\Src\stm32f4xx_hal_rcc.o
                0x08001694                HAL_RCC_GetClockConfig
 .text.HAL_SPI_Init
                0x080016d0       0x84 Drivers\STM32F4xx_HAL_Driver\Src\stm32f4xx_hal_spi.o
                0x080016d0                HAL_SPI_Init
 .text.HAL_TIM_Base_MspInit
                0x08001754        0x4 Drivers\STM32F4xx_HAL_Driver\Src\stm32f4xx_hal_tim.o
                0x08001754                HAL_TIM_Base_MspInit
 .text.HAL_TIM_Base_Start_IT
                0x08001758       0x18 Drivers\STM32F4xx_HAL_Driver\Src\stm32f4xx_hal_tim.o
                0x08001758                HAL_TIM_Base_Start_IT
 .text.HAL_TIM_OC_DelayElapsedCallback
                0x08001770        0x4 Drivers\STM32F4xx_HAL_Driver\Src\stm32f4xx_hal_tim.o
                0x08001770                HAL_TIM_OC_DelayElapsedCallback
 .text.HAL_TIM_IC_CaptureCallback
                0x08001774        0x4 Drivers\STM32F4xx_HAL_Driver\Src\stm32f4xx_hal_tim.o
                0x08001774                HAL_TIM_IC_CaptureCallback
 .text.HAL_TIM_PWM_PulseFinishedCallback
                0x08001778        0x4 Drivers\STM32F4xx_HAL_Driver\Src\stm32f4xx_hal_tim.o
                0x08001778                HAL_TIM_PWM_PulseFinishedCallback
 .text.HAL_TIM_TriggerCallback
                0x0800177c        0x4 Drivers\STM32F4xx_HAL_Driver\Src\stm32f4xx_hal_tim.o
                0x0800177c                HAL_TIM_TriggerCallback
 .text.HAL_TIM_IRQHandler
                0x08001780      0x174 Drivers\STM32F4xx_HAL_Driver\Src\stm32f4xx_hal_tim.o
                0x08001780                HAL_TIM_IRQHandler
 .text.TIM_Base_SetConfig
                0x080018f4       0xcc Drivers\STM32F4xx_HAL_Driver\Src\stm32f4xx_hal_tim.o
                0x080018f4                TIM_Base_SetConfig
 .text.HAL_TIM_Base_Init
                0x080019c0       0x38 Drivers\STM32F4xx_HAL_Driver\Src\stm32f4xx_hal_tim.o
                0x080019c0                HAL_TIM_Base_Init
 .text.HAL_TIMEx_CommutationCallback
                0x080019f8        0x4 Drivers\STM32F4xx_HAL_Driver\Src\stm32f4xx_hal_tim_ex.o
                0x080019f8                HAL_TIMEx_CommutationCallback
 .text.HAL_TIMEx_BreakCallback
                0x080019fc        0x4 Drivers\STM32F4xx_HAL_Driver\Src\stm32f4xx_hal_tim_ex.o
                0x080019fc                HAL_TIMEx_BreakCallback
 .text.UART_SetConfig
                0x08001a00      0x32c Drivers\STM32F4xx_HAL_Driver\Src\stm32f4xx_hal_uart.o
 .text.HAL_UART_Init
                0x08001d2c       0x64 Drivers\STM32F4xx_HAL_Driver\Src\stm32f4xx_hal_uart.o
                0x08001d2c                HAL_UART_Init
 .text.USB_CoreInit
                0x08001d90       0x78 Drivers\STM32F4xx_HAL_Driver\Src\stm32f4xx_ll_usb.o
                0x08001d90                USB_CoreInit
 .text.USB_EnableGlobalInt
                0x08001e08        0xc Drivers\STM32F4xx_HAL_Driver\Src\stm32f4xx_ll_usb.o
                0x08001e08                USB_EnableGlobalInt
 .text.USB_DisableGlobalInt
                0x08001e14        0xc Drivers\STM32F4xx_HAL_Driver\Src\stm32f4xx_ll_usb.o
                0x08001e14                USB_DisableGlobalInt
 .text.USB_SetCurrentMode
                0x08001e20       0x2c Drivers\STM32F4xx_HAL_Driver\Src\stm32f4xx_ll_usb.o
                0x08001e20                USB_SetCurrentMode
 .text.USB_DevInit
                0x08001e4c      0x14c Drivers\STM32F4xx_HAL_Driver\Src\stm32f4xx_ll_usb.o
                0x08001e4c                USB_DevInit
 .text.USB_FlushTxFifo
                0x08001f98       0x28 Drivers\STM32F4xx_HAL_Driver\Src\stm32f4xx_ll_usb.o
                0x08001f98                USB_FlushTxFifo
 .text.USB_FlushRxFifo
                0x08001fc0       0x24 Drivers\STM32F4xx_HAL_Driver\Src\stm32f4xx_ll_usb.o
                0x08001fc0                USB_FlushRxFifo
 .text.USB_SetDevSpeed
                0x08001fe4       0x10 Drivers\STM32F4xx_HAL_Driver\Src\stm32f4xx_ll_usb.o
                0x08001fe4                USB_SetDevSpeed
 .text.USB_GetDevSpeed
                0x08001ff4       0x40 Drivers\STM32F4xx_HAL_Driver\Src\stm32f4xx_ll_usb.o
                0x08001ff4                USB_GetDevSpeed
 .text.USB_ActivateEndpoint
                0x08002034       0x98 Drivers\STM32F4xx_HAL_Driver\Src\stm32f4xx_ll_usb.o
                0x08002034                USB_ActivateEndpoint
 .text.USB_DeactivateEndpoint
                0x080020cc       0xf4 Drivers\STM32F4xx_HAL_Driver\Src\stm32f4xx_ll_usb.o
                0x080020cc                USB_DeactivateEndpoint
 .text.USB_EPStartXfer
                0x080021c0      0x258 Drivers\STM32F4xx_HAL_Driver\Src\stm32f4xx_ll_usb.o
                0x080021c0                USB_EPStartXfer
 .text.USB_EP0StartXfer
                0x08002418      0x160 Drivers\STM32F4xx_HAL_Driver\Src\stm32f4xx_ll_usb.o
                0x08002418                USB_EP0StartXfer
 .text.USB_WritePacket
                0x08002578       0x2c Drivers\STM32F4xx_HAL_Driver\Src\stm32f4xx_ll_usb.o
                0x08002578                USB_WritePacket
 .text.USB_ReadPacket
                0x080025a4       0x24 Drivers\STM32F4xx_HAL_Driver\Src\stm32f4xx_ll_usb.o
                0x080025a4                USB_ReadPacket
 .text.USB_EPSetStall
                0x080025c8       0x64 Drivers\STM32F4xx_HAL_Driver\Src\stm32f4xx_ll_usb.o
                0x080025c8                USB_EPSetStall
 .text.USB_EPClearStall
                0x0800262c       0x68 Drivers\STM32F4xx_HAL_Driver\Src\stm32f4xx_ll_usb.o
                0x0800262c                USB_EPClearStall
 .text.USB_SetDevAddress
                0x08002694       0x20 Drivers\STM32F4xx_HAL_Driver\Src\stm32f4xx_ll_usb.o
                0x08002694                USB_SetDevAddress
 .text.USB_DevConnect
                0x080026b4       0x18 Drivers\STM32F4xx_HAL_Driver\Src\stm32f4xx_ll_usb.o
                0x080026b4                USB_DevConnect
 .text.USB_DevDisconnect
                0x080026cc       0x18 Drivers\STM32F4xx_HAL_Driver\Src\stm32f4xx_ll_usb.o
                0x080026cc                USB_DevDisconnect
 .text.USB_ReadInterrupts
                0x080026e4        0x8 Drivers\STM32F4xx_HAL_Driver\Src\stm32f4xx_ll_usb.o
                0x080026e4                USB_ReadInterrupts
 .text.USB_ReadDevAllOutEpInterrupt
                0x080026ec       0x10 Drivers\STM32F4xx_HAL_Driver\Src\stm32f4xx_ll_usb.o
                0x080026ec                USB_ReadDevAllOutEpInterrupt
 .text.USB_ReadDevAllInEpInterrupt
                0x080026fc       0x10 Drivers\STM32F4xx_HAL_Driver\Src\stm32f4xx_ll_usb.o
                0x080026fc                USB_ReadDevAllInEpInterrupt
 .text.USB_ReadDevOutEPInterrupt
                0x0800270c       0x14 Drivers\STM32F4xx_HAL_Driver\Src\stm32f4xx_ll_usb.o
                0x0800270c                USB_ReadDevOutEPInterrupt
 .text.USB_ReadDevInEPInterrupt
                0x08002720       0x24 Drivers\STM32F4xx_HAL_Driver\Src\stm32f4xx_ll_usb.o
                0x08002720                USB_ReadDevInEPInterrupt
 .text.USB_GetMode
                0x08002744        0x8 Drivers\STM32F4xx_HAL_Driver\Src\stm32f4xx_ll_usb.o
                0x08002744                USB_GetMode
 .text.USB_ActivateSetup
                0x0800274c       0x38 Drivers\STM32F4xx_HAL_Driver\Src\stm32f4xx_ll_usb.o
                0x0800274c                USB_ActivateSetup
 .text.USB_EP0_OutStart
                0x08002784       0x44 Drivers\STM32F4xx_HAL_Driver\Src\stm32f4xx_ll_usb.o
                0x08002784                USB_EP0_OutStart
 .text.USB_CoreReset
                0x080027c8       0x3c Drivers\STM32F4xx_HAL_Driver\Src\stm32f4xx_ll_usb.o
 .text.USBD_CDC_DataIn
                0x08002804       0x14 Middlewares\ST\STM32_USB_Device_Library\Class\CDC\Src\usbd_cdc.o
 .text.USBD_CDC_EP0_RxReady
                0x08002818       0x28 Middlewares\ST\STM32_USB_Device_Library\Class\CDC\Src\usbd_cdc.o
 .text.USBD_CDC_GetFSCfgDesc
                0x08002840        0xc Middlewares\ST\STM32_USB_Device_Library\Class\CDC\Src\usbd_cdc.o
 .text.USBD_CDC_GetHSCfgDesc
                0x0800284c        0xc Middlewares\ST\STM32_USB_Device_Library\Class\CDC\Src\usbd_cdc.o
 .text.USBD_CDC_GetOtherSpeedCfgDesc
                0x08002858        0xc Middlewares\ST\STM32_USB_Device_Library\Class\CDC\Src\usbd_cdc.o
 .text.USBD_CDC_GetDeviceQualifierDescriptor
                0x08002864        0xc Middlewares\ST\STM32_USB_Device_Library\Class\CDC\Src\usbd_cdc.o
                0x08002864                USBD_CDC_GetDeviceQualifierDescriptor
 .text.USBD_CDC_DataOut
                0x08002870       0x30 Middlewares\ST\STM32_USB_Device_Library\Class\CDC\Src\usbd_cdc.o
 .text.USBD_CDC_Setup
                0x080028a0       0x74 Middlewares\ST\STM32_USB_Device_Library\Class\CDC\Src\usbd_cdc.o
 .text.USBD_CDC_DeInit
                0x08002914       0x3c Middlewares\ST\STM32_USB_Device_Library\Class\CDC\Src\usbd_cdc.o
 .text.USBD_CDC_Init
                0x08002950       0x98 Middlewares\ST\STM32_USB_Device_Library\Class\CDC\Src\usbd_cdc.o
 .text.USBD_CDC_RegisterInterface
                0x080029e8       0x10 Middlewares\ST\STM32_USB_Device_Library\Class\CDC\Src\usbd_cdc.o
                0x080029e8                USBD_CDC_RegisterInterface
 .text.USBD_CDC_SetTxBuffer
                0x080029f8       0x10 Middlewares\ST\STM32_USB_Device_Library\Class\CDC\Src\usbd_cdc.o
                0x080029f8                USBD_CDC_SetTxBuffer
 .text.USBD_CDC_SetRxBuffer
                0x08002a08        0xc Middlewares\ST\STM32_USB_Device_Library\Class\CDC\Src\usbd_cdc.o
                0x08002a08                USBD_CDC_SetRxBuffer
 .text.USBD_CDC_TransmitPacket
                0x08002a14       0x30 Middlewares\ST\STM32_USB_Device_Library\Class\CDC\Src\usbd_cdc.o
                0x08002a14                USBD_CDC_TransmitPacket
 .text.USBD_CDC_ReceivePacket
                0x08002a44       0x34 Middlewares\ST\STM32_USB_Device_Library\Class\CDC\Src\usbd_cdc.o
                0x08002a44                USBD_CDC_ReceivePacket
 .text.USBD_Init
                0x08002a78       0x30 Middlewares\ST\STM32_USB_Device_Library\Core\Src\usbd_core.o
                0x08002a78                USBD_Init
 .text.USBD_RegisterClass
                0x08002aa8       0x10 Middlewares\ST\STM32_USB_Device_Library\Core\Src\usbd_core.o
                0x08002aa8                USBD_RegisterClass
 .text.USBD_Start
                0x08002ab8        0xc Middlewares\ST\STM32_USB_Device_Library\Core\Src\usbd_core.o
                0x08002ab8                USBD_Start
 .text.USBD_SetClassConfig
                0x08002ac4       0x1c Middlewares\ST\STM32_USB_Device_Library\Core\Src\usbd_core.o
                0x08002ac4                USBD_SetClassConfig
 .text.USBD_ClrClassConfig
                0x08002ae0       0x10 Middlewares\ST\STM32_USB_Device_Library\Core\Src\usbd_core.o
                0x08002ae0                USBD_ClrClassConfig
 .text.USBD_LL_SetupStage
                0x08002af0       0x5c Middlewares\ST\STM32_USB_Device_Library\Core\Src\usbd_core.o
                0x08002af0                USBD_LL_SetupStage
 .text.USBD_LL_DataOutStage
                0x08002b4c       0x68 Middlewares\ST\STM32_USB_Device_Library\Core\Src\usbd_core.o
                0x08002b4c                USBD_LL_DataOutStage
 .text.USBD_LL_DataInStage
                0x08002bb4       0xac Middlewares\ST\STM32_USB_Device_Library\Core\Src\usbd_core.o
                0x08002bb4                USBD_LL_DataInStage
 .text.USBD_LL_Reset
                0x08002c60       0x40 Middlewares\ST\STM32_USB_Device_Library\Core\Src\usbd_core.o
                0x08002c60                USBD_LL_Reset
 .text.USBD_LL_SetSpeed
                0x08002ca0        0x8 Middlewares\ST\STM32_USB_Device_Library\Core\Src\usbd_core.o
                0x08002ca0                USBD_LL_SetSpeed
 .text.USBD_LL_Suspend
                0x08002ca8       0x14 Middlewares\ST\STM32_USB_Device_Library\Core\Src\usbd_core.o
                0x08002ca8                USBD_LL_Suspend
 .text.USBD_LL_Resume
                0x08002cbc        0xc Middlewares\ST\STM32_USB_Device_Library\Core\Src\usbd_core.o
                0x08002cbc                USBD_LL_Resume
 .text.USBD_LL_SOF
                0x08002cc8       0x18 Middlewares\ST\STM32_USB_Device_Library\Core\Src\usbd_core.o
                0x08002cc8                USBD_LL_SOF
 .text.USBD_LL_IsoINIncomplete
                0x08002ce0        0x4 Middlewares\ST\STM32_USB_Device_Library\Core\Src\usbd_core.o
                0x08002ce0                USBD_LL_IsoINIncomplete
 .text.USBD_LL_IsoOUTIncomplete
                0x08002ce4        0x4 Middlewares\ST\STM32_USB_Device_Library\Core\Src\usbd_core.o
                0x08002ce4                USBD_LL_IsoOUTIncomplete
 .text.USBD_LL_DevConnected
                0x08002ce8        0x4 Middlewares\ST\STM32_USB_Device_Library\Core\Src\usbd_core.o
                0x08002ce8                USBD_LL_DevConnected
 .text.USBD_LL_DevDisconnected
                0x08002cec       0x18 Middlewares\ST\STM32_USB_Device_Library\Core\Src\usbd_core.o
                0x08002cec                USBD_LL_DevDisconnected
 .text.USBD_GetLen
                0x08002d04       0x14 Middlewares\ST\STM32_USB_Device_Library\Core\Src\usbd_ctlreq.o
 .text.USBD_SetFeature
                0x08002d18       0x20 Middlewares\ST\STM32_USB_Device_Library\Core\Src\usbd_ctlreq.o
 .text.USBD_ParseSetupRequest
                0x08002d38       0x28 Middlewares\ST\STM32_USB_Device_Library\Core\Src\usbd_ctlreq.o
                0x08002d38                USBD_ParseSetupRequest
 .text.USBD_CtlError
                0x08002d60       0x14 Middlewares\ST\STM32_USB_Device_Library\Core\Src\usbd_ctlreq.o
                0x08002d60                USBD_CtlError
 .text.USBD_GetDescriptor
                0x08002d74      0x130 Middlewares\ST\STM32_USB_Device_Library\Core\Src\usbd_ctlreq.o
 .text.USBD_SetAddress
                0x08002ea4       0x4c Middlewares\ST\STM32_USB_Device_Library\Core\Src\usbd_ctlreq.o
 .text.USBD_SetConfig
                0x08002ef0       0xa8 Middlewares\ST\STM32_USB_Device_Library\Core\Src\usbd_ctlreq.o
 .text.USBD_GetConfig
                0x08002f98       0x3c Middlewares\ST\STM32_USB_Device_Library\Core\Src\usbd_ctlreq.o
 .text.USBD_GetStatus
                0x08002fd4       0x2c Middlewares\ST\STM32_USB_Device_Library\Core\Src\usbd_ctlreq.o
 .text.USBD_ClrFeature
                0x08003000       0x30 Middlewares\ST\STM32_USB_Device_Library\Core\Src\usbd_ctlreq.o
 .text.USBD_StdDevReq
                0x08003030       0x48 Middlewares\ST\STM32_USB_Device_Library\Core\Src\usbd_ctlreq.o
                0x08003030                USBD_StdDevReq
 .text.USBD_StdItfReq
                0x08003078       0x38 Middlewares\ST\STM32_USB_Device_Library\Core\Src\usbd_ctlreq.o
                0x08003078                USBD_StdItfReq
 .text.USBD_StdEPReq
                0x080030b0      0x11c Middlewares\ST\STM32_USB_Device_Library\Core\Src\usbd_ctlreq.o
                0x080030b0                USBD_StdEPReq
 .text.USBD_GetString
                0x080031cc       0x3c Middlewares\ST\STM32_USB_Device_Library\Core\Src\usbd_ctlreq.o
                0x080031cc                USBD_GetString
 .text.USBD_CtlSendData
                0x08003208       0x1c Middlewares\ST\STM32_USB_Device_Library\Core\Src\usbd_ioreq.o
                0x08003208                USBD_CtlSendData
 .text.USBD_CtlContinueSendData
                0x08003224       0x10 Middlewares\ST\STM32_USB_Device_Library\Core\Src\usbd_ioreq.o
                0x08003224                USBD_CtlContinueSendData
 .text.USBD_CtlPrepareRx
                0x08003234       0x20 Middlewares\ST\STM32_USB_Device_Library\Core\Src\usbd_ioreq.o
                0x08003234                USBD_CtlPrepareRx
 .text.USBD_CtlContinueRx
                0x08003254       0x10 Middlewares\ST\STM32_USB_Device_Library\Core\Src\usbd_ioreq.o
                0x08003254                USBD_CtlContinueRx
 .text.USBD_CtlSendStatus
                0x08003264       0x18 Middlewares\ST\STM32_USB_Device_Library\Core\Src\usbd_ioreq.o
                0x08003264                USBD_CtlSendStatus
 .text.USBD_CtlReceiveStatus
                0x0800327c       0x18 Middlewares\ST\STM32_USB_Device_Library\Core\Src\usbd_ioreq.o
                0x0800327c                USBD_CtlReceiveStatus
 .text.MX_GPIO_Init
                0x08003294      0x1d0 Src\main.o
 .text.HAL_TIM_PeriodElapsedCallback
                0x08003464       0x14 Src\main.o
                0x08003464                HAL_TIM_PeriodElapsedCallback
 .text._Error_Handler
                0x08003478        0x4 Src\main.o
                0x08003478                _Error_Handler
 .text.MX_USART1_UART_Init
                0x0800347c       0x3c Src\main.o
 .text.MX_I2C1_Init
                0x080034b8       0x40 Src\main.o
 .text.MX_SPI5_Init
                0x080034f8       0x48 Src\main.o
 .text.SystemClock_Config
                0x08003540       0xc0 Src\main.o
                0x08003540                SystemClock_Config
 .text.main     0x08003600       0x88 Src\main.o
                0x08003600                main
 .text.HAL_MspInit
                0x08003688       0x60 Src\stm32f4xx_hal_msp.o
                0x08003688                HAL_MspInit
 .text.HAL_I2C_MspInit
                0x080036e8       0x54 Src\stm32f4xx_hal_msp.o
                0x080036e8                HAL_I2C_MspInit
 .text.HAL_SPI_MspInit
                0x0800373c       0x68 Src\stm32f4xx_hal_msp.o
                0x0800373c                HAL_SPI_MspInit
 .text.HAL_UART_MspInit
                0x080037a4       0x6c Src\stm32f4xx_hal_msp.o
                0x080037a4                HAL_UART_MspInit
 .text.HAL_InitTick
                0x08003810       0x78 Src\stm32f4xx_hal_timebase_TIM.o
                0x08003810                HAL_InitTick
 .text.SVC_Handler
                0x08003888        0x4 Src\stm32f4xx_it.o
                0x08003888                SVC_Handler
 .text.PendSV_Handler
                0x0800388c        0x4 Src\stm32f4xx_it.o
                0x0800388c                PendSV_Handler
 .text.SysTick_Handler
                0x08003890        0x8 Src\stm32f4xx_it.o
                0x08003890                SysTick_Handler
 .text.TIM1_UP_TIM10_IRQHandler
                0x08003898       0x10 Src\stm32f4xx_it.o
                0x08003898                TIM1_UP_TIM10_IRQHandler
 .text.OTG_FS_IRQHandler
                0x080038a8       0x10 Src\stm32f4xx_it.o
                0x080038a8                OTG_FS_IRQHandler
 .text.SystemInit
                0x080038b8       0x4c Src\system_stm32f4xx.o
                0x080038b8                SystemInit
 .text.MX_USB_DEVICE_Init
                0x08003904       0x38 Src\usb_device.o
                0x08003904                MX_USB_DEVICE_Init
 .text.CDC_DeInit_FS
                0x0800393c        0x4 Src\usbd_cdc_if.o
 .text.CDC_Control_FS
                0x08003940        0x4 Src\usbd_cdc_if.o
 .text.CDC_Receive_FS
                0x08003944       0x1c Src\usbd_cdc_if.o
 .text.CDC_Init_FS
                0x08003960       0x28 Src\usbd_cdc_if.o
 .text.CDC_Transmit_FS
                0x08003988       0x2c Src\usbd_cdc_if.o
                0x08003988                CDC_Transmit_FS
 .text.CDC_Receive_FS_User
                0x080039b4       0x1c Src\usbd_cdc_if.o
                0x080039b4                CDC_Receive_FS_User
 .text.HAL_PCD_MspInit
                0x080039d0       0x7c Src\usbd_conf.o
                0x080039d0                HAL_PCD_MspInit
 .text.HAL_PCD_SetupStageCallback
                0x08003a4c       0x10 Src\usbd_conf.o
                0x08003a4c                HAL_PCD_SetupStageCallback
 .text.HAL_PCD_DataOutStageCallback
                0x08003a5c       0x18 Src\usbd_conf.o
                0x08003a5c                HAL_PCD_DataOutStageCallback
 .text.HAL_PCD_DataInStageCallback
                0x08003a74       0x18 Src\usbd_conf.o
                0x08003a74                HAL_PCD_DataInStageCallback
 .text.HAL_PCD_SOFCallback
                0x08003a8c        0xc Src\usbd_conf.o
                0x08003a8c                HAL_PCD_SOFCallback
 .text.HAL_PCD_ResetCallback
                0x08003a98       0x20 Src\usbd_conf.o
                0x08003a98                HAL_PCD_ResetCallback
 .text.HAL_PCD_SuspendCallback
                0x08003ab8       0x30 Src\usbd_conf.o
                0x08003ab8                HAL_PCD_SuspendCallback
 .text.HAL_PCD_ResumeCallback
                0x08003ae8        0xc Src\usbd_conf.o
                0x08003ae8                HAL_PCD_ResumeCallback
 .text.HAL_PCD_ISOOUTIncompleteCallback
                0x08003af4        0xc Src\usbd_conf.o
                0x08003af4                HAL_PCD_ISOOUTIncompleteCallback
 .text.HAL_PCD_ISOINIncompleteCallback
                0x08003b00        0xc Src\usbd_conf.o
                0x08003b00                HAL_PCD_ISOINIncompleteCallback
 .text.HAL_PCD_ConnectCallback
                0x08003b0c        0xc Src\usbd_conf.o
                0x08003b0c                HAL_PCD_ConnectCallback
 .text.HAL_PCD_DisconnectCallback
                0x08003b18        0xc Src\usbd_conf.o
                0x08003b18                HAL_PCD_DisconnectCallback
 .text.USBD_LL_Init
                0x08003b24       0x74 Src\usbd_conf.o
                0x08003b24                USBD_LL_Init
 .text.USBD_LL_Start
                0x08003b98       0x20 Src\usbd_conf.o
                0x08003b98                USBD_LL_Start
 .text.USBD_LL_OpenEP
                0x08003bb8       0x24 Src\usbd_conf.o
                0x08003bb8                USBD_LL_OpenEP
 .text.USBD_LL_CloseEP
                0x08003bdc       0x20 Src\usbd_conf.o
                0x08003bdc                USBD_LL_CloseEP
 .text.USBD_LL_StallEP
                0x08003bfc       0x20 Src\usbd_conf.o
                0x08003bfc                USBD_LL_StallEP
 .text.USBD_LL_ClearStallEP
                0x08003c1c       0x20 Src\usbd_conf.o
                0x08003c1c                USBD_LL_ClearStallEP
 .text.USBD_LL_IsStallEP
                0x08003c3c       0x30 Src\usbd_conf.o
                0x08003c3c                USBD_LL_IsStallEP
 .text.USBD_LL_SetUSBAddress
                0x08003c6c       0x20 Src\usbd_conf.o
                0x08003c6c                USBD_LL_SetUSBAddress
 .text.USBD_LL_Transmit
                0x08003c8c       0x20 Src\usbd_conf.o
                0x08003c8c                USBD_LL_Transmit
 .text.USBD_LL_PrepareReceive
                0x08003cac       0x20 Src\usbd_conf.o
                0x08003cac                USBD_LL_PrepareReceive
 .text.USBD_LL_GetRxDataSize
                0x08003ccc        0xc Src\usbd_conf.o
                0x08003ccc                USBD_LL_GetRxDataSize
 .text.USBD_FS_DeviceDescriptor
                0x08003cd8        0xc Src\usbd_desc.o
                0x08003cd8                USBD_FS_DeviceDescriptor
 .text.USBD_FS_LangIDStrDescriptor
                0x08003ce4        0xc Src\usbd_desc.o
                0x08003ce4                USBD_FS_LangIDStrDescriptor
 .text.USBD_FS_ProductStrDescriptor
                0x08003cf0       0x24 Src\usbd_desc.o
                0x08003cf0                USBD_FS_ProductStrDescriptor
 .text.USBD_FS_ManufacturerStrDescriptor
                0x08003d14       0x1c Src\usbd_desc.o
                0x08003d14                USBD_FS_ManufacturerStrDescriptor
 .text.USBD_FS_SerialStrDescriptor
                0x08003d30       0x24 Src\usbd_desc.o
                0x08003d30                USBD_FS_SerialStrDescriptor
 .text.USBD_FS_ConfigStrDescriptor
                0x08003d54       0x24 Src\usbd_desc.o
                0x08003d54                USBD_FS_ConfigStrDescriptor
 .text.USBD_FS_InterfaceStrDescriptor
                0x08003d78       0x24 Src\usbd_desc.o
                0x08003d78                USBD_FS_InterfaceStrDescriptor
 .text.Reset_Handler
                0x08003d9c       0x50 startup\startup_stm32f411xe.o
                0x08003d9c                Reset_Handler
 .text.Default_Handler
                0x08003dec        0x2 startup\startup_stm32f411xe.o
                0x08003dec                RTC_Alarm_IRQHandler
                0x08003dec                EXTI2_IRQHandler
                0x08003dec                DebugMon_Handler
                0x08003dec                SPI4_IRQHandler
                0x08003dec                TIM1_CC_IRQHandler
                0x08003dec                DMA2_Stream5_IRQHandler
                0x08003dec                HardFault_Handler
                0x08003dec                DMA1_Stream5_IRQHandler
                0x08003dec                PVD_IRQHandler
                0x08003dec                SDIO_IRQHandler
                0x08003dec                TAMP_STAMP_IRQHandler
                0x08003dec                NMI_Handler
                0x08003dec                EXTI3_IRQHandler
                0x08003dec                I2C3_ER_IRQHandler
                0x08003dec                EXTI0_IRQHandler
                0x08003dec                I2C2_EV_IRQHandler
                0x08003dec                DMA1_Stream2_IRQHandler
                0x08003dec                FPU_IRQHandler
                0x08003dec                UsageFault_Handler
                0x08003dec                DMA2_Stream2_IRQHandler
                0x08003dec                SPI1_IRQHandler
                0x08003dec                TIM1_BRK_TIM9_IRQHandler
                0x08003dec                DMA2_Stream3_IRQHandler
                0x08003dec                USART6_IRQHandler
                0x08003dec                DMA2_Stream0_IRQHandler
                0x08003dec                TIM4_IRQHandler
                0x08003dec                I2C1_EV_IRQHandler
                0x08003dec                DMA1_Stream6_IRQHandler
                0x08003dec                DMA1_Stream1_IRQHandler
                0x08003dec                TIM3_IRQHandler
                0x08003dec                RCC_IRQHandler
                0x08003dec                Default_Handler
                0x08003dec                EXTI15_10_IRQHandler
                0x08003dec                ADC_IRQHandler
                0x08003dec                DMA1_Stream7_IRQHandler
                0x08003dec                SPI5_IRQHandler
                0x08003dec                TIM5_IRQHandler
                0x08003dec                DMA2_Stream7_IRQHandler
                0x08003dec                I2C3_EV_IRQHandler
                0x08003dec                EXTI9_5_IRQHandler
                0x08003dec                RTC_WKUP_IRQHandler
                0x08003dec                SPI2_IRQHandler
                0x08003dec                MemManage_Handler
                0x08003dec                DMA1_Stream0_IRQHandler
                0x08003dec                EXTI4_IRQHandler
                0x08003dec                WWDG_IRQHandler
                0x08003dec                TIM2_IRQHandler
                0x08003dec                OTG_FS_WKUP_IRQHandler
                0x08003dec                TIM1_TRG_COM_TIM11_IRQHandler
                0x08003dec                EXTI1_IRQHandler
                0x08003dec                USART2_IRQHandler
                0x08003dec                I2C2_ER_IRQHandler
                0x08003dec                DMA2_Stream1_IRQHandler
                0x08003dec                FLASH_IRQHandler
                0x08003dec                DMA2_Stream4_IRQHandler
                0x08003dec                BusFault_Handler
                0x08003dec                USART1_IRQHandler
                0x08003dec                SPI3_IRQHandler
                0x08003dec                DMA1_Stream4_IRQHandler
                0x08003dec                I2C1_ER_IRQHandler
                0x08003dec                DMA2_Stream6_IRQHandler
                0x08003dec                DMA1_Stream3_IRQHandler
 *fill*         0x08003dee        0x2 
 .text.__libc_init_array
                0x08003df0       0x4c c:/ac6/systemworkbench/plugins/fr.ac6.mcu.externaltools.arm-none.win32_1.13.3.201707031232/tools/compiler/bin/../lib/gcc/arm-none-eabi/5.4.1/../../../../arm-none-eabi/lib/armv7e-m/fpu\libc_nano.a(lib_a-init.o)
                0x08003df0                __libc_init_array
 .text.malloc   0x08003e3c       0x10 c:/ac6/systemworkbench/plugins/fr.ac6.mcu.externaltools.arm-none.win32_1.13.3.201707031232/tools/compiler/bin/../lib/gcc/arm-none-eabi/5.4.1/../../../../arm-none-eabi/lib/armv7e-m/fpu\libc_nano.a(lib_a-malloc.o)
                0x08003e3c                malloc
 .text.free     0x08003e4c       0x10 c:/ac6/systemworkbench/plugins/fr.ac6.mcu.externaltools.arm-none.win32_1.13.3.201707031232/tools/compiler/bin/../lib/gcc/arm-none-eabi/5.4.1/../../../../arm-none-eabi/lib/armv7e-m/fpu\libc_nano.a(lib_a-malloc.o)
                0x08003e4c                free
 .text._free_r  0x08003e5c       0x9c c:/ac6/systemworkbench/plugins/fr.ac6.mcu.externaltools.arm-none.win32_1.13.3.201707031232/tools/compiler/bin/../lib/gcc/arm-none-eabi/5.4.1/../../../../arm-none-eabi/lib/armv7e-m/fpu\libc_nano.a(lib_a-nano-freer.o)
                0x08003e5c                _free_r
 .text._malloc_r
                0x08003ef8       0xbc c:/ac6/systemworkbench/plugins/fr.ac6.mcu.externaltools.arm-none.win32_1.13.3.201707031232/tools/compiler/bin/../lib/gcc/arm-none-eabi/5.4.1/../../../../arm-none-eabi/lib/armv7e-m/fpu\libc_nano.a(lib_a-nano-mallocr.o)
                0x08003ef8                _malloc_r
 .text._sbrk_r  0x08003fb4       0x20 c:/ac6/systemworkbench/plugins/fr.ac6.mcu.externaltools.arm-none.win32_1.13.3.201707031232/tools/compiler/bin/../lib/gcc/arm-none-eabi/5.4.1/../../../../arm-none-eabi/lib/armv7e-m/fpu\libc_nano.a(lib_a-sbrkr.o)
                0x08003fb4                _sbrk_r
 .text.__malloc_lock
                0x08003fd4        0x2 c:/ac6/systemworkbench/plugins/fr.ac6.mcu.externaltools.arm-none.win32_1.13.3.201707031232/tools/compiler/bin/../lib/gcc/arm-none-eabi/5.4.1/../../../../arm-none-eabi/lib/armv7e-m/fpu\libc_nano.a(lib_a-mlock.o)
                0x08003fd4                __malloc_lock
 .text.__malloc_unlock
                0x08003fd6        0x2 c:/ac6/systemworkbench/plugins/fr.ac6.mcu.externaltools.arm-none.win32_1.13.3.201707031232/tools/compiler/bin/../lib/gcc/arm-none-eabi/5.4.1/../../../../arm-none-eabi/lib/armv7e-m/fpu\libc_nano.a(lib_a-mlock.o)
                0x08003fd6                __malloc_unlock
 .text._sbrk    0x08003fd8       0x1c c:/ac6/systemworkbench/plugins/fr.ac6.mcu.externaltools.arm-none.win32_1.13.3.201707031232/tools/compiler/bin/../lib/gcc/arm-none-eabi/5.4.1/../../../../arm-none-eabi/lib/armv7e-m/fpu\libnosys.a(sbrk.o)
                0x08003fd8                _sbrk
 *(.glue_7)
 .glue_7        0x08003ff4        0x0 linker stubs
 *(.glue_7t)
 .glue_7t       0x08003ff4        0x0 linker stubs
 *(.eh_frame)
 .eh_frame      0x08003ff4        0x0 c:/ac6/systemworkbench/plugins/fr.ac6.mcu.externaltools.arm-none.win32_1.13.3.201707031232/tools/compiler/bin/../lib/gcc/arm-none-eabi/5.4.1/armv7e-m/fpu/crtbegin.o
 *(.init)
 .init          0x08003ff4        0x4 c:/ac6/systemworkbench/plugins/fr.ac6.mcu.externaltools.arm-none.win32_1.13.3.201707031232/tools/compiler/bin/../lib/gcc/arm-none-eabi/5.4.1/armv7e-m/fpu/crti.o
                0x08003ff4                _init
 .init          0x08003ff8        0x8 c:/ac6/systemworkbench/plugins/fr.ac6.mcu.externaltools.arm-none.win32_1.13.3.201707031232/tools/compiler/bin/../lib/gcc/arm-none-eabi/5.4.1/armv7e-m/fpu/crtn.o
 *(.fini)
 .fini          0x08004000        0x4 c:/ac6/systemworkbench/plugins/fr.ac6.mcu.externaltools.arm-none.win32_1.13.3.201707031232/tools/compiler/bin/../lib/gcc/arm-none-eabi/5.4.1/armv7e-m/fpu/crti.o
                0x08004000                _fini
 .fini          0x08004004        0x8 c:/ac6/systemworkbench/plugins/fr.ac6.mcu.externaltools.arm-none.win32_1.13.3.201707031232/tools/compiler/bin/../lib/gcc/arm-none-eabi/5.4.1/armv7e-m/fpu/crtn.o
                0x0800400c                . = ALIGN (0x4)
                0x0800400c                _etext = .

.vfp11_veneer   0x0800400c        0x0
 .vfp11_veneer  0x0800400c        0x0 linker stubs

.v4_bx          0x0800400c        0x0
 .v4_bx         0x0800400c        0x0 linker stubs

.iplt           0x0800400c        0x0
 .iplt          0x0800400c        0x0 c:/ac6/systemworkbench/plugins/fr.ac6.mcu.externaltools.arm-none.win32_1.13.3.201707031232/tools/compiler/bin/../lib/gcc/arm-none-eabi/5.4.1/armv7e-m/fpu/crtbegin.o

.rodata         0x0800400c       0x94
                0x0800400c                . = ALIGN (0x4)
 *(.rodata)
 .rodata        0x0800400c       0x18 Src\system_stm32f4xx.o
                0x0800400c                AHBPrescTable
                0x0800401c                APBPrescTable
 *(.rodata*)
 .rodata.str1.4
                0x08004024        0xe Src\main.o
 *fill*         0x08004032        0x2 
 .rodata.str1.4
                0x08004034       0x13 Src\usbd_conf.o
 *fill*         0x08004047        0x1 
 .rodata.str1.4
                0x08004048       0x58 Src\usbd_desc.o
                                 0x56 (size before relaxing)
                0x080040a0                . = ALIGN (0x4)

.rel.dyn        0x080040a0        0x0
 .rel.iplt      0x080040a0        0x0 c:/ac6/systemworkbench/plugins/fr.ac6.mcu.externaltools.arm-none.win32_1.13.3.201707031232/tools/compiler/bin/../lib/gcc/arm-none-eabi/5.4.1/armv7e-m/fpu/crtbegin.o

.ARM.extab
 *(.ARM.extab* .gnu.linkonce.armextab.*)

.ARM            0x080040a0        0x0
                0x080040a0                __exidx_start = .
 *(.ARM.exidx*)
                0x080040a0                __exidx_end = .

.preinit_array  0x080040a0        0x0
                0x080040a0                PROVIDE (__preinit_array_start, .)
 *(.preinit_array*)
                0x080040a0                PROVIDE (__preinit_array_end, .)

.init_array     0x080040a0        0x4
                0x080040a0                PROVIDE (__init_array_start, .)
 *(SORT(.init_array.*))
 *(.init_array*)
 .init_array    0x080040a0        0x4 c:/ac6/systemworkbench/plugins/fr.ac6.mcu.externaltools.arm-none.win32_1.13.3.201707031232/tools/compiler/bin/../lib/gcc/arm-none-eabi/5.4.1/armv7e-m/fpu/crtbegin.o
                0x080040a4                PROVIDE (__init_array_end, .)

.fini_array     0x080040a4        0x4
                [!provide]                PROVIDE (__fini_array_start, .)
 *(SORT(.fini_array.*))
 *(.fini_array*)
 .fini_array    0x080040a4        0x4 c:/ac6/systemworkbench/plugins/fr.ac6.mcu.externaltools.arm-none.win32_1.13.3.201707031232/tools/compiler/bin/../lib/gcc/arm-none-eabi/5.4.1/armv7e-m/fpu/crtbegin.o
                [!provide]                PROVIDE (__fini_array_end, .)
                0x080040a8                _sidata = LOADADDR (.data)

.data           0x20000000      0x1bc load address 0x080040a8
                0x20000000                . = ALIGN (0x4)
                0x20000000                _sdata = .
 *(.data)
 .data          0x20000000      0x110 Middlewares\ST\STM32_USB_Device_Library\Class\CDC\Src\usbd_cdc.o
                0x20000000                USBD_CDC_CfgFSDesc
                0x20000044                USBD_CDC_CfgHSDesc
                0x20000088                USBD_CDC_OtherSpeedCfgDesc
                0x200000d8                USBD_CDC
 .data          0x20000110        0x4 Src\system_stm32f4xx.o
                0x20000110                SystemCoreClock
 .data          0x20000114       0x10 Src\usbd_cdc_if.o
                0x20000114                USBD_Interface_fops_FS
 .data          0x20000124       0x34 Src\usbd_desc.o
                0x20000124                USBD_FS_DeviceDesc
                0x20000138                USBD_LangIDDesc
                0x2000013c                FS_Desc
 *(.data*)
 .data.impure_data
                0x20000158       0x60 c:/ac6/systemworkbench/plugins/fr.ac6.mcu.externaltools.arm-none.win32_1.13.3.201707031232/tools/compiler/bin/../lib/gcc/arm-none-eabi/5.4.1/../../../../arm-none-eabi/lib/armv7e-m/fpu\libc_nano.a(lib_a-impure.o)
 .data._impure_ptr
                0x200001b8        0x4 c:/ac6/systemworkbench/plugins/fr.ac6.mcu.externaltools.arm-none.win32_1.13.3.201707031232/tools/compiler/bin/../lib/gcc/arm-none-eabi/5.4.1/../../../../arm-none-eabi/lib/armv7e-m/fpu\libc_nano.a(lib_a-impure.o)
                0x200001b8                _impure_ptr
                0x200001bc                . = ALIGN (0x4)
                0x200001bc                _edata = .

.jcr            0x200001bc        0x0 load address 0x08004264
 .jcr           0x200001bc        0x0 c:/ac6/systemworkbench/plugins/fr.ac6.mcu.externaltools.arm-none.win32_1.13.3.201707031232/tools/compiler/bin/../lib/gcc/arm-none-eabi/5.4.1/armv7e-m/fpu/crtbegin.o

.igot.plt       0x200001bc        0x0 load address 0x08004264
 .igot.plt      0x200001bc        0x0 c:/ac6/systemworkbench/plugins/fr.ac6.mcu.externaltools.arm-none.win32_1.13.3.201707031232/tools/compiler/bin/../lib/gcc/arm-none-eabi/5.4.1/armv7e-m/fpu/crtbegin.o
                0x200001bc                . = ALIGN (0x4)

.bss            0x200001bc      0x984 load address 0x08004264
                0x200001bc                _sbss = .
                0x200001bc                __bss_start__ = _sbss
 *(.bss)
 .bss           0x200001bc       0x1c c:/ac6/systemworkbench/plugins/fr.ac6.mcu.externaltools.arm-none.win32_1.13.3.201707031232/tools/compiler/bin/../lib/gcc/arm-none-eabi/5.4.1/armv7e-m/fpu/crtbegin.o
 .bss           0x200001d8        0x1 Middlewares\ST\STM32_USB_Device_Library\Class\CDC\Src\usbd_cdc.o
 .bss           0x200001d9        0x1 Middlewares\ST\STM32_USB_Device_Library\Core\Src\usbd_ctlreq.o
 *(.bss*)
 *fill*         0x200001da        0x2 
 .bss.__malloc_sbrk_start
                0x200001dc        0x4 c:/ac6/systemworkbench/plugins/fr.ac6.mcu.externaltools.arm-none.win32_1.13.3.201707031232/tools/compiler/bin/../lib/gcc/arm-none-eabi/5.4.1/../../../../arm-none-eabi/lib/armv7e-m/fpu\libc_nano.a(lib_a-nano-mallocr.o)
                0x200001dc                __malloc_sbrk_start
 .bss.__malloc_free_list
                0x200001e0        0x4 c:/ac6/systemworkbench/plugins/fr.ac6.mcu.externaltools.arm-none.win32_1.13.3.201707031232/tools/compiler/bin/../lib/gcc/arm-none-eabi/5.4.1/../../../../arm-none-eabi/lib/armv7e-m/fpu\libc_nano.a(lib_a-nano-mallocr.o)
                0x200001e0                __malloc_free_list
 .bss.heap_end.4169
                0x200001e4        0x4 c:/ac6/systemworkbench/plugins/fr.ac6.mcu.externaltools.arm-none.win32_1.13.3.201707031232/tools/compiler/bin/../lib/gcc/arm-none-eabi/5.4.1/../../../../arm-none-eabi/lib/armv7e-m/fpu\libnosys.a(sbrk.o)
 *(COMMON)
 COMMON         0x200001e8        0x4 Drivers\STM32F4xx_HAL_Driver\Src\stm32f4xx_hal.o
                0x200001e8                uwTick
 COMMON         0x200001ec       0xf8 Src\main.o
                0x200001ec                hspi5
                0x20000244                hi2c1
                0x20000298                buff
                0x200002a4                huart1
 COMMON         0x200002e4       0x3c Src\stm32f4xx_hal_timebase_TIM.o
                0x200002e4                htim1
 COMMON         0x20000320      0x224 Src\usb_device.o
                0x20000320                hUsbDeviceFS
 COMMON         0x20000544        0x8 Src\usbd_cdc_if.o
                0x20000544                UserRxBufferFS
                0x20000548                UserTxBufferFS
 COMMON         0x2000054c      0x3f0 Src\usbd_conf.o
                0x2000054c                hpcd_USB_OTG_FS
 COMMON         0x2000093c      0x200 Src\usbd_desc.o
                0x2000093c                USBD_StrDesc
 COMMON         0x20000b3c        0x4 c:/ac6/systemworkbench/plugins/fr.ac6.mcu.externaltools.arm-none.win32_1.13.3.201707031232/tools/compiler/bin/../lib/gcc/arm-none-eabi/5.4.1/../../../../arm-none-eabi/lib/armv7e-m/fpu\libc_nano.a(lib_a-reent.o)
                0x20000b3c                errno
                0x20000b40                . = ALIGN (0x4)
                0x20000b40                _ebss = .
                0x20000b40                __bss_end__ = _ebss

._user_heap_stack
                0x20000b40      0x600 load address 0x08004264
                0x20000b40                . = ALIGN (0x8)
                0x20000b40                PROVIDE (end, .)
                [!provide]                PROVIDE (_end, .)
                0x20000d40                . = (. + _Min_Heap_Size)
 *fill*         0x20000b40      0x200 
                0x20001140                . = (. + _Min_Stack_Size)
 *fill*         0x20000d40      0x400 
                0x20001140                . = ALIGN (0x8)

/DISCARD/
 libc.a(*)
 libm.a(*)
 libgcc.a(*)

.ARM.attributes
                0x00000000       0x30
 *(.ARM.attributes)
 .ARM.attributes
                0x00000000       0x22 c:/ac6/systemworkbench/plugins/fr.ac6.mcu.externaltools.arm-none.win32_1.13.3.201707031232/tools/compiler/bin/../lib/gcc/arm-none-eabi/5.4.1/armv7e-m/fpu/crti.o
 .ARM.attributes
                0x00000022       0x34 c:/ac6/systemworkbench/plugins/fr.ac6.mcu.externaltools.arm-none.win32_1.13.3.201707031232/tools/compiler/bin/../lib/gcc/arm-none-eabi/5.4.1/armv7e-m/fpu/crtbegin.o
 .ARM.attributes
                0x00000056       0x39 Drivers\STM32F4xx_HAL_Driver\Src\stm32f4xx_hal.o
 .ARM.attributes
                0x0000008f       0x39 Drivers\STM32F4xx_HAL_Driver\Src\stm32f4xx_hal_cortex.o
 .ARM.attributes
                0x000000c8       0x39 Drivers\STM32F4xx_HAL_Driver\Src\stm32f4xx_hal_gpio.o
 .ARM.attributes
                0x00000101       0x39 Drivers\STM32F4xx_HAL_Driver\Src\stm32f4xx_hal_i2c.o
 .ARM.attributes
                0x0000013a       0x39 Drivers\STM32F4xx_HAL_Driver\Src\stm32f4xx_hal_pcd.o
 .ARM.attributes
                0x00000173       0x39 Drivers\STM32F4xx_HAL_Driver\Src\stm32f4xx_hal_pcd_ex.o
 .ARM.attributes
                0x000001ac       0x39 Drivers\STM32F4xx_HAL_Driver\Src\stm32f4xx_hal_rcc.o
 .ARM.attributes
                0x000001e5       0x39 Drivers\STM32F4xx_HAL_Driver\Src\stm32f4xx_hal_spi.o
 .ARM.attributes
                0x0000021e       0x39 Drivers\STM32F4xx_HAL_Driver\Src\stm32f4xx_hal_tim.o
 .ARM.attributes
                0x00000257       0x39 Drivers\STM32F4xx_HAL_Driver\Src\stm32f4xx_hal_tim_ex.o
 .ARM.attributes
                0x00000290       0x39 Drivers\STM32F4xx_HAL_Driver\Src\stm32f4xx_hal_uart.o
 .ARM.attributes
                0x000002c9       0x39 Drivers\STM32F4xx_HAL_Driver\Src\stm32f4xx_ll_usb.o
 .ARM.attributes
                0x00000302       0x39 Middlewares\ST\STM32_USB_Device_Library\Class\CDC\Src\usbd_cdc.o
 .ARM.attributes
                0x0000033b       0x39 Middlewares\ST\STM32_USB_Device_Library\Core\Src\usbd_core.o
 .ARM.attributes
                0x00000374       0x39 Middlewares\ST\STM32_USB_Device_Library\Core\Src\usbd_ctlreq.o
 .ARM.attributes
                0x000003ad       0x39 Middlewares\ST\STM32_USB_Device_Library\Core\Src\usbd_ioreq.o
 .ARM.attributes
                0x000003e6       0x39 Src\main.o
 .ARM.attributes
                0x0000041f       0x39 Src\stm32f4xx_hal_msp.o
 .ARM.attributes
                0x00000458       0x39 Src\stm32f4xx_hal_timebase_TIM.o
 .ARM.attributes
                0x00000491       0x39 Src\stm32f4xx_it.o
 .ARM.attributes
                0x000004ca       0x39 Src\system_stm32f4xx.o
 .ARM.attributes
                0x00000503       0x39 Src\usb_device.o
 .ARM.attributes
                0x0000053c       0x39 Src\usbd_cdc_if.o
 .ARM.attributes
                0x00000575       0x39 Src\usbd_conf.o
 .ARM.attributes
                0x000005ae       0x39 Src\usbd_desc.o
 .ARM.attributes
                0x000005e7       0x21 startup\startup_stm32f411xe.o
 .ARM.attributes
                0x00000608       0x34 c:/ac6/systemworkbench/plugins/fr.ac6.mcu.externaltools.arm-none.win32_1.13.3.201707031232/tools/compiler/bin/../lib/gcc/arm-none-eabi/5.4.1/../../../../arm-none-eabi/lib/armv7e-m/fpu\libc_nano.a(lib_a-impure.o)
 .ARM.attributes
                0x0000063c       0x34 c:/ac6/systemworkbench/plugins/fr.ac6.mcu.externaltools.arm-none.win32_1.13.3.201707031232/tools/compiler/bin/../lib/gcc/arm-none-eabi/5.4.1/../../../../arm-none-eabi/lib/armv7e-m/fpu\libc_nano.a(lib_a-init.o)
 .ARM.attributes
                0x00000670       0x34 c:/ac6/systemworkbench/plugins/fr.ac6.mcu.externaltools.arm-none.win32_1.13.3.201707031232/tools/compiler/bin/../lib/gcc/arm-none-eabi/5.4.1/../../../../arm-none-eabi/lib/armv7e-m/fpu\libc_nano.a(lib_a-malloc.o)
 .ARM.attributes
                0x000006a4       0x34 c:/ac6/systemworkbench/plugins/fr.ac6.mcu.externaltools.arm-none.win32_1.13.3.201707031232/tools/compiler/bin/../lib/gcc/arm-none-eabi/5.4.1/../../../../arm-none-eabi/lib/armv7e-m/fpu\libc_nano.a(lib_a-nano-freer.o)
 .ARM.attributes
                0x000006d8       0x34 c:/ac6/systemworkbench/plugins/fr.ac6.mcu.externaltools.arm-none.win32_1.13.3.201707031232/tools/compiler/bin/../lib/gcc/arm-none-eabi/5.4.1/../../../../arm-none-eabi/lib/armv7e-m/fpu\libc_nano.a(lib_a-nano-mallocr.o)
 .ARM.attributes
                0x0000070c       0x34 c:/ac6/systemworkbench/plugins/fr.ac6.mcu.externaltools.arm-none.win32_1.13.3.201707031232/tools/compiler/bin/../lib/gcc/arm-none-eabi/5.4.1/../../../../arm-none-eabi/lib/armv7e-m/fpu\libc_nano.a(lib_a-sbrkr.o)
 .ARM.attributes
                0x00000740       0x34 c:/ac6/systemworkbench/plugins/fr.ac6.mcu.externaltools.arm-none.win32_1.13.3.201707031232/tools/compiler/bin/../lib/gcc/arm-none-eabi/5.4.1/../../../../arm-none-eabi/lib/armv7e-m/fpu\libc_nano.a(lib_a-mlock.o)
 .ARM.attributes
                0x00000774       0x34 c:/ac6/systemworkbench/plugins/fr.ac6.mcu.externaltools.arm-none.win32_1.13.3.201707031232/tools/compiler/bin/../lib/gcc/arm-none-eabi/5.4.1/../../../../arm-none-eabi/lib/armv7e-m/fpu\libc_nano.a(lib_a-reent.o)
 .ARM.attributes
                0x000007a8       0x34 c:/ac6/systemworkbench/plugins/fr.ac6.mcu.externaltools.arm-none.win32_1.13.3.201707031232/tools/compiler/bin/../lib/gcc/arm-none-eabi/5.4.1/../../../../arm-none-eabi/lib/armv7e-m/fpu\libnosys.a(sbrk.o)
 .ARM.attributes
                0x000007dc       0x22 c:/ac6/systemworkbench/plugins/fr.ac6.mcu.externaltools.arm-none.win32_1.13.3.201707031232/tools/compiler/bin/../lib/gcc/arm-none-eabi/5.4.1/armv7e-m/fpu/crtn.o
OUTPUT(accelCDC2.elf elf32-littlearm)

.debug_info     0x00000000    0x19cf9
 .debug_info    0x00000000      0x8bc Drivers\STM32F4xx_HAL_Driver\Src\stm32f4xx_hal.o
 .debug_info    0x000008bc      0xe7d Drivers\STM32F4xx_HAL_Driver\Src\stm32f4xx_hal_cortex.o
 .debug_info    0x00001739      0x753 Drivers\STM32F4xx_HAL_Driver\Src\stm32f4xx_hal_gpio.o
 .debug_info    0x00001e8c     0x2e8d Drivers\STM32F4xx_HAL_Driver\Src\stm32f4xx_hal_i2c.o
 .debug_info    0x00004d19     0x143e Drivers\STM32F4xx_HAL_Driver\Src\stm32f4xx_hal_pcd.o
 .debug_info    0x00006157      0x574 Drivers\STM32F4xx_HAL_Driver\Src\stm32f4xx_hal_pcd_ex.o
 .debug_info    0x000066cb      0xd0f Drivers\STM32F4xx_HAL_Driver\Src\stm32f4xx_hal_rcc.o
 .debug_info    0x000073da     0x19e2 Drivers\STM32F4xx_HAL_Driver\Src\stm32f4xx_hal_spi.o
 .debug_info    0x00008dbc     0x2e0c Drivers\STM32F4xx_HAL_Driver\Src\stm32f4xx_hal_tim.o
 .debug_info    0x0000bbc8     0x129d Drivers\STM32F4xx_HAL_Driver\Src\stm32f4xx_hal_tim_ex.o
 .debug_info    0x0000ce65     0x16ac Drivers\STM32F4xx_HAL_Driver\Src\stm32f4xx_hal_uart.o
 .debug_info    0x0000e511     0x16ac Drivers\STM32F4xx_HAL_Driver\Src\stm32f4xx_ll_usb.o
 .debug_info    0x0000fbbd      0xd07 Middlewares\ST\STM32_USB_Device_Library\Class\CDC\Src\usbd_cdc.o
 .debug_info    0x000108c4      0xc42 Middlewares\ST\STM32_USB_Device_Library\Core\Src\usbd_core.o
 .debug_info    0x00011506      0xdfb Middlewares\ST\STM32_USB_Device_Library\Core\Src\usbd_ctlreq.o
 .debug_info    0x00012301      0x765 Middlewares\ST\STM32_USB_Device_Library\Core\Src\usbd_ioreq.o
 .debug_info    0x00012a66     0x18e7 Src\main.o
 .debug_info    0x0001434d     0x11fa Src\stm32f4xx_hal_msp.o
 .debug_info    0x00015547      0xae6 Src\stm32f4xx_hal_timebase_TIM.o
 .debug_info    0x0001602d      0x9e7 Src\stm32f4xx_it.o
 .debug_info    0x00016a14      0x52a Src\system_stm32f4xx.o
 .debug_info    0x00016f3e      0x616 Src\usb_device.o
 .debug_info    0x00017554      0x88d Src\usbd_cdc_if.o
 .debug_info    0x00017de1     0x19cc Src\usbd_conf.o
 .debug_info    0x000197ad      0x4cc Src\usbd_desc.o
 .debug_info    0x00019c79       0x80 startup\startup_stm32f411xe.o

.debug_abbrev   0x00000000     0x33a3
 .debug_abbrev  0x00000000      0x287 Drivers\STM32F4xx_HAL_Driver\Src\stm32f4xx_hal.o
 .debug_abbrev  0x00000287      0x2fe Drivers\STM32F4xx_HAL_Driver\Src\stm32f4xx_hal_cortex.o
 .debug_abbrev  0x00000585      0x1cd Drivers\STM32F4xx_HAL_Driver\Src\stm32f4xx_hal_gpio.o
 .debug_abbrev  0x00000752      0x246 Drivers\STM32F4xx_HAL_Driver\Src\stm32f4xx_hal_i2c.o
 .debug_abbrev  0x00000998      0x283 Drivers\STM32F4xx_HAL_Driver\Src\stm32f4xx_hal_pcd.o
 .debug_abbrev  0x00000c1b      0x172 Drivers\STM32F4xx_HAL_Driver\Src\stm32f4xx_hal_pcd_ex.o
 .debug_abbrev  0x00000d8d      0x2b0 Drivers\STM32F4xx_HAL_Driver\Src\stm32f4xx_hal_rcc.o
 .debug_abbrev  0x0000103d      0x23d Drivers\STM32F4xx_HAL_Driver\Src\stm32f4xx_hal_spi.o
 .debug_abbrev  0x0000127a      0x22a Drivers\STM32F4xx_HAL_Driver\Src\stm32f4xx_hal_tim.o
 .debug_abbrev  0x000014a4      0x22a Drivers\STM32F4xx_HAL_Driver\Src\stm32f4xx_hal_tim_ex.o
 .debug_abbrev  0x000016ce      0x27e Drivers\STM32F4xx_HAL_Driver\Src\stm32f4xx_hal_uart.o
 .debug_abbrev  0x0000194c      0x242 Drivers\STM32F4xx_HAL_Driver\Src\stm32f4xx_ll_usb.o
 .debug_abbrev  0x00001b8e      0x24a Middlewares\ST\STM32_USB_Device_Library\Class\CDC\Src\usbd_cdc.o
 .debug_abbrev  0x00001dd8      0x1ef Middlewares\ST\STM32_USB_Device_Library\Core\Src\usbd_core.o
 .debug_abbrev  0x00001fc7      0x26c Middlewares\ST\STM32_USB_Device_Library\Core\Src\usbd_ctlreq.o
 .debug_abbrev  0x00002233      0x158 Middlewares\ST\STM32_USB_Device_Library\Core\Src\usbd_ioreq.o
 .debug_abbrev  0x0000238b      0x26f Src\main.o
 .debug_abbrev  0x000025fa      0x1a0 Src\stm32f4xx_hal_msp.o
 .debug_abbrev  0x0000279a      0x1e3 Src\stm32f4xx_hal_timebase_TIM.o
 .debug_abbrev  0x0000297d      0x1b4 Src\stm32f4xx_it.o
 .debug_abbrev  0x00002b31      0x104 Src\system_stm32f4xx.o
 .debug_abbrev  0x00002c35      0x170 Src\usb_device.o
 .debug_abbrev  0x00002da5      0x207 Src\usbd_cdc_if.o
 .debug_abbrev  0x00002fac      0x27e Src\usbd_conf.o
 .debug_abbrev  0x0000322a      0x167 Src\usbd_desc.o
 .debug_abbrev  0x00003391       0x12 startup\startup_stm32f411xe.o

.debug_loc      0x00000000     0xf35d
 .debug_loc     0x00000000       0x91 Drivers\STM32F4xx_HAL_Driver\Src\stm32f4xx_hal.o
 .debug_loc     0x00000091      0x548 Drivers\STM32F4xx_HAL_Driver\Src\stm32f4xx_hal_cortex.o
 .debug_loc     0x000005d9      0x39a Drivers\STM32F4xx_HAL_Driver\Src\stm32f4xx_hal_gpio.o
 .debug_loc     0x00000973     0x2ed2 Drivers\STM32F4xx_HAL_Driver\Src\stm32f4xx_hal_i2c.o
 .debug_loc     0x00003845      0xb6d Drivers\STM32F4xx_HAL_Driver\Src\stm32f4xx_hal_pcd.o
 .debug_loc     0x000043b2       0xd0 Drivers\STM32F4xx_HAL_Driver\Src\stm32f4xx_hal_pcd_ex.o
 .debug_loc     0x00004482      0x622 Drivers\STM32F4xx_HAL_Driver\Src\stm32f4xx_hal_rcc.o
 .debug_loc     0x00004aa4     0x17a8 Drivers\STM32F4xx_HAL_Driver\Src\stm32f4xx_hal_spi.o
 .debug_loc     0x0000624c     0x3284 Drivers\STM32F4xx_HAL_Driver\Src\stm32f4xx_hal_tim.o
 .debug_loc     0x000094d0      0xd74 Drivers\STM32F4xx_HAL_Driver\Src\stm32f4xx_hal_tim_ex.o
 .debug_loc     0x0000a244     0x137a Drivers\STM32F4xx_HAL_Driver\Src\stm32f4xx_hal_uart.o
 .debug_loc     0x0000b5be     0x133b Drivers\STM32F4xx_HAL_Driver\Src\stm32f4xx_ll_usb.o
 .debug_loc     0x0000c8f9      0x4b1 Middlewares\ST\STM32_USB_Device_Library\Class\CDC\Src\usbd_cdc.o
 .debug_loc     0x0000cdaa      0x629 Middlewares\ST\STM32_USB_Device_Library\Core\Src\usbd_core.o
 .debug_loc     0x0000d3d3      0xb12 Middlewares\ST\STM32_USB_Device_Library\Core\Src\usbd_ctlreq.o
 .debug_loc     0x0000dee5      0x23c Middlewares\ST\STM32_USB_Device_Library\Core\Src\usbd_ioreq.o
 .debug_loc     0x0000e121       0x21 Src\main.o
 .debug_loc     0x0000e142       0xe7 Src\stm32f4xx_hal_msp.o
 .debug_loc     0x0000e229       0x6a Src\stm32f4xx_hal_timebase_TIM.o
 .debug_loc     0x0000e293      0x132 Src\system_stm32f4xx.o
 .debug_loc     0x0000e3c5      0x177 Src\usbd_cdc_if.o
 .debug_loc     0x0000e53c      0xb6a Src\usbd_conf.o
 .debug_loc     0x0000f0a6      0x2b7 Src\usbd_desc.o

.debug_aranges  0x00000000     0x14f8
 .debug_aranges
                0x00000000       0xc8 Drivers\STM32F4xx_HAL_Driver\Src\stm32f4xx_hal.o
 .debug_aranges
                0x000000c8       0xa8 Drivers\STM32F4xx_HAL_Driver\Src\stm32f4xx_hal_cortex.o
 .debug_aranges
                0x00000170       0x58 Drivers\STM32F4xx_HAL_Driver\Src\stm32f4xx_hal_gpio.o
 .debug_aranges
                0x000001c8      0x268 Drivers\STM32F4xx_HAL_Driver\Src\stm32f4xx_hal_i2c.o
 .debug_aranges
                0x00000430      0x120 Drivers\STM32F4xx_HAL_Driver\Src\stm32f4xx_hal_pcd.o
 .debug_aranges
                0x00000550       0x28 Drivers\STM32F4xx_HAL_Driver\Src\stm32f4xx_hal_pcd_ex.o
 .debug_aranges
                0x00000578       0x88 Drivers\STM32F4xx_HAL_Driver\Src\stm32f4xx_hal_rcc.o
 .debug_aranges
                0x00000600      0x1c8 Drivers\STM32F4xx_HAL_Driver\Src\stm32f4xx_hal_spi.o
 .debug_aranges
                0x000007c8      0x368 Drivers\STM32F4xx_HAL_Driver\Src\stm32f4xx_hal_tim.o
 .debug_aranges
                0x00000b30      0x140 Drivers\STM32F4xx_HAL_Driver\Src\stm32f4xx_hal_tim_ex.o
 .debug_aranges
                0x00000c70      0x1d0 Drivers\STM32F4xx_HAL_Driver\Src\stm32f4xx_hal_uart.o
 .debug_aranges
                0x00000e40      0x180 Drivers\STM32F4xx_HAL_Driver\Src\stm32f4xx_ll_usb.o
 .debug_aranges
                0x00000fc0       0x90 Middlewares\ST\STM32_USB_Device_Library\Class\CDC\Src\usbd_cdc.o
 .debug_aranges
                0x00001050       0xb8 Middlewares\ST\STM32_USB_Device_Library\Core\Src\usbd_core.o
 .debug_aranges
                0x00001108       0x88 Middlewares\ST\STM32_USB_Device_Library\Core\Src\usbd_ctlreq.o
 .debug_aranges
                0x00001190       0x50 Middlewares\ST\STM32_USB_Device_Library\Core\Src\usbd_ioreq.o
 .debug_aranges
                0x000011e0       0x58 Src\main.o
 .debug_aranges
                0x00001238       0x50 Src\stm32f4xx_hal_msp.o
 .debug_aranges
                0x00001288       0x30 Src\stm32f4xx_hal_timebase_TIM.o
 .debug_aranges
                0x000012b8       0x40 Src\stm32f4xx_it.o
 .debug_aranges
                0x000012f8       0x28 Src\system_stm32f4xx.o
 .debug_aranges
                0x00001320       0x20 Src\usb_device.o
 .debug_aranges
                0x00001340       0x48 Src\usbd_cdc_if.o
 .debug_aranges
                0x00001388       0xf8 Src\usbd_conf.o
 .debug_aranges
                0x00001480       0x50 Src\usbd_desc.o
 .debug_aranges
                0x000014d0       0x28 startup\startup_stm32f411xe.o

.debug_ranges   0x00000000     0x1360
 .debug_ranges  0x00000000       0xb8 Drivers\STM32F4xx_HAL_Driver\Src\stm32f4xx_hal.o
 .debug_ranges  0x000000b8       0x98 Drivers\STM32F4xx_HAL_Driver\Src\stm32f4xx_hal_cortex.o
 .debug_ranges  0x00000150       0x48 Drivers\STM32F4xx_HAL_Driver\Src\stm32f4xx_hal_gpio.o
 .debug_ranges  0x00000198      0x258 Drivers\STM32F4xx_HAL_Driver\Src\stm32f4xx_hal_i2c.o
 .debug_ranges  0x000003f0      0x110 Drivers\STM32F4xx_HAL_Driver\Src\stm32f4xx_hal_pcd.o
 .debug_ranges  0x00000500       0x18 Drivers\STM32F4xx_HAL_Driver\Src\stm32f4xx_hal_pcd_ex.o
 .debug_ranges  0x00000518       0x78 Drivers\STM32F4xx_HAL_Driver\Src\stm32f4xx_hal_rcc.o
 .debug_ranges  0x00000590      0x1b8 Drivers\STM32F4xx_HAL_Driver\Src\stm32f4xx_hal_spi.o
 .debug_ranges  0x00000748      0x358 Drivers\STM32F4xx_HAL_Driver\Src\stm32f4xx_hal_tim.o
 .debug_ranges  0x00000aa0      0x130 Drivers\STM32F4xx_HAL_Driver\Src\stm32f4xx_hal_tim_ex.o
 .debug_ranges  0x00000bd0      0x1c0 Drivers\STM32F4xx_HAL_Driver\Src\stm32f4xx_hal_uart.o
 .debug_ranges  0x00000d90      0x170 Drivers\STM32F4xx_HAL_Driver\Src\stm32f4xx_ll_usb.o
 .debug_ranges  0x00000f00       0x80 Middlewares\ST\STM32_USB_Device_Library\Class\CDC\Src\usbd_cdc.o
 .debug_ranges  0x00000f80       0xa8 Middlewares\ST\STM32_USB_Device_Library\Core\Src\usbd_core.o
 .debug_ranges  0x00001028       0x78 Middlewares\ST\STM32_USB_Device_Library\Core\Src\usbd_ctlreq.o
 .debug_ranges  0x000010a0       0x40 Middlewares\ST\STM32_USB_Device_Library\Core\Src\usbd_ioreq.o
 .debug_ranges  0x000010e0       0x48 Src\main.o
 .debug_ranges  0x00001128       0x40 Src\stm32f4xx_hal_msp.o
 .debug_ranges  0x00001168       0x20 Src\stm32f4xx_hal_timebase_TIM.o
 .debug_ranges  0x00001188       0x30 Src\stm32f4xx_it.o
 .debug_ranges  0x000011b8       0x18 Src\system_stm32f4xx.o
 .debug_ranges  0x000011d0       0x10 Src\usb_device.o
 .debug_ranges  0x000011e0       0x38 Src\usbd_cdc_if.o
 .debug_ranges  0x00001218       0xe8 Src\usbd_conf.o
 .debug_ranges  0x00001300       0x40 Src\usbd_desc.o
 .debug_ranges  0x00001340       0x20 startup\startup_stm32f411xe.o

.debug_macro    0x00000000    0x1aa00
 .debug_macro   0x00000000      0x3b4 Drivers\STM32F4xx_HAL_Driver\Src\stm32f4xx_hal.o
 .debug_macro   0x000003b4      0x898 Drivers\STM32F4xx_HAL_Driver\Src\stm32f4xx_hal.o
 .debug_macro   0x00000c4c      0x185 Drivers\STM32F4xx_HAL_Driver\Src\stm32f4xx_hal.o
 .debug_macro   0x00000dd1      0x192 Drivers\STM32F4xx_HAL_Driver\Src\stm32f4xx_hal.o
 .debug_macro   0x00000f63       0x33 Drivers\STM32F4xx_HAL_Driver\Src\stm32f4xx_hal.o
 .debug_macro   0x00000f96       0x28 Drivers\STM32F4xx_HAL_Driver\Src\stm32f4xx_hal.o
 .debug_macro   0x00000fbe       0x22 Drivers\STM32F4xx_HAL_Driver\Src\stm32f4xx_hal.o
 .debug_macro   0x00000fe0       0x87 Drivers\STM32F4xx_HAL_Driver\Src\stm32f4xx_hal.o
 .debug_macro   0x00001067       0x44 Drivers\STM32F4xx_HAL_Driver\Src\stm32f4xx_hal.o
 .debug_macro   0x000010ab       0xfd Drivers\STM32F4xx_HAL_Driver\Src\stm32f4xx_hal.o
 .debug_macro   0x000011a8       0x5e Drivers\STM32F4xx_HAL_Driver\Src\stm32f4xx_hal.o
 .debug_macro   0x00001206      0x1df Drivers\STM32F4xx_HAL_Driver\Src\stm32f4xx_hal.o
 .debug_macro   0x000013e5       0x35 Drivers\STM32F4xx_HAL_Driver\Src\stm32f4xx_hal.o
 .debug_macro   0x0000141a       0x50 Drivers\STM32F4xx_HAL_Driver\Src\stm32f4xx_hal.o
 .debug_macro   0x0000146a      0xe66 Drivers\STM32F4xx_HAL_Driver\Src\stm32f4xx_hal.o
 .debug_macro   0x000022d0     0xb906 Drivers\STM32F4xx_HAL_Driver\Src\stm32f4xx_hal.o
 .debug_macro   0x0000dbd6       0x43 Drivers\STM32F4xx_HAL_Driver\Src\stm32f4xx_hal.o
 .debug_macro   0x0000dc19     0x3574 Drivers\STM32F4xx_HAL_Driver\Src\stm32f4xx_hal.o
 .debug_macro   0x0001118d       0x52 Drivers\STM32F4xx_HAL_Driver\Src\stm32f4xx_hal.o
 .debug_macro   0x000111df       0x35 Drivers\STM32F4xx_HAL_Driver\Src\stm32f4xx_hal.o
 .debug_macro   0x00011214       0x9c Drivers\STM32F4xx_HAL_Driver\Src\stm32f4xx_hal.o
 .debug_macro   0x000112b0       0x16 Drivers\STM32F4xx_HAL_Driver\Src\stm32f4xx_hal.o
 .debug_macro   0x000112c6       0x97 Drivers\STM32F4xx_HAL_Driver\Src\stm32f4xx_hal.o
 .debug_macro   0x0001135d      0x30d Drivers\STM32F4xx_HAL_Driver\Src\stm32f4xx_hal.o
 .debug_macro   0x0001166a       0xfd Drivers\STM32F4xx_HAL_Driver\Src\stm32f4xx_hal.o
 .debug_macro   0x00011767       0x10 Drivers\STM32F4xx_HAL_Driver\Src\stm32f4xx_hal.o
 .debug_macro   0x00011777       0x52 Drivers\STM32F4xx_HAL_Driver\Src\stm32f4xx_hal.o
 .debug_macro   0x000117c9       0x1f Drivers\STM32F4xx_HAL_Driver\Src\stm32f4xx_hal.o
 .debug_macro   0x000117e8       0x43 Drivers\STM32F4xx_HAL_Driver\Src\stm32f4xx_hal.o
 .debug_macro   0x0001182b       0x20 Drivers\STM32F4xx_HAL_Driver\Src\stm32f4xx_hal.o
 .debug_macro   0x0001184b      0x187 Drivers\STM32F4xx_HAL_Driver\Src\stm32f4xx_hal.o
 .debug_macro   0x000119d2       0x10 Drivers\STM32F4xx_HAL_Driver\Src\stm32f4xx_hal.o
 .debug_macro   0x000119e2       0x1c Drivers\STM32F4xx_HAL_Driver\Src\stm32f4xx_hal.o
 .debug_macro   0x000119fe       0x52 Drivers\STM32F4xx_HAL_Driver\Src\stm32f4xx_hal.o
 .debug_macro   0x00011a50       0x40 Drivers\STM32F4xx_HAL_Driver\Src\stm32f4xx_hal.o
 .debug_macro   0x00011a90       0x10 Drivers\STM32F4xx_HAL_Driver\Src\stm32f4xx_hal.o
 .debug_macro   0x00011aa0       0x40 Drivers\STM32F4xx_HAL_Driver\Src\stm32f4xx_hal.o
 .debug_macro   0x00011ae0       0xd7 Drivers\STM32F4xx_HAL_Driver\Src\stm32f4xx_hal.o
 .debug_macro   0x00011bb7       0x16 Drivers\STM32F4xx_HAL_Driver\Src\stm32f4xx_hal.o
 .debug_macro   0x00011bcd      0x18b Drivers\STM32F4xx_HAL_Driver\Src\stm32f4xx_hal.o
 .debug_macro   0x00011d58       0x50 Drivers\STM32F4xx_HAL_Driver\Src\stm32f4xx_hal.o
 .debug_macro   0x00011da8      0x447 Drivers\STM32F4xx_HAL_Driver\Src\stm32f4xx_hal.o
 .debug_macro   0x000121ef      0x9e1 Drivers\STM32F4xx_HAL_Driver\Src\stm32f4xx_hal.o
 .debug_macro   0x00012bd0      0x11e Drivers\STM32F4xx_HAL_Driver\Src\stm32f4xx_hal.o
 .debug_macro   0x00012cee      0x11b Drivers\STM32F4xx_HAL_Driver\Src\stm32f4xx_hal.o
 .debug_macro   0x00012e09       0x27 Drivers\STM32F4xx_HAL_Driver\Src\stm32f4xx_hal.o
 .debug_macro   0x00012e30      0x287 Drivers\STM32F4xx_HAL_Driver\Src\stm32f4xx_hal.o
 .debug_macro   0x000130b7       0x5f Drivers\STM32F4xx_HAL_Driver\Src\stm32f4xx_hal.o
 .debug_macro   0x00013116      0x23a Drivers\STM32F4xx_HAL_Driver\Src\stm32f4xx_hal.o
 .debug_macro   0x00013350      0x13a Drivers\STM32F4xx_HAL_Driver\Src\stm32f4xx_hal.o
 .debug_macro   0x0001348a      0x264 Drivers\STM32F4xx_HAL_Driver\Src\stm32f4xx_hal.o
 .debug_macro   0x000136ee       0x2e Drivers\STM32F4xx_HAL_Driver\Src\stm32f4xx_hal.o
 .debug_macro   0x0001371c      0x1a7 Drivers\STM32F4xx_HAL_Driver\Src\stm32f4xx_hal.o
 .debug_macro   0x000138c3       0x22 Drivers\STM32F4xx_HAL_Driver\Src\stm32f4xx_hal.o
 .debug_macro   0x000138e5       0xa5 Drivers\STM32F4xx_HAL_Driver\Src\stm32f4xx_hal.o
 .debug_macro   0x0001398a      0x11e Drivers\STM32F4xx_HAL_Driver\Src\stm32f4xx_hal.o
 .debug_macro   0x00013aa8       0x85 Drivers\STM32F4xx_HAL_Driver\Src\stm32f4xx_hal.o
 .debug_macro   0x00013b2d       0x89 Drivers\STM32F4xx_HAL_Driver\Src\stm32f4xx_hal.o
 .debug_macro   0x00013bb6      0x202 Drivers\STM32F4xx_HAL_Driver\Src\stm32f4xx_hal.o
 .debug_macro   0x00013db8      0x6e0 Drivers\STM32F4xx_HAL_Driver\Src\stm32f4xx_hal.o
 .debug_macro   0x00014498       0x5b Drivers\STM32F4xx_HAL_Driver\Src\stm32f4xx_hal.o
 .debug_macro   0x000144f3      0x14d Drivers\STM32F4xx_HAL_Driver\Src\stm32f4xx_hal.o
 .debug_macro   0x00014640      0x287 Drivers\STM32F4xx_HAL_Driver\Src\stm32f4xx_hal.o
 .debug_macro   0x000148c7      0x1df Drivers\STM32F4xx_HAL_Driver\Src\stm32f4xx_hal.o
 .debug_macro   0x00014aa6      0x115 Drivers\STM32F4xx_HAL_Driver\Src\stm32f4xx_hal.o
 .debug_macro   0x00014bbb      0x11e Drivers\STM32F4xx_HAL_Driver\Src\stm32f4xx_hal.o
 .debug_macro   0x00014cd9      0x354 Drivers\STM32F4xx_HAL_Driver\Src\stm32f4xx_hal_cortex.o
 .debug_macro   0x0001502d      0x38c Drivers\STM32F4xx_HAL_Driver\Src\stm32f4xx_hal_gpio.o
 .debug_macro   0x000153b9      0x394 Drivers\STM32F4xx_HAL_Driver\Src\stm32f4xx_hal_i2c.o
 .debug_macro   0x0001574d      0x360 Drivers\STM32F4xx_HAL_Driver\Src\stm32f4xx_hal_pcd.o
 .debug_macro   0x00015aad      0x354 Drivers\STM32F4xx_HAL_Driver\Src\stm32f4xx_hal_pcd_ex.o
 .debug_macro   0x00015e01      0x37e Drivers\STM32F4xx_HAL_Driver\Src\stm32f4xx_hal_rcc.o
 .debug_macro   0x0001617f      0x35c Drivers\STM32F4xx_HAL_Driver\Src\stm32f4xx_hal_spi.o
 .debug_macro   0x000164db      0x355 Drivers\STM32F4xx_HAL_Driver\Src\stm32f4xx_hal_tim.o
 .debug_macro   0x00016830      0x354 Drivers\STM32F4xx_HAL_Driver\Src\stm32f4xx_hal_tim_ex.o
 .debug_macro   0x00016b84      0x355 Drivers\STM32F4xx_HAL_Driver\Src\stm32f4xx_hal_uart.o
 .debug_macro   0x00016ed9      0x35b Drivers\STM32F4xx_HAL_Driver\Src\stm32f4xx_ll_usb.o
 .debug_macro   0x00017234      0x40a Middlewares\ST\STM32_USB_Device_Library\Class\CDC\Src\usbd_cdc.o
 .debug_macro   0x0001763e       0x4c Middlewares\ST\STM32_USB_Device_Library\Class\CDC\Src\usbd_cdc.o
 .debug_macro   0x0001768a       0x8d Middlewares\ST\STM32_USB_Device_Library\Class\CDC\Src\usbd_cdc.o
 .debug_macro   0x00017717       0x4a Middlewares\ST\STM32_USB_Device_Library\Class\CDC\Src\usbd_cdc.o
 .debug_macro   0x00017761       0x16 Middlewares\ST\STM32_USB_Device_Library\Class\CDC\Src\usbd_cdc.o
 .debug_macro   0x00017777       0x35 Middlewares\ST\STM32_USB_Device_Library\Class\CDC\Src\usbd_cdc.o
 .debug_macro   0x000177ac       0x16 Middlewares\ST\STM32_USB_Device_Library\Class\CDC\Src\usbd_cdc.o
 .debug_macro   0x000177c2       0x29 Middlewares\ST\STM32_USB_Device_Library\Class\CDC\Src\usbd_cdc.o
 .debug_macro   0x000177eb       0x16 Middlewares\ST\STM32_USB_Device_Library\Class\CDC\Src\usbd_cdc.o
 .debug_macro   0x00017801       0x71 Middlewares\ST\STM32_USB_Device_Library\Class\CDC\Src\usbd_cdc.o
 .debug_macro   0x00017872      0x1c3 Middlewares\ST\STM32_USB_Device_Library\Class\CDC\Src\usbd_cdc.o
 .debug_macro   0x00017a35       0x83 Middlewares\ST\STM32_USB_Device_Library\Class\CDC\Src\usbd_cdc.o
 .debug_macro   0x00017ab8      0x3e3 Middlewares\ST\STM32_USB_Device_Library\Core\Src\usbd_core.o
 .debug_macro   0x00017e9b      0x1c9 Middlewares\ST\STM32_USB_Device_Library\Core\Src\usbd_core.o
 .debug_macro   0x00018064      0x3ed Middlewares\ST\STM32_USB_Device_Library\Core\Src\usbd_ctlreq.o
 .debug_macro   0x00018451      0x3e9 Middlewares\ST\STM32_USB_Device_Library\Core\Src\usbd_ioreq.o
 .debug_macro   0x0001883a      0x41a Src\main.o
 .debug_macro   0x00018c54      0x354 Src\stm32f4xx_hal_msp.o
 .debug_macro   0x00018fa8      0x354 Src\stm32f4xx_hal_timebase_TIM.o
 .debug_macro   0x000192fc      0x35e Src\stm32f4xx_it.o
 .debug_macro   0x0001965a      0x35a Src\system_stm32f4xx.o
 .debug_macro   0x000199b4      0x424 Src\usb_device.o
 .debug_macro   0x00019dd8      0x40e Src\usbd_cdc_if.o
 .debug_macro   0x0001a1e6      0x3f3 Src\usbd_conf.o
 .debug_macro   0x0001a5d9      0x427 Src\usbd_desc.o

.debug_line     0x00000000    0x11867
 .debug_line    0x00000000      0x91a Drivers\STM32F4xx_HAL_Driver\Src\stm32f4xx_hal.o
 .debug_line    0x0000091a      0x977 Drivers\STM32F4xx_HAL_Driver\Src\stm32f4xx_hal_cortex.o
 .debug_line    0x00001291      0x8d1 Drivers\STM32F4xx_HAL_Driver\Src\stm32f4xx_hal_gpio.o
 .debug_line    0x00001b62     0x17b4 Drivers\STM32F4xx_HAL_Driver\Src\stm32f4xx_hal_i2c.o
 .debug_line    0x00003316      0xc4b Drivers\STM32F4xx_HAL_Driver\Src\stm32f4xx_hal_pcd.o
 .debug_line    0x00003f61      0x7b5 Drivers\STM32F4xx_HAL_Driver\Src\stm32f4xx_hal_pcd_ex.o
 .debug_line    0x00004716      0xa97 Drivers\STM32F4xx_HAL_Driver\Src\stm32f4xx_hal_rcc.o
 .debug_line    0x000051ad     0x10e5 Drivers\STM32F4xx_HAL_Driver\Src\stm32f4xx_hal_spi.o
 .debug_line    0x00006292     0x162d Drivers\STM32F4xx_HAL_Driver\Src\stm32f4xx_hal_tim.o
 .debug_line    0x000078bf      0xd11 Drivers\STM32F4xx_HAL_Driver\Src\stm32f4xx_hal_tim_ex.o
 .debug_line    0x000085d0     0x1014 Drivers\STM32F4xx_HAL_Driver\Src\stm32f4xx_hal_uart.o
 .debug_line    0x000095e4      0xd81 Drivers\STM32F4xx_HAL_Driver\Src\stm32f4xx_ll_usb.o
 .debug_line    0x0000a365      0xa14 Middlewares\ST\STM32_USB_Device_Library\Class\CDC\Src\usbd_cdc.o
 .debug_line    0x0000ad79      0xa22 Middlewares\ST\STM32_USB_Device_Library\Core\Src\usbd_core.o
 .debug_line    0x0000b79b      0xa20 Middlewares\ST\STM32_USB_Device_Library\Core\Src\usbd_ctlreq.o
 .debug_line    0x0000c1bb      0x8cf Middlewares\ST\STM32_USB_Device_Library\Core\Src\usbd_ioreq.o
 .debug_line    0x0000ca8a      0x9a2 Src\main.o
 .debug_line    0x0000d42c      0x80b Src\stm32f4xx_hal_msp.o
 .debug_line    0x0000dc37      0x7a3 Src\stm32f4xx_hal_timebase_TIM.o
 .debug_line    0x0000e3da      0x7b9 Src\stm32f4xx_it.o
 .debug_line    0x0000eb93      0x793 Src\system_stm32f4xx.o
 .debug_line    0x0000f326      0x8a6 Src\usb_device.o
 .debug_line    0x0000fbcc      0x8e9 Src\usbd_cdc_if.o
 .debug_line    0x000104b5      0xa83 Src\usbd_conf.o
 .debug_line    0x00010f38      0x8b0 Src\usbd_desc.o
 .debug_line    0x000117e8       0x7f startup\startup_stm32f411xe.o

.debug_str      0x00000000    0x8def9
 .debug_str     0x00000000    0x87bc5 Drivers\STM32F4xx_HAL_Driver\Src\stm32f4xx_hal.o
                              0x87f4c (size before relaxing)
 .debug_str     0x00087bc5      0x3b8 Drivers\STM32F4xx_HAL_Driver\Src\stm32f4xx_hal_cortex.o
                              0x87d02 (size before relaxing)
 .debug_str     0x00087f7d      0x28c Drivers\STM32F4xx_HAL_Driver\Src\stm32f4xx_hal_gpio.o
                              0x877ff (size before relaxing)
 .debug_str     0x00088209      0xf02 Drivers\STM32F4xx_HAL_Driver\Src\stm32f4xx_hal_i2c.o
                              0x88408 (size before relaxing)
 .debug_str     0x0008910b      0x9a5 Drivers\STM32F4xx_HAL_Driver\Src\stm32f4xx_hal_pcd.o
                              0x87e86 (size before relaxing)
 .debug_str     0x00089ab0       0x4f Drivers\STM32F4xx_HAL_Driver\Src\stm32f4xx_hal_pcd_ex.o
                              0x877bc (size before relaxing)
 .debug_str     0x00089aff      0x373 Drivers\STM32F4xx_HAL_Driver\Src\stm32f4xx_hal_rcc.o
                              0x879fc (size before relaxing)
 .debug_str     0x00089e72      0x6a5 Drivers\STM32F4xx_HAL_Driver\Src\stm32f4xx_hal_spi.o
                              0x87de3 (size before relaxing)
 .debug_str     0x0008a517      0xe7a Drivers\STM32F4xx_HAL_Driver\Src\stm32f4xx_hal_tim.o
                              0x885e3 (size before relaxing)
 .debug_str     0x0008b391      0x4f4 Drivers\STM32F4xx_HAL_Driver\Src\stm32f4xx_hal_tim_ex.o
                              0x87ea3 (size before relaxing)
 .debug_str     0x0008b885      0x675 Drivers\STM32F4xx_HAL_Driver\Src\stm32f4xx_hal_uart.o
                              0x87e32 (size before relaxing)
 .debug_str     0x0008befa      0x3d1 Drivers\STM32F4xx_HAL_Driver\Src\stm32f4xx_ll_usb.o
                              0x87ded (size before relaxing)
 .debug_str     0x0008c2cb     0x1278 Middlewares\ST\STM32_USB_Device_Library\Class\CDC\Src\usbd_cdc.o
                              0x887c1 (size before relaxing)
 .debug_str     0x0008d543      0x294 Middlewares\ST\STM32_USB_Device_Library\Core\Src\usbd_core.o
                              0x884a2 (size before relaxing)
 .debug_str     0x0008d7d7      0x125 Middlewares\ST\STM32_USB_Device_Library\Core\Src\usbd_ctlreq.o
                              0x883bc (size before relaxing)
 .debug_str     0x0008d8fc       0x51 Middlewares\ST\STM32_USB_Device_Library\Core\Src\usbd_ioreq.o
                              0x882e9 (size before relaxing)
 .debug_str     0x0008d94d       0xef Src\main.o
                              0x892c6 (size before relaxing)
 .debug_str     0x0008da3c       0x1b Src\stm32f4xx_hal_msp.o
                              0x881d7 (size before relaxing)
 .debug_str     0x0008da57       0x61 Src\stm32f4xx_hal_timebase_TIM.o
                              0x87e42 (size before relaxing)
 .debug_str     0x0008dab8       0x8e Src\stm32f4xx_it.o
                              0x87ba5 (size before relaxing)
 .debug_str     0x0008db46       0x5a Src\system_stm32f4xx.o
                              0x875e7 (size before relaxing)
 .debug_str     0x0008dba0       0x40 Src\usb_device.o
                              0x88554 (size before relaxing)
 .debug_str     0x0008dbe0       0x91 Src\usbd_cdc_if.o
                              0x8865d (size before relaxing)
 .debug_str     0x0008dc71       0x51 Src\usbd_conf.o
                              0x88f93 (size before relaxing)
 .debug_str     0x0008dcc2      0x237 Src\usbd_desc.o
                              0x88184 (size before relaxing)

.comment        0x00000000       0x6e
 .comment       0x00000000       0x6e Drivers\STM32F4xx_HAL_Driver\Src\stm32f4xx_hal.o
                                 0x6f (size before relaxing)
 .comment       0x0000006e       0x6f Drivers\STM32F4xx_HAL_Driver\Src\stm32f4xx_hal_cortex.o
 .comment       0x0000006e       0x6f Drivers\STM32F4xx_HAL_Driver\Src\stm32f4xx_hal_gpio.o
 .comment       0x0000006e       0x6f Drivers\STM32F4xx_HAL_Driver\Src\stm32f4xx_hal_i2c.o
 .comment       0x0000006e       0x6f Drivers\STM32F4xx_HAL_Driver\Src\stm32f4xx_hal_pcd.o
 .comment       0x0000006e       0x6f Drivers\STM32F4xx_HAL_Driver\Src\stm32f4xx_hal_pcd_ex.o
 .comment       0x0000006e       0x6f Drivers\STM32F4xx_HAL_Driver\Src\stm32f4xx_hal_rcc.o
 .comment       0x0000006e       0x6f Drivers\STM32F4xx_HAL_Driver\Src\stm32f4xx_hal_spi.o
 .comment       0x0000006e       0x6f Drivers\STM32F4xx_HAL_Driver\Src\stm32f4xx_hal_tim.o
 .comment       0x0000006e       0x6f Drivers\STM32F4xx_HAL_Driver\Src\stm32f4xx_hal_tim_ex.o
 .comment       0x0000006e       0x6f Drivers\STM32F4xx_HAL_Driver\Src\stm32f4xx_hal_uart.o
 .comment       0x0000006e       0x6f Drivers\STM32F4xx_HAL_Driver\Src\stm32f4xx_ll_usb.o
 .comment       0x0000006e       0x6f Middlewares\ST\STM32_USB_Device_Library\Class\CDC\Src\usbd_cdc.o
 .comment       0x0000006e       0x6f Middlewares\ST\STM32_USB_Device_Library\Core\Src\usbd_core.o
 .comment       0x0000006e       0x6f Middlewares\ST\STM32_USB_Device_Library\Core\Src\usbd_ctlreq.o
 .comment       0x0000006e       0x6f Middlewares\ST\STM32_USB_Device_Library\Core\Src\usbd_ioreq.o
 .comment       0x0000006e       0x6f Src\main.o
 .comment       0x0000006e       0x6f Src\stm32f4xx_hal_msp.o
 .comment       0x0000006e       0x6f Src\stm32f4xx_hal_timebase_TIM.o
 .comment       0x0000006e       0x6f Src\stm32f4xx_it.o
 .comment       0x0000006e       0x6f Src\system_stm32f4xx.o
 .comment       0x0000006e       0x6f Src\usb_device.o
 .comment       0x0000006e       0x6f Src\usbd_cdc_if.o
 .comment       0x0000006e       0x6f Src\usbd_conf.o
 .comment       0x0000006e       0x6f Src\usbd_desc.o

.debug_frame    0x00000000     0x3a4c
 .debug_frame   0x00000000      0x198 Drivers\STM32F4xx_HAL_Driver\Src\stm32f4xx_hal.o
 .debug_frame   0x00000198      0x154 Drivers\STM32F4xx_HAL_Driver\Src\stm32f4xx_hal_cortex.o
 .debug_frame   0x000002ec       0xc4 Drivers\STM32F4xx_HAL_Driver\Src\stm32f4xx_hal_gpio.o
 .debug_frame   0x000003b0      0x808 Drivers\STM32F4xx_HAL_Driver\Src\stm32f4xx_hal_i2c.o
 .debug_frame   0x00000bb8      0x30c Drivers\STM32F4xx_HAL_Driver\Src\stm32f4xx_hal_pcd.o
 .debug_frame   0x00000ec4       0x3c Drivers\STM32F4xx_HAL_Driver\Src\stm32f4xx_hal_pcd_ex.o
 .debug_frame   0x00000f00      0x150 Drivers\STM32F4xx_HAL_Driver\Src\stm32f4xx_hal_rcc.o
 .debug_frame   0x00001050      0x548 Drivers\STM32F4xx_HAL_Driver\Src\stm32f4xx_hal_spi.o
 .debug_frame   0x00001598      0x9cc Drivers\STM32F4xx_HAL_Driver\Src\stm32f4xx_hal_tim.o
 .debug_frame   0x00001f64      0x3b0 Drivers\STM32F4xx_HAL_Driver\Src\stm32f4xx_hal_tim_ex.o
 .debug_frame   0x00002314      0x4e8 Drivers\STM32F4xx_HAL_Driver\Src\stm32f4xx_hal_uart.o
 .debug_frame   0x000027fc      0x494 Drivers\STM32F4xx_HAL_Driver\Src\stm32f4xx_ll_usb.o
 .debug_frame   0x00002c90      0x154 Middlewares\ST\STM32_USB_Device_Library\Class\CDC\Src\usbd_cdc.o
 .debug_frame   0x00002de4      0x1bc Middlewares\ST\STM32_USB_Device_Library\Core\Src\usbd_core.o
 .debug_frame   0x00002fa0      0x178 Middlewares\ST\STM32_USB_Device_Library\Core\Src\usbd_ctlreq.o
 .debug_frame   0x00003118       0xb8 Middlewares\ST\STM32_USB_Device_Library\Core\Src\usbd_ioreq.o
 .debug_frame   0x000031d0       0xe0 Src\main.o
 .debug_frame   0x000032b0       0xec Src\stm32f4xx_hal_msp.o
 .debug_frame   0x0000339c       0x50 Src\stm32f4xx_hal_timebase_TIM.o
 .debug_frame   0x000033ec       0x78 Src\stm32f4xx_it.o
 .debug_frame   0x00003464       0x30 Src\system_stm32f4xx.o
 .debug_frame   0x00003494       0x28 Src\usb_device.o
 .debug_frame   0x000034bc       0x94 Src\usbd_cdc_if.o
 .debug_frame   0x00003550      0x2bc Src\usbd_conf.o
 .debug_frame   0x0000380c       0xa8 Src\usbd_desc.o
 .debug_frame   0x000038b4       0x2c c:/ac6/systemworkbench/plugins/fr.ac6.mcu.externaltools.arm-none.win32_1.13.3.201707031232/tools/compiler/bin/../lib/gcc/arm-none-eabi/5.4.1/../../../../arm-none-eabi/lib/armv7e-m/fpu\libc_nano.a(lib_a-init.o)
 .debug_frame   0x000038e0       0x30 c:/ac6/systemworkbench/plugins/fr.ac6.mcu.externaltools.arm-none.win32_1.13.3.201707031232/tools/compiler/bin/../lib/gcc/arm-none-eabi/5.4.1/../../../../arm-none-eabi/lib/armv7e-m/fpu\libc_nano.a(lib_a-malloc.o)
 .debug_frame   0x00003910       0x38 c:/ac6/systemworkbench/plugins/fr.ac6.mcu.externaltools.arm-none.win32_1.13.3.201707031232/tools/compiler/bin/../lib/gcc/arm-none-eabi/5.4.1/../../../../arm-none-eabi/lib/armv7e-m/fpu\libc_nano.a(lib_a-nano-freer.o)
 .debug_frame   0x00003948       0x2c c:/ac6/systemworkbench/plugins/fr.ac6.mcu.externaltools.arm-none.win32_1.13.3.201707031232/tools/compiler/bin/../lib/gcc/arm-none-eabi/5.4.1/../../../../arm-none-eabi/lib/armv7e-m/fpu\libc_nano.a(lib_a-nano-mallocr.o)
 .debug_frame   0x00003974       0x2c c:/ac6/systemworkbench/plugins/fr.ac6.mcu.externaltools.arm-none.win32_1.13.3.201707031232/tools/compiler/bin/../lib/gcc/arm-none-eabi/5.4.1/../../../../arm-none-eabi/lib/armv7e-m/fpu\libc_nano.a(lib_a-sbrkr.o)
 .debug_frame   0x000039a0       0x30 c:/ac6/systemworkbench/plugins/fr.ac6.mcu.externaltools.arm-none.win32_1.13.3.201707031232/tools/compiler/bin/../lib/gcc/arm-none-eabi/5.4.1/../../../../arm-none-eabi/lib/armv7e-m/fpu\libc_nano.a(lib_a-mlock.o)
 .debug_frame   0x000039d0       0x5c c:/ac6/systemworkbench/plugins/fr.ac6.mcu.externaltools.arm-none.win32_1.13.3.201707031232/tools/compiler/bin/../lib/gcc/arm-none-eabi/5.4.1/../../../../arm-none-eabi/lib/armv7e-m/fpu\libc_nano.a(lib_a-reent.o)
 .debug_frame   0x00003a2c       0x20 c:/ac6/systemworkbench/plugins/fr.ac6.mcu.externaltools.arm-none.win32_1.13.3.201707031232/tools/compiler/bin/../lib/gcc/arm-none-eabi/5.4.1/../../../../arm-none-eabi/lib/armv7e-m/fpu\libnosys.a(sbrk.o)
