Archive member included to satisfy reference by file (symbol)

c:/ac6/systemworkbench/plugins/fr.ac6.mcu.externaltools.arm-none.win32_1.13.3.201707031232/tools/compiler/bin/../lib/gcc/arm-none-eabi/5.4.1/../../../../arm-none-eabi/lib/armv7e-m/fpu\libc_nano.a(lib_a-exit.o)
                              c:/ac6/systemworkbench/plugins/fr.ac6.mcu.externaltools.arm-none.win32_1.13.3.201707031232/tools/compiler/bin/../lib/gcc/arm-none-eabi/5.4.1/../../../../arm-none-eabi/lib/armv7e-m/fpu/crt0.o (exit)
c:/ac6/systemworkbench/plugins/fr.ac6.mcu.externaltools.arm-none.win32_1.13.3.201707031232/tools/compiler/bin/../lib/gcc/arm-none-eabi/5.4.1/../../../../arm-none-eabi/lib/armv7e-m/fpu\libc_nano.a(lib_a-impure.o)
                              c:/ac6/systemworkbench/plugins/fr.ac6.mcu.externaltools.arm-none.win32_1.13.3.201707031232/tools/compiler/bin/../lib/gcc/arm-none-eabi/5.4.1/../../../../arm-none-eabi/lib/armv7e-m/fpu\libc_nano.a(lib_a-exit.o) (_global_impure_ptr)
c:/ac6/systemworkbench/plugins/fr.ac6.mcu.externaltools.arm-none.win32_1.13.3.201707031232/tools/compiler/bin/../lib/gcc/arm-none-eabi/5.4.1/../../../../arm-none-eabi/lib/armv7e-m/fpu\libc_nano.a(lib_a-init.o)
                              c:/ac6/systemworkbench/plugins/fr.ac6.mcu.externaltools.arm-none.win32_1.13.3.201707031232/tools/compiler/bin/../lib/gcc/arm-none-eabi/5.4.1/../../../../arm-none-eabi/lib/armv7e-m/fpu/crt0.o (__libc_init_array)
c:/ac6/systemworkbench/plugins/fr.ac6.mcu.externaltools.arm-none.win32_1.13.3.201707031232/tools/compiler/bin/../lib/gcc/arm-none-eabi/5.4.1/../../../../arm-none-eabi/lib/armv7e-m/fpu\libc_nano.a(lib_a-malloc.o)
                              Middlewares\ST\STM32_USB_Device_Library\Class\CDC\Src\usbd_cdc.o (malloc)
c:/ac6/systemworkbench/plugins/fr.ac6.mcu.externaltools.arm-none.win32_1.13.3.201707031232/tools/compiler/bin/../lib/gcc/arm-none-eabi/5.4.1/../../../../arm-none-eabi/lib/armv7e-m/fpu\libc_nano.a(lib_a-memset.o)
                              c:/ac6/systemworkbench/plugins/fr.ac6.mcu.externaltools.arm-none.win32_1.13.3.201707031232/tools/compiler/bin/../lib/gcc/arm-none-eabi/5.4.1/../../../../arm-none-eabi/lib/armv7e-m/fpu/crt0.o (memset)
c:/ac6/systemworkbench/plugins/fr.ac6.mcu.externaltools.arm-none.win32_1.13.3.201707031232/tools/compiler/bin/../lib/gcc/arm-none-eabi/5.4.1/../../../../arm-none-eabi/lib/armv7e-m/fpu\libc_nano.a(lib_a-nano-freer.o)
                              c:/ac6/systemworkbench/plugins/fr.ac6.mcu.externaltools.arm-none.win32_1.13.3.201707031232/tools/compiler/bin/../lib/gcc/arm-none-eabi/5.4.1/../../../../arm-none-eabi/lib/armv7e-m/fpu\libc_nano.a(lib_a-malloc.o) (_free_r)
c:/ac6/systemworkbench/plugins/fr.ac6.mcu.externaltools.arm-none.win32_1.13.3.201707031232/tools/compiler/bin/../lib/gcc/arm-none-eabi/5.4.1/../../../../arm-none-eabi/lib/armv7e-m/fpu\libc_nano.a(lib_a-nano-mallocr.o)
                              c:/ac6/systemworkbench/plugins/fr.ac6.mcu.externaltools.arm-none.win32_1.13.3.201707031232/tools/compiler/bin/../lib/gcc/arm-none-eabi/5.4.1/../../../../arm-none-eabi/lib/armv7e-m/fpu\libc_nano.a(lib_a-malloc.o) (_malloc_r)
c:/ac6/systemworkbench/plugins/fr.ac6.mcu.externaltools.arm-none.win32_1.13.3.201707031232/tools/compiler/bin/../lib/gcc/arm-none-eabi/5.4.1/../../../../arm-none-eabi/lib/armv7e-m/fpu\libc_nano.a(lib_a-sbrkr.o)
                              c:/ac6/systemworkbench/plugins/fr.ac6.mcu.externaltools.arm-none.win32_1.13.3.201707031232/tools/compiler/bin/../lib/gcc/arm-none-eabi/5.4.1/../../../../arm-none-eabi/lib/armv7e-m/fpu\libc_nano.a(lib_a-nano-mallocr.o) (_sbrk_r)
c:/ac6/systemworkbench/plugins/fr.ac6.mcu.externaltools.arm-none.win32_1.13.3.201707031232/tools/compiler/bin/../lib/gcc/arm-none-eabi/5.4.1/../../../../arm-none-eabi/lib/armv7e-m/fpu\libc_nano.a(lib_a-strcmp.o)
                              Src\main.o (strcmp)
c:/ac6/systemworkbench/plugins/fr.ac6.mcu.externaltools.arm-none.win32_1.13.3.201707031232/tools/compiler/bin/../lib/gcc/arm-none-eabi/5.4.1/../../../../arm-none-eabi/lib/armv7e-m/fpu\libc_nano.a(lib_a-strncpy.o)
                              Src\main.o (strncpy)
c:/ac6/systemworkbench/plugins/fr.ac6.mcu.externaltools.arm-none.win32_1.13.3.201707031232/tools/compiler/bin/../lib/gcc/arm-none-eabi/5.4.1/../../../../arm-none-eabi/lib/armv7e-m/fpu\libc_nano.a(lib_a-mlock.o)
                              c:/ac6/systemworkbench/plugins/fr.ac6.mcu.externaltools.arm-none.win32_1.13.3.201707031232/tools/compiler/bin/../lib/gcc/arm-none-eabi/5.4.1/../../../../arm-none-eabi/lib/armv7e-m/fpu\libc_nano.a(lib_a-nano-freer.o) (__malloc_lock)
c:/ac6/systemworkbench/plugins/fr.ac6.mcu.externaltools.arm-none.win32_1.13.3.201707031232/tools/compiler/bin/../lib/gcc/arm-none-eabi/5.4.1/../../../../arm-none-eabi/lib/armv7e-m/fpu\libc_nano.a(lib_a-reent.o)
[...]
Memory Configuration

Name             Origin             Length             Attributes
RAM              0x20000000         0x00020000         xrw
FLASH            0x08000000         0x00080000         xr
*default*        0x00000000         0xffffffff

Linker script and memory map

LOAD c:/ac6/systemworkbench/plugins/fr.ac6.mcu.externaltools.arm-none.win32_1.13.3.201707031232/tools/compiler/bin/../lib/gcc/arm-none-eabi/5.4.1/armv7e-m/fpu/crti.o
LOAD c:/ac6/systemworkbench/plugins/fr.ac6.mcu.externaltools.arm-none.win32_1.13.3.201707031232/tools/compiler/bin/../lib/gcc/arm-none-eabi/5.4.1/armv7e-m/fpu/crtbegin.o
LOAD c:/ac6/systemworkbench/plugins/fr.ac6.mcu.externaltools.arm-none.win32_1.13.3.201707031232/tools/compiler/bin/../lib/gcc/arm-none-eabi/5.4.1/../../../../arm-none-eabi/lib/armv7e-m/fpu/crt0.o
LOAD c:/ac6/systemworkbench/plugins/fr.ac6.mcu.externaltools.arm-none.win32_1.13.3.201707031232/tools/compiler/bin/../lib/gcc/arm-none-eabi/5.4.1/../../../../arm-none-eabi/lib/armv7e-m/fpu\libm.a
LOAD Drivers\STM32F4xx_HAL_Driver\Src\stm32f4xx_hal.o
LOAD Drivers\STM32F4xx_HAL_Driver\Src\stm32f4xx_hal_cortex.o
LOAD Drivers\STM32F4xx_HAL_Driver\Src\stm32f4xx_hal_dma.o
LOAD Drivers\STM32F4xx_HAL_Driver\Src\stm32f4xx_hal_dma_ex.o
LOAD Drivers\STM32F4xx_HAL_Driver\Src\stm32f4xx_hal_flash.o
LOAD Drivers\STM32F4xx_HAL_Driver\Src\stm32f4xx_hal_flash_ex.o
LOAD Drivers\STM32F4xx_HAL_Driver\Src\stm32f4xx_hal_flash_ramfunc.o
LOAD Drivers\STM32F4xx_HAL_Driver\Src\stm32f4xx_hal_gpio.o
LOAD Drivers\STM32F4xx_HAL_Driver\Src\stm32f4xx_hal_i2c.o
LOAD Drivers\STM32F4xx_HAL_Driver\Src\stm32f4xx_hal_i2c_ex.o
LOAD Drivers\STM32F4xx_HAL_Driver\Src\stm32f4xx_hal_pcd.o
LOAD Drivers\STM32F4xx_HAL_Driver\Src\stm32f4xx_hal_pcd_ex.o
LOAD Drivers\STM32F4xx_HAL_Driver\Src\stm32f4xx_hal_pwr.o
LOAD Drivers\STM32F4xx_HAL_Driver\Src\stm32f4xx_hal_pwr_ex.o
LOAD Drivers\STM32F4xx_HAL_Driver\Src\stm32f4xx_hal_rcc.o
LOAD Drivers\STM32F4xx_HAL_Driver\Src\stm32f4xx_hal_rcc_ex.o
LOAD Drivers\STM32F4xx_HAL_Driver\Src\stm32f4xx_hal_spi.o
LOAD Drivers\STM32F4xx_HAL_Driver\Src\stm32f4xx_hal_tim.o
LOAD Drivers\STM32F4xx_HAL_Driver\Src\stm32f4xx_hal_tim_ex.o
LOAD Drivers\STM32F4xx_HAL_Driver\Src\stm32f4xx_hal_uart.o
LOAD Drivers\STM32F4xx_HAL_Driver\Src\stm32f4xx_ll_usb.o
LOAD Middlewares\ST\STM32_USB_Device_Library\Class\CDC\Src\usbd_cdc.o
LOAD Middlewares\ST\STM32_USB_Device_Library\Core\Src\usbd_core.o
LOAD Middlewares\ST\STM32_USB_Device_Library\Core\Src\usbd_ctlreq.o
LOAD Middlewares\ST\STM32_USB_Device_Library\Core\Src\usbd_ioreq.o
LOAD Src\main.o
LOAD Src\stm32f4xx_hal_msp.o
LOAD Src\stm32f4xx_hal_timebase_TIM.o
LOAD Src\stm32f4xx_it.o
LOAD Src\system_stm32f4xx.o
LOAD Src\usb_device.o
LOAD Src\usbd_cdc_if.o
LOAD Src\usbd_conf.o
LOAD Src\usbd_desc.o
LOAD startup\startup_stm32f411xe.o
START GROUP
LOAD c:/ac6/systemworkbench/plugins/fr.ac6.mcu.externaltools.arm-none.win32_1.13.3.201707031232/tools/compiler/bin/../lib/gcc/arm-none-eabi/5.4.1/armv7e-m/fpu\libgcc.a
LOAD c:/ac6/systemworkbench/plugins/fr.ac6.mcu.externaltools.arm-none.win32_1.13.3.201707031232/tools/compiler/bin/../lib/gcc/arm-none-eabi/5.4.1/../../../../arm-none-eabi/lib/armv7e-m/fpu\libc_nano.a
END GROUP
START GROUP
LOAD c:/ac6/systemworkbench/plugins/fr.ac6.mcu.externaltools.arm-none.win32_1.13.3.201707031232/tools/compiler/bin/../lib/gcc/arm-none-eabi/5.4.1/armv7e-m/fpu\libgcc.a
LOAD c:/ac6/systemworkbench/plugins/fr.ac6.mcu.externaltools.arm-none.win32_1.13.3.201707031232/tools/compiler/bin/../lib/gcc/arm-none-eabi/5.4.1/../../../../arm-none-eabi/lib/armv7e-m/fpu\libc_nano.a
LOAD c:/ac6/systemworkbench/plugins/fr.ac6.mcu.externaltools.arm-none.win32_1.13.3.201707031232/tools/compiler/bin/../lib/gcc/arm-none-eabi/5.4.1/../../../../arm-none-eabi/lib/armv7e-m/fpu\libnosys.a
END GROUP
START GROUP
LOAD c:/ac6/systemworkbench/plugins/fr.ac6.mcu.externaltools.arm-none.win32_1.13.3.201707031232/tools/compiler/bin/../lib/gcc/arm-none-eabi/5.4.1/armv7e-m/fpu\libgcc.a
LOAD c:/ac6/systemworkbench/plugins/fr.ac6.mcu.externaltools.arm-none.win32_1.13.3.201707031232/tools/compiler/bin/../lib/gcc/arm-none-eabi/5.4.1/../../../../arm-none-eabi/lib/armv7e-m/fpu\libc_nano.a
LOAD c:/ac6/systemworkbench/plugins/fr.ac6.mcu.externaltools.arm-none.win32_1.13.3.201707031232/tools/compiler/bin/../lib/gcc/arm-none-eabi/5.4.1/../../../../arm-none-eabi/lib/armv7e-m/fpu\libnosys.a
END GROUP
LOAD c:/ac6/systemworkbench/plugins/fr.ac6.mcu.externaltools.arm-none.win32_1.13.3.201707031232/tools/compiler/bin/../lib/gcc/arm-none-eabi/5.4.1/armv7e-m/fpu/crtend.o
LOAD c:/ac6/systemworkbench/plugins/fr.ac6.mcu.externaltools.arm-none.win32_1.13.3.201707031232/tools/compiler/bin/../lib/gcc/arm-none-eabi/5.4.1/armv7e-m/fpu/crtn.o
                0x20020000                _estack = 0x20020000
                0x00000200                _Min_Heap_Size = 0x200
                0x00000400                _Min_Stack_Size = 0x400

.isr_vector     0x08000000      0x198
                0x08000000                . = ALIGN (0x4)
 *(.isr_vector)
 .isr_vector    0x08000000      0x198 startup\startup_stm32f411xe.o
                0x08000000                g_pfnVectors
                0x08000198                . = ALIGN (0x4)

.text           0x08000198     0x4d9c
                0x08000198                . = ALIGN (0x4)
 *(.text)
 .text          0x08000198       0x5c c:/ac6/systemworkbench/plugins/fr.ac6.mcu.externaltools.arm-none.win32_1.13.3.201707031232/tools/compiler/bin/../lib/gcc/arm-none-eabi/5.4.1/armv7e-m/fpu/crtbegin.o
 .text          0x080001f4       0x14 c:/ac6/systemworkbench/plugins/fr.ac6.mcu.externaltools.arm-none.win32_1.13.3.201707031232/tools/compiler/bin/../lib/gcc/arm-none-eabi/5.4.1/../../../../arm-none-eabi/lib/armv7e-m/fpu\libc_nano.a(lib_a-strcmp.o)
                0x080001f4                strcmp
 *(.text*)
 .text.HAL_Init
                0x08000208       0x34 Drivers\STM32F4xx_HAL_Driver\Src\stm32f4xx_hal.o
                0x08000208                HAL_Init
 .text.HAL_IncTick
                0x0800023c       0x10 Drivers\STM32F4xx_HAL_Driver\Src\stm32f4xx_hal.o
                0x0800023c                HAL_IncTick
 .text.HAL_GetTick
                0x0800024c        0xc Drivers\STM32F4xx_HAL_Driver\Src\stm32f4xx_hal.o
                0x0800024c                HAL_GetTick
 .text.HAL_Delay
                0x08000258       0x24 Drivers\STM32F4xx_HAL_Driver\Src\stm32f4xx_hal.o
                0x08000258                HAL_Delay
 .text.HAL_NVIC_SetPriorityGrouping
                0x0800027c       0x24 Drivers\STM32F4xx_HAL_Driver\Src\stm32f4xx_hal_cortex.o
                0x0800027c                HAL_NVIC_SetPriorityGrouping
 .text.HAL_NVIC_SetPriority
                0x080002a0       0x64 Drivers\STM32F4xx_HAL_Driver\Src\stm32f4xx_hal_cortex.o
                0x080002a0                HAL_NVIC_SetPriority
 .text.HAL_NVIC_EnableIRQ
                0x08000304       0x18 Drivers\STM32F4xx_HAL_Driver\Src\stm32f4xx_hal_cortex.o
                0x08000304                HAL_NVIC_EnableIRQ
 .text.HAL_SYSTICK_Config
                0x0800031c       0x2c Drivers\STM32F4xx_HAL_Driver\Src\stm32f4xx_hal_cortex.o
                0x0800031c                HAL_SYSTICK_Config
 .text.HAL_SYSTICK_CLKSourceConfig
                0x08000348       0x20 Drivers\STM32F4xx_HAL_Driver\Src\stm32f4xx_hal_cortex.o
                0x08000348                HAL_SYSTICK_CLKSourceConfig
 .text.HAL_SYSTICK_Callback
                0x08000368        0x4 Drivers\STM32F4xx_HAL_Driver\Src\stm32f4xx_hal_cortex.o
                0x08000368                HAL_SYSTICK_Callback
 .text.HAL_SYSTICK_IRQHandler
                0x0800036c        0x8 Drivers\STM32F4xx_HAL_Driver\Src\stm32f4xx_hal_cortex.o
                0x0800036c                HAL_SYSTICK_IRQHandler
 .text.HAL_GPIO_Init
                0x08000374      0x19c Drivers\STM32F4xx_HAL_Driver\Src\stm32f4xx_hal_gpio.o
                0x08000374                HAL_GPIO_Init
 .text.HAL_GPIO_WritePin
                0x08000510        0xc Drivers\STM32F4xx_HAL_Driver\Src\stm32f4xx_hal_gpio.o
                0x08000510                HAL_GPIO_WritePin
 .text.I2C_IsAcknowledgeFailed
                0x0800051c       0x2c Drivers\STM32F4xx_HAL_Driver\Src\stm32f4xx_hal_i2c.o
 .text.I2C_WaitOnFlagUntilTimeout
                0x08000548       0x68 Drivers\STM32F4xx_HAL_Driver\Src\stm32f4xx_hal_i2c.o
 .text.I2C_WaitOnMasterAddressFlagUntilTimeout
                0x080005b0       0x94 Drivers\STM32F4xx_HAL_Driver\Src\stm32f4xx_hal_i2c.o
 .text.I2C_MasterRequestWrite
                0x08000644       0xbc Drivers\STM32F4xx_HAL_Driver\Src\stm32f4xx_hal_i2c.o
 .text.I2C_WaitOnTXEFlagUntilTimeout
                0x08000700       0x50 Drivers\STM32F4xx_HAL_Driver\Src\stm32f4xx_hal_i2c.o
 .text.I2C_RequestMemoryRead
                0x08000750      0x148 Drivers\STM32F4xx_HAL_Driver\Src\stm32f4xx_hal_i2c.o
 .text.I2C_WaitOnBTFFlagUntilTimeout
                0x08000898       0x50 Drivers\STM32F4xx_HAL_Driver\Src\stm32f4xx_hal_i2c.o
 .text.I2C_WaitOnRXNEFlagUntilTimeout
                0x080008e8       0x60 Drivers\STM32F4xx_HAL_Driver\Src\stm32f4xx_hal_i2c.o
 .text.HAL_I2C_Init
                0x08000948      0x11c Drivers\STM32F4xx_HAL_Driver\Src\stm32f4xx_hal_i2c.o
                0x08000948                HAL_I2C_Init
 .text.HAL_I2C_Master_Transmit
                0x08000a64      0x180 Drivers\STM32F4xx_HAL_Driver\Src\stm32f4xx_hal_i2c.o
                0x08000a64                HAL_I2C_Master_Transmit
 .text.HAL_I2C_Mem_Read
                0x08000be4      0x300 Drivers\STM32F4xx_HAL_Driver\Src\stm32f4xx_hal_i2c.o
                0x08000be4                HAL_I2C_Mem_Read
 .text.PCD_WriteEmptyTxFifo
                0x08000ee4       0xb0 Drivers\STM32F4xx_HAL_Driver\Src\stm32f4xx_hal_pcd.o
 .text.HAL_PCD_Init
                0x08000f94       0xe4 Drivers\STM32F4xx_HAL_Driver\Src\stm32f4xx_hal_pcd.o
                0x08000f94                HAL_PCD_Init
 .text.HAL_PCD_Start
                0x08001078       0x2c Drivers\STM32F4xx_HAL_Driver\Src\stm32f4xx_hal_pcd.o
                0x08001078                HAL_PCD_Start
 .text.HAL_PCD_IRQHandler
                0x080010a4      0x57c Drivers\STM32F4xx_HAL_Driver\Src\stm32f4xx_hal_pcd.o
                0x080010a4                HAL_PCD_IRQHandler
 .text.HAL_PCD_SetAddress
                0x08001620       0x24 Drivers\STM32F4xx_HAL_Driver\Src\stm32f4xx_hal_pcd.o
                0x08001620                HAL_PCD_SetAddress
 .text.HAL_PCD_EP_Open
                0x08001644       0x68 Drivers\STM32F4xx_HAL_Driver\Src\stm32f4xx_hal_pcd.o
                0x08001644                HAL_PCD_EP_Open
 .text.HAL_PCD_EP_Close
                0x080016ac       0x58 Drivers\STM32F4xx_HAL_Driver\Src\stm32f4xx_hal_pcd.o
                0x080016ac                HAL_PCD_EP_Close
 .text.HAL_PCD_EP_Receive
                0x08001704       0x58 Drivers\STM32F4xx_HAL_Driver\Src\stm32f4xx_hal_pcd.o
                0x08001704                HAL_PCD_EP_Receive
 .text.HAL_PCD_EP_GetRxCount
                0x0800175c       0x14 Drivers\STM32F4xx_HAL_Driver\Src\stm32f4xx_hal_pcd.o
                0x0800175c                HAL_PCD_EP_GetRxCount
 .text.HAL_PCD_EP_Transmit
                0x08001770       0x50 Drivers\STM32F4xx_HAL_Driver\Src\stm32f4xx_hal_pcd.o
                0x08001770                HAL_PCD_EP_Transmit
 .text.HAL_PCD_EP_SetStall
                0x080017c0       0x64 Drivers\STM32F4xx_HAL_Driver\Src\stm32f4xx_hal_pcd.o
                0x080017c0                HAL_PCD_EP_SetStall
 .text.HAL_PCD_EP_ClrStall
                0x08001824       0x58 Drivers\STM32F4xx_HAL_Driver\Src\stm32f4xx_hal_pcd.o
                0x08001824                HAL_PCD_EP_ClrStall
 .text.HAL_PCDEx_SetTxFiFo
                0x0800187c       0x48 Drivers\STM32F4xx_HAL_Driver\Src\stm32f4xx_hal_pcd_ex.o
                0x0800187c                HAL_PCDEx_SetTxFiFo
 .text.HAL_PCDEx_SetRxFiFo
                0x080018c4        0x8 Drivers\STM32F4xx_HAL_Driver\Src\stm32f4xx_hal_pcd_ex.o
                0x080018c4                HAL_PCDEx_SetRxFiFo
 .text.HAL_RCC_OscConfig
                0x080018cc      0x3c8 Drivers\STM32F4xx_HAL_Driver\Src\stm32f4xx_hal_rcc.o
                0x080018cc                HAL_RCC_OscConfig
 .text.HAL_RCC_GetSysClockFreq
                0x08001c94       0xa4 Drivers\STM32F4xx_HAL_Driver\Src\stm32f4xx_hal_rcc.o
                0x08001c94                HAL_RCC_GetSysClockFreq
 .text.HAL_RCC_ClockConfig
                0x08001d38      0x1b0 Drivers\STM32F4xx_HAL_Driver\Src\stm32f4xx_hal_rcc.o
                0x08001d38                HAL_RCC_ClockConfig
 .text.HAL_RCC_GetHCLKFreq
                0x08001ee8        0xc Drivers\STM32F4xx_HAL_Driver\Src\stm32f4xx_hal_rcc.o
                0x08001ee8                HAL_RCC_GetHCLKFreq
 .text.HAL_RCC_GetPCLK1Freq
                0x08001ef4       0x30 Drivers\STM32F4xx_HAL_Driver\Src\stm32f4xx_hal_rcc.o
                0x08001ef4                HAL_RCC_GetPCLK1Freq
 .text.HAL_RCC_GetPCLK2Freq
                0x08001f24       0x30 Drivers\STM32F4xx_HAL_Driver\Src\stm32f4xx_hal_rcc.o
                0x08001f24                HAL_RCC_GetPCLK2Freq
 .text.HAL_RCC_GetClockConfig
                0x08001f54       0x3c Drivers\STM32F4xx_HAL_Driver\Src\stm32f4xx_hal_rcc.o
                0x08001f54                HAL_RCC_GetClockConfig
 .text.HAL_SPI_Init
                0x08001f90       0x84 Drivers\STM32F4xx_HAL_Driver\Src\stm32f4xx_hal_spi.o
                0x08001f90                HAL_SPI_Init
 .text.TIM_OC1_SetConfig
                0x08002014       0x54 Drivers\STM32F4xx_HAL_Driver\Src\stm32f4xx_hal_tim.o
 .text.TIM_OC3_SetConfig
                0x08002068       0x58 Drivers\STM32F4xx_HAL_Driver\Src\stm32f4xx_hal_tim.o
 .text.TIM_OC4_SetConfig
                0x080020c0       0x48 Drivers\STM32F4xx_HAL_Driver\Src\stm32f4xx_hal_tim.o
 .text.HAL_TIM_Base_MspInit
                0x08002108        0x4 Drivers\STM32F4xx_HAL_Driver\Src\stm32f4xx_hal_tim.o
                0x08002108                HAL_TIM_Base_MspInit
 .text.HAL_TIM_Base_Start_IT
                0x0800210c       0x18 Drivers\STM32F4xx_HAL_Driver\Src\stm32f4xx_hal_tim.o
                0x0800210c                HAL_TIM_Base_Start_IT
 .text.HAL_TIM_OC_DelayElapsedCallback
                0x08002124        0x4 Drivers\STM32F4xx_HAL_Driver\Src\stm32f4xx_hal_tim.o
                0x08002124                HAL_TIM_OC_DelayElapsedCallback
 .text.HAL_TIM_IC_CaptureCallback
                0x08002128        0x4 Drivers\STM32F4xx_HAL_Driver\Src\stm32f4xx_hal_tim.o
                0x08002128                HAL_TIM_IC_CaptureCallback
 .text.HAL_TIM_PWM_PulseFinishedCallback
                0x0800212c        0x4 Drivers\STM32F4xx_HAL_Driver\Src\stm32f4xx_hal_tim.o
                0x0800212c                HAL_TIM_PWM_PulseFinishedCallback
 .text.HAL_TIM_TriggerCallback
                0x08002130        0x4 Drivers\STM32F4xx_HAL_Driver\Src\stm32f4xx_hal_tim.o
                0x08002130                HAL_TIM_TriggerCallback
 .text.HAL_TIM_IRQHandler
                0x08002134      0x174 Drivers\STM32F4xx_HAL_Driver\Src\stm32f4xx_hal_tim.o
                0x08002134                HAL_TIM_IRQHandler
 .text.TIM_Base_SetConfig
                0x080022a8       0xcc Drivers\STM32F4xx_HAL_Driver\Src\stm32f4xx_hal_tim.o
                0x080022a8                TIM_Base_SetConfig
 .text.HAL_TIM_Base_Init
                0x08002374       0x38 Drivers\STM32F4xx_HAL_Driver\Src\stm32f4xx_hal_tim.o
                0x08002374                HAL_TIM_Base_Init
 .text.HAL_TIM_PWM_Init
                0x080023ac       0x38 Drivers\STM32F4xx_HAL_Driver\Src\stm32f4xx_hal_tim.o
                0x080023ac                HAL_TIM_PWM_Init
 .text.TIM_OC2_SetConfig
                0x080023e4       0x5c Drivers\STM32F4xx_HAL_Driver\Src\stm32f4xx_hal_tim.o
                0x080023e4                TIM_OC2_SetConfig
 .text.HAL_TIM_PWM_ConfigChannel
                0x08002440       0xdc Drivers\STM32F4xx_HAL_Driver\Src\stm32f4xx_hal_tim.o
                0x08002440                HAL_TIM_PWM_ConfigChannel
 .text.TIM_CCxChannelCmd
                0x0800251c       0x20 Drivers\STM32F4xx_HAL_Driver\Src\stm32f4xx_hal_tim.o
                0x0800251c                TIM_CCxChannelCmd
 .text.HAL_TIM_PWM_Start
                0x0800253c       0x30 Drivers\STM32F4xx_HAL_Driver\Src\stm32f4xx_hal_tim.o
                0x0800253c                HAL_TIM_PWM_Start
 .text.HAL_TIM_PWM_Stop
                0x0800256c       0x5c Drivers\STM32F4xx_HAL_Driver\Src\stm32f4xx_hal_tim.o
                0x0800256c                HAL_TIM_PWM_Stop
 .text.HAL_TIMEx_MasterConfigSynchronization
                0x080025c8       0x54 Drivers\STM32F4xx_HAL_Driver\Src\stm32f4xx_hal_tim_ex.o
                0x080025c8                HAL_TIMEx_MasterConfigSynchronization
 .text.HAL_TIMEx_CommutationCallback
                0x0800261c        0x4 Drivers\STM32F4xx_HAL_Driver\Src\stm32f4xx_hal_tim_ex.o
                0x0800261c                HAL_TIMEx_CommutationCallback
 .text.HAL_TIMEx_BreakCallback
                0x08002620        0x4 Drivers\STM32F4xx_HAL_Driver\Src\stm32f4xx_hal_tim_ex.o
                0x08002620                HAL_TIMEx_BreakCallback
 .text.UART_SetConfig
                0x08002624      0x32c Drivers\STM32F4xx_HAL_Driver\Src\stm32f4xx_hal_uart.o
 .text.HAL_UART_Init
                0x08002950       0x64 Drivers\STM32F4xx_HAL_Driver\Src\stm32f4xx_hal_uart.o
                0x08002950                HAL_UART_Init
 .text.USB_CoreInit
                0x080029b4       0x78 Drivers\STM32F4xx_HAL_Driver\Src\stm32f4xx_ll_usb.o
                0x080029b4                USB_CoreInit
 .text.USB_EnableGlobalInt
                0x08002a2c        0xc Drivers\STM32F4xx_HAL_Driver\Src\stm32f4xx_ll_usb.o
                0x08002a2c                USB_EnableGlobalInt
 .text.USB_DisableGlobalInt
                0x08002a38        0xc Drivers\STM32F4xx_HAL_Driver\Src\stm32f4xx_ll_usb.o
                0x08002a38                USB_DisableGlobalInt
 .text.USB_SetCurrentMode
                0x08002a44       0x2c Drivers\STM32F4xx_HAL_Driver\Src\stm32f4xx_ll_usb.o
                0x08002a44                USB_SetCurrentMode
 .text.USB_DevInit
                0x08002a70      0x14c Drivers\STM32F4xx_HAL_Driver\Src\stm32f4xx_ll_usb.o
                0x08002a70                USB_DevInit
 .text.USB_FlushTxFifo
                0x08002bbc       0x28 Drivers\STM32F4xx_HAL_Driver\Src\stm32f4xx_ll_usb.o
                0x08002bbc                USB_FlushTxFifo
 .text.USB_FlushRxFifo
                0x08002be4       0x24 Drivers\STM32F4xx_HAL_Driver\Src\stm32f4xx_ll_usb.o
                0x08002be4                USB_FlushRxFifo
 .text.USB_SetDevSpeed
                0x08002c08       0x10 Drivers\STM32F4xx_HAL_Driver\Src\stm32f4xx_ll_usb.o
                0x08002c08                USB_SetDevSpeed
 .text.USB_GetDevSpeed
                0x08002c18       0x40 Drivers\STM32F4xx_HAL_Driver\Src\stm32f4xx_ll_usb.o
                0x08002c18                USB_GetDevSpeed
 .text.USB_ActivateEndpoint
                0x08002c58       0x98 Drivers\STM32F4xx_HAL_Driver\Src\stm32f4xx_ll_usb.o
                0x08002c58                USB_ActivateEndpoint
 .text.USB_DeactivateEndpoint
                0x08002cf0       0xf4 Drivers\STM32F4xx_HAL_Driver\Src\stm32f4xx_ll_usb.o
                0x08002cf0                USB_DeactivateEndpoint
 .text.USB_EPStartXfer
                0x08002de4      0x258 Drivers\STM32F4xx_HAL_Driver\Src\stm32f4xx_ll_usb.o
                0x08002de4                USB_EPStartXfer
 .text.USB_EP0StartXfer
                0x0800303c      0x160 Drivers\STM32F4xx_HAL_Driver\Src\stm32f4xx_ll_usb.o
                0x0800303c                USB_EP0StartXfer
 .text.USB_WritePacket
                0x0800319c       0x2c Drivers\STM32F4xx_HAL_Driver\Src\stm32f4xx_ll_usb.o
                0x0800319c                USB_WritePacket
 .text.USB_ReadPacket
                0x080031c8       0x24 Drivers\STM32F4xx_HAL_Driver\Src\stm32f4xx_ll_usb.o
                0x080031c8                USB_ReadPacket
 .text.USB_EPSetStall
                0x080031ec       0x64 Drivers\STM32F4xx_HAL_Driver\Src\stm32f4xx_ll_usb.o
                0x080031ec                USB_EPSetStall
 .text.USB_EPClearStall
                0x08003250       0x68 Drivers\STM32F4xx_HAL_Driver\Src\stm32f4xx_ll_usb.o
                0x08003250                USB_EPClearStall
 .text.USB_SetDevAddress
                0x080032b8       0x20 Drivers\STM32F4xx_HAL_Driver\Src\stm32f4xx_ll_usb.o
                0x080032b8                USB_SetDevAddress
 .text.USB_DevConnect
                0x080032d8       0x18 Drivers\STM32F4xx_HAL_Driver\Src\stm32f4xx_ll_usb.o
                0x080032d8                USB_DevConnect
 .text.USB_DevDisconnect
                0x080032f0       0x18 Drivers\STM32F4xx_HAL_Driver\Src\stm32f4xx_ll_usb.o
                0x080032f0                USB_DevDisconnect
 .text.USB_ReadInterrupts
                0x08003308        0x8 Drivers\STM32F4xx_HAL_Driver\Src\stm32f4xx_ll_usb.o
                0x08003308                USB_ReadInterrupts
 .text.USB_ReadDevAllOutEpInterrupt
                0x08003310       0x10 Drivers\STM32F4xx_HAL_Driver\Src\stm32f4xx_ll_usb.o
                0x08003310                USB_ReadDevAllOutEpInterrupt
 .text.USB_ReadDevAllInEpInterrupt
                0x08003320       0x10 Drivers\STM32F4xx_HAL_Driver\Src\stm32f4xx_ll_usb.o
                0x08003320                USB_ReadDevAllInEpInterrupt
 .text.USB_ReadDevOutEPInterrupt
                0x08003330       0x14 Drivers\STM32F4xx_HAL_Driver\Src\stm32f4xx_ll_usb.o
                0x08003330                USB_ReadDevOutEPInterrupt
 .text.USB_ReadDevInEPInterrupt
                0x08003344       0x24 Drivers\STM32F4xx_HAL_Driver\Src\stm32f4xx_ll_usb.o
                0x08003344                USB_ReadDevInEPInterrupt
 .text.USB_GetMode
                0x08003368        0x8 Drivers\STM32F4xx_HAL_Driver\Src\stm32f4xx_ll_usb.o
                0x08003368                USB_GetMode
 .text.USB_ActivateSetup
                0x08003370       0x38 Drivers\STM32F4xx_HAL_Driver\Src\stm32f4xx_ll_usb.o
                0x08003370                USB_ActivateSetup
 .text.USB_EP0_OutStart
                0x080033a8       0x44 Drivers\STM32F4xx_HAL_Driver\Src\stm32f4xx_ll_usb.o
                0x080033a8                USB_EP0_OutStart
 .text.USB_CoreReset
                0x080033ec       0x3c Drivers\STM32F4xx_HAL_Driver\Src\stm32f4xx_ll_usb.o
 .text.USBD_CDC_DataIn
                0x08003428       0x14 Middlewares\ST\STM32_USB_Device_Library\Class\CDC\Src\usbd_cdc.o
 .text.USBD_CDC_EP0_RxReady
                0x0800343c       0x28 Middlewares\ST\STM32_USB_Device_Library\Class\CDC\Src\usbd_cdc.o
 .text.USBD_CDC_GetFSCfgDesc
                0x08003464        0xc Middlewares\ST\STM32_USB_Device_Library\Class\CDC\Src\usbd_cdc.o
 .text.USBD_CDC_GetHSCfgDesc
                0x08003470        0xc Middlewares\ST\STM32_USB_Device_Library\Class\CDC\Src\usbd_cdc.o
 .text.USBD_CDC_GetOtherSpeedCfgDesc
                0x0800347c        0xc Middlewares\ST\STM32_USB_Device_Library\Class\CDC\Src\usbd_cdc.o
 .text.USBD_CDC_GetDeviceQualifierDescriptor
                0x08003488        0xc Middlewares\ST\STM32_USB_Device_Library\Class\CDC\Src\usbd_cdc.o
                0x08003488                USBD_CDC_GetDeviceQualifierDescriptor
 .text.USBD_CDC_DataOut
                0x08003494       0x30 Middlewares\ST\STM32_USB_Device_Library\Class\CDC\Src\usbd_cdc.o
 .text.USBD_CDC_Setup
                0x080034c4       0x74 Middlewares\ST\STM32_USB_Device_Library\Class\CDC\Src\usbd_cdc.o
 .text.USBD_CDC_DeInit
                0x08003538       0x3c Middlewares\ST\STM32_USB_Device_Library\Class\CDC\Src\usbd_cdc.o
 .text.USBD_CDC_Init
                0x08003574       0x98 Middlewares\ST\STM32_USB_Device_Library\Class\CDC\Src\usbd_cdc.o
 .text.USBD_CDC_RegisterInterface
                0x0800360c       0x10 Middlewares\ST\STM32_USB_Device_Library\Class\CDC\Src\usbd_cdc.o
                0x0800360c                USBD_CDC_RegisterInterface
 .text.USBD_CDC_SetTxBuffer
                0x0800361c       0x10 Middlewares\ST\STM32_USB_Device_Library\Class\CDC\Src\usbd_cdc.o
                0x0800361c                USBD_CDC_SetTxBuffer
 .text.USBD_CDC_SetRxBuffer
                0x0800362c        0xc Middlewares\ST\STM32_USB_Device_Library\Class\CDC\Src\usbd_cdc.o
                0x0800362c                USBD_CDC_SetRxBuffer
 .text.USBD_CDC_ReceivePacket
                0x08003638       0x34 Middlewares\ST\STM32_USB_Device_Library\Class\CDC\Src\usbd_cdc.o
                0x08003638                USBD_CDC_ReceivePacket
 .text.USBD_Init
                0x0800366c       0x30 Middlewares\ST\STM32_USB_Device_Library\Core\Src\usbd_core.o
                0x0800366c                USBD_Init
 .text.USBD_RegisterClass
                0x0800369c       0x10 Middlewares\ST\STM32_USB_Device_Library\Core\Src\usbd_core.o
                0x0800369c                USBD_RegisterClass
 .text.USBD_Start
                0x080036ac        0xc Middlewares\ST\STM32_USB_Device_Library\Core\Src\usbd_core.o
                0x080036ac                USBD_Start
 .text.USBD_SetClassConfig
                0x080036b8       0x1c Middlewares\ST\STM32_USB_Device_Library\Core\Src\usbd_core.o
                0x080036b8                USBD_SetClassConfig
 .text.USBD_ClrClassConfig
                0x080036d4       0x10 Middlewares\ST\STM32_USB_Device_Library\Core\Src\usbd_core.o
                0x080036d4                USBD_ClrClassConfig
 .text.USBD_LL_SetupStage
                0x080036e4       0x5c Middlewares\ST\STM32_USB_Device_Library\Core\Src\usbd_core.o
                0x080036e4                USBD_LL_SetupStage
 .text.USBD_LL_DataOutStage
                0x08003740       0x68 Middlewares\ST\STM32_USB_Device_Library\Core\Src\usbd_core.o
                0x08003740                USBD_LL_DataOutStage
 .text.USBD_LL_DataInStage
                0x080037a8       0xac Middlewares\ST\STM32_USB_Device_Library\Core\Src\usbd_core.o
                0x080037a8                USBD_LL_DataInStage
 .text.USBD_LL_Reset
                0x08003854       0x40 Middlewares\ST\STM32_USB_Device_Library\Core\Src\usbd_core.o
                0x08003854                USBD_LL_Reset
 .text.USBD_LL_SetSpeed
                0x08003894        0x8 Middlewares\ST\STM32_USB_Device_Library\Core\Src\usbd_core.o
                0x08003894                USBD_LL_SetSpeed
 .text.USBD_LL_Suspend
                0x0800389c       0x14 Middlewares\ST\STM32_USB_Device_Library\Core\Src\usbd_core.o
                0x0800389c                USBD_LL_Suspend
 .text.USBD_LL_Resume
                0x080038b0        0xc Middlewares\ST\STM32_USB_Device_Library\Core\Src\usbd_core.o
                0x080038b0                USBD_LL_Resume
 .text.USBD_LL_SOF
                0x080038bc       0x18 Middlewares\ST\STM32_USB_Device_Library\Core\Src\usbd_core.o
                0x080038bc                USBD_LL_SOF
 .text.USBD_LL_IsoINIncomplete
                0x080038d4        0x4 Middlewares\ST\STM32_USB_Device_Library\Core\Src\usbd_core.o
                0x080038d4                USBD_LL_IsoINIncomplete
 .text.USBD_LL_IsoOUTIncomplete
                0x080038d8        0x4 Middlewares\ST\STM32_USB_Device_Library\Core\Src\usbd_core.o
                0x080038d8                USBD_LL_IsoOUTIncomplete
 .text.USBD_LL_DevConnected
                0x080038dc        0x4 Middlewares\ST\STM32_USB_Device_Library\Core\Src\usbd_core.o
                0x080038dc                USBD_LL_DevConnected
 .text.USBD_LL_DevDisconnected
                0x080038e0       0x18 Middlewares\ST\STM32_USB_Device_Library\Core\Src\usbd_core.o
                0x080038e0                USBD_LL_DevDisconnected
 .text.USBD_GetLen
                0x080038f8       0x14 Middlewares\ST\STM32_USB_Device_Library\Core\Src\usbd_ctlreq.o
 .text.USBD_SetFeature
                0x0800390c       0x20 Middlewares\ST\STM32_USB_Device_Library\Core\Src\usbd_ctlreq.o
 .text.USBD_ParseSetupRequest
                0x0800392c       0x28 Middlewares\ST\STM32_USB_Device_Library\Core\Src\usbd_ctlreq.o
                0x0800392c                USBD_ParseSetupRequest
 .text.USBD_CtlError
                0x08003954       0x14 Middlewares\ST\STM32_USB_Device_Library\Core\Src\usbd_ctlreq.o
                0x08003954                USBD_CtlError
 .text.USBD_GetDescriptor
                0x08003968      0x130 Middlewares\ST\STM32_USB_Device_Library\Core\Src\usbd_ctlreq.o
 .text.USBD_SetAddress
                0x08003a98       0x4c Middlewares\ST\STM32_USB_Device_Library\Core\Src\usbd_ctlreq.o
 .text.USBD_SetConfig
                0x08003ae4       0xa8 Middlewares\ST\STM32_USB_Device_Library\Core\Src\usbd_ctlreq.o
 .text.USBD_GetConfig
                0x08003b8c       0x3c Middlewares\ST\STM32_USB_Device_Library\Core\Src\usbd_ctlreq.o
 .text.USBD_GetStatus
                0x08003bc8       0x2c Middlewares\ST\STM32_USB_Device_Library\Core\Src\usbd_ctlreq.o
 .text.USBD_ClrFeature
                0x08003bf4       0x30 Middlewares\ST\STM32_USB_Device_Library\Core\Src\usbd_ctlreq.o
 .text.USBD_StdDevReq
                0x08003c24       0x48 Middlewares\ST\STM32_USB_Device_Library\Core\Src\usbd_ctlreq.o
                0x08003c24                USBD_StdDevReq
 .text.USBD_StdItfReq
                0x08003c6c       0x38 Middlewares\ST\STM32_USB_Device_Library\Core\Src\usbd_ctlreq.o
                0x08003c6c                USBD_StdItfReq
 .text.USBD_StdEPReq
                0x08003ca4      0x11c Middlewares\ST\STM32_USB_Device_Library\Core\Src\usbd_ctlreq.o
                0x08003ca4                USBD_StdEPReq
 .text.USBD_GetString
                0x08003dc0       0x3c Middlewares\ST\STM32_USB_Device_Library\Core\Src\usbd_ctlreq.o
                0x08003dc0                USBD_GetString
 .text.USBD_CtlSendData
                0x08003dfc       0x1c Middlewares\ST\STM32_USB_Device_Library\Core\Src\usbd_ioreq.o
                0x08003dfc                USBD_CtlSendData
 .text.USBD_CtlContinueSendData
                0x08003e18       0x10 Middlewares\ST\STM32_USB_Device_Library\Core\Src\usbd_ioreq.o
                0x08003e18                USBD_CtlContinueSendData
 .text.USBD_CtlPrepareRx
                0x08003e28       0x20 Middlewares\ST\STM32_USB_Device_Library\Core\Src\usbd_ioreq.o
                0x08003e28                USBD_CtlPrepareRx
 .text.USBD_CtlContinueRx
                0x08003e48       0x10 Middlewares\ST\STM32_USB_Device_Library\Core\Src\usbd_ioreq.o
                0x08003e48                USBD_CtlContinueRx
 .text.USBD_CtlSendStatus
                0x08003e58       0x18 Middlewares\ST\STM32_USB_Device_Library\Core\Src\usbd_ioreq.o
                0x08003e58                USBD_CtlSendStatus
 .text.USBD_CtlReceiveStatus
                0x08003e70       0x18 Middlewares\ST\STM32_USB_Device_Library\Core\Src\usbd_ioreq.o
                0x08003e70                USBD_CtlReceiveStatus
 .text.MX_GPIO_Init
                0x08003e88      0x1d0 Src\main.o
 .text.pwmChannelOneStart
                0x08004058       0x10 Src\main.o
                0x08004058                pwmChannelOneStart
 .text.pwmChannelTwoStart
                0x08004068       0x10 Src\main.o
                0x08004068                pwmChannelTwoStart
 .text.pwmChannelThreeStart
                0x08004078       0x10 Src\main.o
                0x08004078                pwmChannelThreeStart
 .text.pwmChannelFourStart
                0x08004088       0x10 Src\main.o
                0x08004088                pwmChannelFourStart
 .text.pwmChannelOneStop
                0x08004098       0x10 Src\main.o
                0x08004098                pwmChannelOneStop
 .text.pwmChannelTwoStop
                0x080040a8       0x10 Src\main.o
                0x080040a8                pwmChannelTwoStop
 .text.pwmChannelThreeStop
                0x080040b8       0x10 Src\main.o
                0x080040b8                pwmChannelThreeStop
 .text.pwmChannelFourStop
                0x080040c8       0x10 Src\main.o
                0x080040c8                pwmChannelFourStop
 .text.pwmChannelOneSet
                0x080040d8       0x18 Src\main.o
                0x080040d8                pwmChannelOneSet
 .text.pwmChannelTwoSet
                0x080040f0       0x18 Src\main.o
                0x080040f0                pwmChannelTwoSet
 .text.pwmChannelThreeSet
                0x08004108       0x18 Src\main.o
                0x08004108                pwmChannelThreeSet
 .text.pwmChannelFourSet
                0x08004120       0x18 Src\main.o
                0x08004120                pwmChannelFourSet
 .text.HAL_TIM_PeriodElapsedCallback
                0x08004138       0x14 Src\main.o
                0x08004138                HAL_TIM_PeriodElapsedCallback
 .text._Error_Handler
                0x0800414c        0x4 Src\main.o
                0x0800414c                _Error_Handler
 .text.MX_USART1_UART_Init
                0x08004150       0x3c Src\main.o
 .text.MX_I2C1_Init
                0x0800418c       0x44 Src\main.o
 .text.MX_SPI5_Init
                0x080041d0       0x48 Src\main.o
 .text.MX_TIM3_Init
                0x08004218       0xc0 Src\main.o
 .text.SystemClock_Config
                0x080042d8       0xc4 Src\main.o
                0x080042d8                SystemClock_Config
 .text.main     0x0800439c      0x19c Src\main.o
                0x0800439c                main
 .text.HAL_MspInit
                0x08004538       0x60 Src\stm32f4xx_hal_msp.o
                0x08004538                HAL_MspInit
 .text.HAL_I2C_MspInit
                0x08004598       0x54 Src\stm32f4xx_hal_msp.o
                0x08004598                HAL_I2C_MspInit
 .text.HAL_SPI_MspInit
                0x080045ec       0x68 Src\stm32f4xx_hal_msp.o
                0x080045ec                HAL_SPI_MspInit
 .text.HAL_TIM_PWM_MspInit
                0x08004654       0x30 Src\stm32f4xx_hal_msp.o
                0x08004654                HAL_TIM_PWM_MspInit
 .text.HAL_TIM_MspPostInit
                0x08004684       0x4c Src\stm32f4xx_hal_msp.o
                0x08004684                HAL_TIM_MspPostInit
 .text.HAL_UART_MspInit
                0x080046d0       0x6c Src\stm32f4xx_hal_msp.o
                0x080046d0                HAL_UART_MspInit
 .text.HAL_InitTick
                0x0800473c       0x78 Src\stm32f4xx_hal_timebase_TIM.o
                0x0800473c                HAL_InitTick
 .text.SVC_Handler
                0x080047b4        0x4 Src\stm32f4xx_it.o
                0x080047b4                SVC_Handler
 .text.PendSV_Handler
                0x080047b8        0x4 Src\stm32f4xx_it.o
                0x080047b8                PendSV_Handler
 .text.SysTick_Handler
                0x080047bc        0x8 Src\stm32f4xx_it.o
                0x080047bc                SysTick_Handler
 .text.TIM1_UP_TIM10_IRQHandler
                0x080047c4       0x10 Src\stm32f4xx_it.o
                0x080047c4                TIM1_UP_TIM10_IRQHandler
 .text.OTG_FS_IRQHandler
                0x080047d4       0x10 Src\stm32f4xx_it.o
                0x080047d4                OTG_FS_IRQHandler
 .text.SystemInit
                0x080047e4       0x4c Src\system_stm32f4xx.o
                0x080047e4                SystemInit
 .text.MX_USB_DEVICE_Init
                0x08004830       0x38 Src\usb_device.o
                0x08004830                MX_USB_DEVICE_Init
 .text.CDC_DeInit_FS
                0x08004868        0x4 Src\usbd_cdc_if.o
 .text.CDC_Control_FS
                0x0800486c        0x4 Src\usbd_cdc_if.o
 .text.CDC_Receive_FS
                0x08004870       0x1c Src\usbd_cdc_if.o
 .text.CDC_Init_FS
                0x0800488c       0x28 Src\usbd_cdc_if.o
 .text.CDC_Receive_FS_User
                0x080048b4       0x1c Src\usbd_cdc_if.o
                0x080048b4                CDC_Receive_FS_User
 .text.HAL_PCD_MspInit
                0x080048d0       0x7c Src\usbd_conf.o
                0x080048d0                HAL_PCD_MspInit
 .text.HAL_PCD_SetupStageCallback
                0x0800494c       0x10 Src\usbd_conf.o
                0x0800494c                HAL_PCD_SetupStageCallback
 .text.HAL_PCD_DataOutStageCallback
                0x0800495c       0x18 Src\usbd_conf.o
                0x0800495c                HAL_PCD_DataOutStageCallback
 .text.HAL_PCD_DataInStageCallback
                0x08004974       0x18 Src\usbd_conf.o
                0x08004974                HAL_PCD_DataInStageCallback
 .text.HAL_PCD_SOFCallback
                0x0800498c        0xc Src\usbd_conf.o
                0x0800498c                HAL_PCD_SOFCallback
 .text.HAL_PCD_ResetCallback
                0x08004998       0x20 Src\usbd_conf.o
                0x08004998                HAL_PCD_ResetCallback
 .text.HAL_PCD_SuspendCallback
                0x080049b8       0x30 Src\usbd_conf.o
                0x080049b8                HAL_PCD_SuspendCallback
 .text.HAL_PCD_ResumeCallback
                0x080049e8        0xc Src\usbd_conf.o
                0x080049e8                HAL_PCD_ResumeCallback
 .text.HAL_PCD_ISOOUTIncompleteCallback
                0x080049f4        0xc Src\usbd_conf.o
                0x080049f4                HAL_PCD_ISOOUTIncompleteCallback
 .text.HAL_PCD_ISOINIncompleteCallback
                0x08004a00        0xc Src\usbd_conf.o
                0x08004a00                HAL_PCD_ISOINIncompleteCallback
 .text.HAL_PCD_ConnectCallback
                0x08004a0c        0xc Src\usbd_conf.o
                0x08004a0c                HAL_PCD_ConnectCallback
 .text.HAL_PCD_DisconnectCallback
                0x08004a18        0xc Src\usbd_conf.o
                0x08004a18                HAL_PCD_DisconnectCallback
 .text.USBD_LL_Init
                0x08004a24       0x74 Src\usbd_conf.o
                0x08004a24                USBD_LL_Init
 .text.USBD_LL_Start
                0x08004a98       0x20 Src\usbd_conf.o
                0x08004a98                USBD_LL_Start
 .text.USBD_LL_OpenEP
                0x08004ab8       0x24 Src\usbd_conf.o
                0x08004ab8                USBD_LL_OpenEP
 .text.USBD_LL_CloseEP
                0x08004adc       0x20 Src\usbd_conf.o
                0x08004adc                USBD_LL_CloseEP
 .text.USBD_LL_StallEP
                0x08004afc       0x20 Src\usbd_conf.o
                0x08004afc                USBD_LL_StallEP
 .text.USBD_LL_ClearStallEP
                0x08004b1c       0x20 Src\usbd_conf.o
                0x08004b1c                USBD_LL_ClearStallEP
 .text.USBD_LL_IsStallEP
                0x08004b3c       0x30 Src\usbd_conf.o
                0x08004b3c                USBD_LL_IsStallEP
 .text.USBD_LL_SetUSBAddress
                0x08004b6c       0x20 Src\usbd_conf.o
                0x08004b6c                USBD_LL_SetUSBAddress
 .text.USBD_LL_Transmit
                0x08004b8c       0x20 Src\usbd_conf.o
                0x08004b8c                USBD_LL_Transmit
 .text.USBD_LL_PrepareReceive
                0x08004bac       0x20 Src\usbd_conf.o
                0x08004bac                USBD_LL_PrepareReceive
 .text.USBD_LL_GetRxDataSize
                0x08004bcc        0xc Src\usbd_conf.o
                0x08004bcc                USBD_LL_GetRxDataSize
 .text.USBD_FS_DeviceDescriptor
                0x08004bd8        0xc Src\usbd_desc.o
                0x08004bd8                USBD_FS_DeviceDescriptor
 .text.USBD_FS_LangIDStrDescriptor
                0x08004be4        0xc Src\usbd_desc.o
                0x08004be4                USBD_FS_LangIDStrDescriptor
 .text.USBD_FS_ProductStrDescriptor
                0x08004bf0       0x24 Src\usbd_desc.o
                0x08004bf0                USBD_FS_ProductStrDescriptor
 .text.USBD_FS_ManufacturerStrDescriptor
                0x08004c14       0x1c Src\usbd_desc.o
                0x08004c14                USBD_FS_ManufacturerStrDescriptor
 .text.USBD_FS_SerialStrDescriptor
                0x08004c30       0x24 Src\usbd_desc.o
                0x08004c30                USBD_FS_SerialStrDescriptor
 .text.USBD_FS_ConfigStrDescriptor
                0x08004c54       0x24 Src\usbd_desc.o
                0x08004c54                USBD_FS_ConfigStrDescriptor
 .text.USBD_FS_InterfaceStrDescriptor
                0x08004c78       0x24 Src\usbd_desc.o
                0x08004c78                USBD_FS_InterfaceStrDescriptor
 .text.Reset_Handler
                0x08004c9c       0x50 startup\startup_stm32f411xe.o
                0x08004c9c                Reset_Handler
 .text.Default_Handler
                0x08004cec        0x2 startup\startup_stm32f411xe.o
                0x08004cec                RTC_Alarm_IRQHandler
                0x08004cec                EXTI2_IRQHandler
                0x08004cec                DebugMon_Handler
                0x08004cec                SPI4_IRQHandler
                0x08004cec                TIM1_CC_IRQHandler
                0x08004cec                DMA2_Stream5_IRQHandler
                0x08004cec                HardFault_Handler
                0x08004cec                DMA1_Stream5_IRQHandler
                0x08004cec                PVD_IRQHandler
                0x08004cec                SDIO_IRQHandler
                0x08004cec                TAMP_STAMP_IRQHandler
                0x08004cec                NMI_Handler
                0x08004cec                EXTI3_IRQHandler
                0x08004cec                I2C3_ER_IRQHandler
                0x08004cec                EXTI0_IRQHandler
                0x08004cec                I2C2_EV_IRQHandler
                0x08004cec                DMA1_Stream2_IRQHandler
                0x08004cec                FPU_IRQHandler
                0x08004cec                UsageFault_Handler
                0x08004cec                DMA2_Stream2_IRQHandler
                0x08004cec                SPI1_IRQHandler
                0x08004cec                TIM1_BRK_TIM9_IRQHandler
                0x08004cec                DMA2_Stream3_IRQHandler
                0x08004cec                USART6_IRQHandler
                0x08004cec                DMA2_Stream0_IRQHandler
                0x08004cec                TIM4_IRQHandler
                0x08004cec                I2C1_EV_IRQHandler
                0x08004cec                DMA1_Stream6_IRQHandler
                0x08004cec                DMA1_Stream1_IRQHandler
                0x08004cec                TIM3_IRQHandler
                0x08004cec                RCC_IRQHandler
                0x08004cec                Default_Handler
                0x08004cec                EXTI15_10_IRQHandler
                0x08004cec                ADC_IRQHandler
                0x08004cec                DMA1_Stream7_IRQHandler
                0x08004cec                SPI5_IRQHandler
                0x08004cec                TIM5_IRQHandler
                0x08004cec                DMA2_Stream7_IRQHandler
                0x08004cec                I2C3_EV_IRQHandler
                0x08004cec                EXTI9_5_IRQHandler
                0x08004cec                RTC_WKUP_IRQHandler
                0x08004cec                SPI2_IRQHandler
                0x08004cec                MemManage_Handler
                0x08004cec                DMA1_Stream0_IRQHandler
                0x08004cec                EXTI4_IRQHandler
                0x08004cec                WWDG_IRQHandler
                0x08004cec                TIM2_IRQHandler
                0x08004cec                OTG_FS_WKUP_IRQHandler
                0x08004cec                TIM1_TRG_COM_TIM11_IRQHandler
                0x08004cec                EXTI1_IRQHandler
                0x08004cec                USART2_IRQHandler
                0x08004cec                I2C2_ER_IRQHandler
                0x08004cec                DMA2_Stream1_IRQHandler
                0x08004cec                FLASH_IRQHandler
                0x08004cec                DMA2_Stream4_IRQHandler
                0x08004cec                BusFault_Handler
                0x08004cec                USART1_IRQHandler
                0x08004cec                SPI3_IRQHandler
                0x08004cec                DMA1_Stream4_IRQHandler
                0x08004cec                I2C1_ER_IRQHandler
                0x08004cec                DMA2_Stream6_IRQHandler
                0x08004cec                DMA1_Stream3_IRQHandler
 *fill*         0x08004cee        0x2 
 .text.__libc_init_array
                0x08004cf0       0x4c c:/ac6/systemworkbench/plugins/fr.ac6.mcu.externaltools.arm-none.win32_1.13.3.201707031232/tools/compiler/bin/../lib/gcc/arm-none-eabi/5.4.1/../../../../arm-none-eabi/lib/armv7e-m/fpu\libc_nano.a(lib_a-init.o)
                0x08004cf0                __libc_init_array
 .text.malloc   0x08004d3c       0x10 c:/ac6/systemworkbench/plugins/fr.ac6.mcu.externaltools.arm-none.win32_1.13.3.201707031232/tools/compiler/bin/../lib/gcc/arm-none-eabi/5.4.1/../../../../arm-none-eabi/lib/armv7e-m/fpu\libc_nano.a(lib_a-malloc.o)
                0x08004d3c                malloc
 .text.free     0x08004d4c       0x10 c:/ac6/systemworkbench/plugins/fr.ac6.mcu.externaltools.arm-none.win32_1.13.3.201707031232/tools/compiler/bin/../lib/gcc/arm-none-eabi/5.4.1/../../../../arm-none-eabi/lib/armv7e-m/fpu\libc_nano.a(lib_a-malloc.o)
                0x08004d4c                free
 .text._free_r  0x08004d5c       0x9c c:/ac6/systemworkbench/plugins/fr.ac6.mcu.externaltools.arm-none.win32_1.13.3.201707031232/tools/compiler/bin/../lib/gcc/arm-none-eabi/5.4.1/../../../../arm-none-eabi/lib/armv7e-m/fpu\libc_nano.a(lib_a-nano-freer.o)
                0x08004d5c                _free_r
 .text._malloc_r
                0x08004df8       0xbc c:/ac6/systemworkbench/plugins/fr.ac6.mcu.externaltools.arm-none.win32_1.13.3.201707031232/tools/compiler/bin/../lib/gcc/arm-none-eabi/5.4.1/../../../../arm-none-eabi/lib/armv7e-m/fpu\libc_nano.a(lib_a-nano-mallocr.o)
                0x08004df8                _malloc_r
 .text._sbrk_r  0x08004eb4       0x20 c:/ac6/systemworkbench/plugins/fr.ac6.mcu.externaltools.arm-none.win32_1.13.3.201707031232/tools/compiler/bin/../lib/gcc/arm-none-eabi/5.4.1/../../../../arm-none-eabi/lib/armv7e-m/fpu\libc_nano.a(lib_a-sbrkr.o)
                0x08004eb4                _sbrk_r
 .text.strncpy  0x08004ed4       0x26 c:/ac6/systemworkbench/plugins/fr.ac6.mcu.externaltools.arm-none.win32_1.13.3.201707031232/tools/compiler/bin/../lib/gcc/arm-none-eabi/5.4.1/../../../../arm-none-eabi/lib/armv7e-m/fpu\libc_nano.a(lib_a-strncpy.o)
                0x08004ed4                strncpy
 .text.__malloc_lock
                0x08004efa        0x2 c:/ac6/systemworkbench/plugins/fr.ac6.mcu.externaltools.arm-none.win32_1.13.3.201707031232/tools/compiler/bin/../lib/gcc/arm-none-eabi/5.4.1/../../../../arm-none-eabi/lib/armv7e-m/fpu\libc_nano.a(lib_a-mlock.o)
                0x08004efa                __malloc_lock
 .text.__malloc_unlock
                0x08004efc        0x2 c:/ac6/systemworkbench/plugins/fr.ac6.mcu.externaltools.arm-none.win32_1.13.3.201707031232/tools/compiler/bin/../lib/gcc/arm-none-eabi/5.4.1/../../../../arm-none-eabi/lib/armv7e-m/fpu\libc_nano.a(lib_a-mlock.o)
                0x08004efc                __malloc_unlock
 *fill*         0x08004efe        0x2 
 .text._sbrk    0x08004f00       0x1c c:/ac6/systemworkbench/plugins/fr.ac6.mcu.externaltools.arm-none.win32_1.13.3.201707031232/tools/compiler/bin/../lib/gcc/arm-none-eabi/5.4.1/../../../../arm-none-eabi/lib/armv7e-m/fpu\libnosys.a(sbrk.o)
                0x08004f00                _sbrk
 *(.glue_7)
 .glue_7        0x08004f1c        0x0 linker stubs
 *(.glue_7t)
 .glue_7t       0x08004f1c        0x0 linker stubs
 *(.eh_frame)
 .eh_frame      0x08004f1c        0x0 c:/ac6/systemworkbench/plugins/fr.ac6.mcu.externaltools.arm-none.win32_1.13.3.201707031232/tools/compiler/bin/../lib/gcc/arm-none-eabi/5.4.1/armv7e-m/fpu/crtbegin.o
 *(.init)
 .init          0x08004f1c        0x4 c:/ac6/systemworkbench/plugins/fr.ac6.mcu.externaltools.arm-none.win32_1.13.3.201707031232/tools/compiler/bin/../lib/gcc/arm-none-eabi/5.4.1/armv7e-m/fpu/crti.o
                0x08004f1c                _init
 .init          0x08004f20        0x8 c:/ac6/systemworkbench/plugins/fr.ac6.mcu.externaltools.arm-none.win32_1.13.3.201707031232/tools/compiler/bin/../lib/gcc/arm-none-eabi/5.4.1/armv7e-m/fpu/crtn.o
 *(.fini)
 .fini          0x08004f28        0x4 c:/ac6/systemworkbench/plugins/fr.ac6.mcu.externaltools.arm-none.win32_1.13.3.201707031232/tools/compiler/bin/../lib/gcc/arm-none-eabi/5.4.1/armv7e-m/fpu/crti.o
                0x08004f28                _fini
 .fini          0x08004f2c        0x8 c:/ac6/systemworkbench/plugins/fr.ac6.mcu.externaltools.arm-none.win32_1.13.3.201707031232/tools/compiler/bin/../lib/gcc/arm-none-eabi/5.4.1/armv7e-m/fpu/crtn.o
                0x08004f34                . = ALIGN (0x4)
                0x08004f34                _etext = .

.vfp11_veneer   0x08004f34        0x0
 .vfp11_veneer  0x08004f34        0x0 linker stubs

.v4_bx          0x08004f34        0x0
 .v4_bx         0x08004f34        0x0 linker stubs

.iplt           0x08004f34        0x0
 .iplt          0x08004f34        0x0 c:/ac6/systemworkbench/plugins/fr.ac6.mcu.externaltools.arm-none.win32_1.13.3.201707031232/tools/compiler/bin/../lib/gcc/arm-none-eabi/5.4.1/armv7e-m/fpu/crtbegin.o

.rodata         0x08004f34       0xb4
                0x08004f34                . = ALIGN (0x4)
 *(.rodata)
 .rodata        0x08004f34       0x18 Src\system_stm32f4xx.o
                0x08004f34                AHBPrescTable
                0x08004f44                APBPrescTable
 *(.rodata*)
 .rodata.str1.4
                0x08004f4c       0x30 Src\main.o
 .rodata.str1.4
                0x08004f7c       0x13 Src\usbd_conf.o
 *fill*         0x08004f8f        0x1 
 .rodata.str1.4
                0x08004f90       0x58 Src\usbd_desc.o
                                 0x56 (size before relaxing)
                0x08004fe8                . = ALIGN (0x4)

.rel.dyn        0x08004fe8        0x0
 .rel.iplt      0x08004fe8        0x0 c:/ac6/systemworkbench/plugins/fr.ac6.mcu.externaltools.arm-none.win32_1.13.3.201707031232/tools/compiler/bin/../lib/gcc/arm-none-eabi/5.4.1/armv7e-m/fpu/crtbegin.o

.ARM.extab
 *(.ARM.extab* .gnu.linkonce.armextab.*)

.ARM            0x08004fe8        0x0
                0x08004fe8                __exidx_start = .
 *(.ARM.exidx*)
                0x08004fe8                __exidx_end = .

.preinit_array  0x08004fe8        0x0
                0x08004fe8                PROVIDE (__preinit_array_start, .)
 *(.preinit_array*)
                0x08004fe8                PROVIDE (__preinit_array_end, .)

.init_array     0x08004fe8        0x4
                0x08004fe8                PROVIDE (__init_array_start, .)
 *(SORT(.init_array.*))
 *(.init_array*)
 .init_array    0x08004fe8        0x4 c:/ac6/systemworkbench/plugins/fr.ac6.mcu.externaltools.arm-none.win32_1.13.3.201707031232/tools/compiler/bin/../lib/gcc/arm-none-eabi/5.4.1/armv7e-m/fpu/crtbegin.o
                0x08004fec                PROVIDE (__init_array_end, .)

.fini_array     0x08004fec        0x4
                [!provide]                PROVIDE (__fini_array_start, .)
 *(SORT(.fini_array.*))
 *(.fini_array*)
 .fini_array    0x08004fec        0x4 c:/ac6/systemworkbench/plugins/fr.ac6.mcu.externaltools.arm-none.win32_1.13.3.201707031232/tools/compiler/bin/../lib/gcc/arm-none-eabi/5.4.1/armv7e-m/fpu/crtbegin.o
                [!provide]                PROVIDE (__fini_array_end, .)
                0x08004ff0                _sidata = LOADADDR (.data)

.data           0x20000000      0x1c0 load address 0x08004ff0
                0x20000000                . = ALIGN (0x4)
                0x20000000                _sdata = .
 *(.data)
 .data          0x20000000      0x110 Middlewares\ST\STM32_USB_Device_Library\Class\CDC\Src\usbd_cdc.o
                0x20000000                USBD_CDC_CfgFSDesc
                0x20000044                USBD_CDC_CfgHSDesc
                0x20000088                USBD_CDC_OtherSpeedCfgDesc
                0x200000d8                USBD_CDC
 .data          0x20000110        0x2 Src\main.o
                0x20000110                ConfigReg1
 *fill*         0x20000112        0x2 
 .data          0x20000114        0x4 Src\system_stm32f4xx.o
                0x20000114                SystemCoreClock
 .data          0x20000118       0x10 Src\usbd_cdc_if.o
                0x20000118                USBD_Interface_fops_FS
 .data          0x20000128       0x34 Src\usbd_desc.o
                0x20000128                USBD_FS_DeviceDesc
                0x2000013c                USBD_LangIDDesc
                0x20000140                FS_Desc
 *(.data*)
 .data.impure_data
                0x2000015c       0x60 c:/ac6/systemworkbench/plugins/fr.ac6.mcu.externaltools.arm-none.win32_1.13.3.201707031232/tools/compiler/bin/../lib/gcc/arm-none-eabi/5.4.1/../../../../arm-none-eabi/lib/armv7e-m/fpu\libc_nano.a(lib_a-impure.o)
 .data._impure_ptr
                0x200001bc        0x4 c:/ac6/systemworkbench/plugins/fr.ac6.mcu.externaltools.arm-none.win32_1.13.3.201707031232/tools/compiler/bin/../lib/gcc/arm-none-eabi/5.4.1/../../../../arm-none-eabi/lib/armv7e-m/fpu\libc_nano.a(lib_a-impure.o)
                0x200001bc                _impure_ptr
                0x200001c0                . = ALIGN (0x4)
                0x200001c0                _edata = .

.jcr            0x200001c0        0x0 load address 0x080051b0
 .jcr           0x200001c0        0x0 c:/ac6/systemworkbench/plugins/fr.ac6.mcu.externaltools.arm-none.win32_1.13.3.201707031232/tools/compiler/bin/../lib/gcc/arm-none-eabi/5.4.1/armv7e-m/fpu/crtbegin.o

.igot.plt       0x200001c0        0x0 load address 0x080051b0
 .igot.plt      0x200001c0        0x0 c:/ac6/systemworkbench/plugins/fr.ac6.mcu.externaltools.arm-none.win32_1.13.3.201707031232/tools/compiler/bin/../lib/gcc/arm-none-eabi/5.4.1/armv7e-m/fpu/crtbegin.o
                0x200001c0                . = ALIGN (0x4)

.bss            0x200001c0      0x9e4 load address 0x080051b0
                0x200001c0                _sbss = .
                0x200001c0                __bss_start__ = _sbss
 *(.bss)
 .bss           0x200001c0       0x1c c:/ac6/systemworkbench/plugins/fr.ac6.mcu.externaltools.arm-none.win32_1.13.3.201707031232/tools/compiler/bin/../lib/gcc/arm-none-eabi/5.4.1/armv7e-m/fpu/crtbegin.o
 .bss           0x200001dc        0x1 Middlewares\ST\STM32_USB_Device_Library\Class\CDC\Src\usbd_cdc.o
 .bss           0x200001dd        0x1 Middlewares\ST\STM32_USB_Device_Library\Core\Src\usbd_ctlreq.o
 *(.bss*)
 *fill*         0x200001de        0x2 
 .bss.__malloc_sbrk_start
                0x200001e0        0x4 c:/ac6/systemworkbench/plugins/fr.ac6.mcu.externaltools.arm-none.win32_1.13.3.201707031232/tools/compiler/bin/../lib/gcc/arm-none-eabi/5.4.1/../../../../arm-none-eabi/lib/armv7e-m/fpu\libc_nano.a(lib_a-nano-mallocr.o)
                0x200001e0                __malloc_sbrk_start
 .bss.__malloc_free_list
                0x200001e4        0x4 c:/ac6/systemworkbench/plugins/fr.ac6.mcu.externaltools.arm-none.win32_1.13.3.201707031232/tools/compiler/bin/../lib/gcc/arm-none-eabi/5.4.1/../../../../arm-none-eabi/lib/armv7e-m/fpu\libc_nano.a(lib_a-nano-mallocr.o)
                0x200001e4                __malloc_free_list
 .bss.heap_end.4169
                0x200001e8        0x4 c:/ac6/systemworkbench/plugins/fr.ac6.mcu.externaltools.arm-none.win32_1.13.3.201707031232/tools/compiler/bin/../lib/gcc/arm-none-eabi/5.4.1/../../../../arm-none-eabi/lib/armv7e-m/fpu\libnosys.a(sbrk.o)
 *(COMMON)
 COMMON         0x200001ec        0x4 Drivers\STM32F4xx_HAL_Driver\Src\stm32f4xx_hal.o
                0x200001ec                uwTick
 COMMON         0x200001f0      0x156 Src\main.o
                0x200001f0                hspi5
                0x20000248                hi2c1
                0x2000029c                buff
                0x200002a6                retStrcmp
                0x200002a8                htim3
                0x200002e4                huart1
                0x20000324                str1
                0x20000328                htimPwmPulse
                0x20000344                accelDataX
 *fill*         0x20000346        0x2 
 COMMON         0x20000348       0x3c Src\stm32f4xx_hal_timebase_TIM.o
                0x20000348                htim1
 COMMON         0x20000384      0x224 Src\usb_device.o
                0x20000384                hUsbDeviceFS
 COMMON         0x200005a8        0x8 Src\usbd_cdc_if.o
                0x200005a8                UserRxBufferFS
                0x200005ac                UserTxBufferFS
 COMMON         0x200005b0      0x3f0 Src\usbd_conf.o
                0x200005b0                hpcd_USB_OTG_FS
 COMMON         0x200009a0      0x200 Src\usbd_desc.o
                0x200009a0                USBD_StrDesc
 COMMON         0x20000ba0        0x4 c:/ac6/systemworkbench/plugins/fr.ac6.mcu.externaltools.arm-none.win32_1.13.3.201707031232/tools/compiler/bin/../lib/gcc/arm-none-eabi/5.4.1/../../../../arm-none-eabi/lib/armv7e-m/fpu\libc_nano.a(lib_a-reent.o)
                0x20000ba0                errno
                0x20000ba4                . = ALIGN (0x4)
                0x20000ba4                _ebss = .
                0x20000ba4                __bss_end__ = _ebss

._user_heap_stack
                0x20000ba4      0x604 load address 0x080051b0
                0x20000ba8                . = ALIGN (0x8)
 *fill*         0x20000ba4        0x4 
                0x20000ba8                PROVIDE (end, .)
                [!provide]                PROVIDE (_end, .)
                0x20000da8                . = (. + _Min_Heap_Size)
 *fill*         0x20000ba8      0x200 
                0x200011a8                . = (. + _Min_Stack_Size)
 *fill*         0x20000da8      0x400 
                0x200011a8                . = ALIGN (0x8)

/DISCARD/
 libc.a(*)
 libm.a(*)
 libgcc.a(*)

.ARM.attributes
                0x00000000       0x30
 *(.ARM.attributes)
 .ARM.attributes
                0x00000000       0x22 c:/ac6/systemworkbench/plugins/fr.ac6.mcu.externaltools.arm-none.win32_1.13.3.201707031232/tools/compiler/bin/../lib/gcc/arm-none-eabi/5.4.1/armv7e-m/fpu/crti.o
 .ARM.attributes
                0x00000022       0x34 c:/ac6/systemworkbench/plugins/fr.ac6.mcu.externaltools.arm-none.win32_1.13.3.201707031232/tools/compiler/bin/../lib/gcc/arm-none-eabi/5.4.1/armv7e-m/fpu/crtbegin.o
 .ARM.attributes
                0x00000056       0x39 Drivers\STM32F4xx_HAL_Driver\Src\stm32f4xx_hal.o
 .ARM.attributes
                0x0000008f       0x39 Drivers\STM32F4xx_HAL_Driver\Src\stm32f4xx_hal_cortex.o
 .ARM.attributes
                0x000000c8       0x39 Drivers\STM32F4xx_HAL_Driver\Src\stm32f4xx_hal_gpio.o
 .ARM.attributes
                0x00000101       0x39 Drivers\STM32F4xx_HAL_Driver\Src\stm32f4xx_hal_i2c.o
 .ARM.attributes
                0x0000013a       0x39 Drivers\STM32F4xx_HAL_Driver\Src\stm32f4xx_hal_pcd.o
 .ARM.attributes
                0x00000173       0x39 Drivers\STM32F4xx_HAL_Driver\Src\stm32f4xx_hal_pcd_ex.o
 .ARM.attributes
                0x000001ac       0x39 Drivers\STM32F4xx_HAL_Driver\Src\stm32f4xx_hal_rcc.o
 .ARM.attributes
                0x000001e5       0x39 Drivers\STM32F4xx_HAL_Driver\Src\stm32f4xx_hal_spi.o
 .ARM.attributes
                0x0000021e       0x39 Drivers\STM32F4xx_HAL_Driver\Src\stm32f4xx_hal_tim.o
 .ARM.attributes
                0x00000257       0x39 Drivers\STM32F4xx_HAL_Driver\Src\stm32f4xx_hal_tim_ex.o
 .ARM.attributes
                0x00000290       0x39 Drivers\STM32F4xx_HAL_Driver\Src\stm32f4xx_hal_uart.o
 .ARM.attributes
                0x000002c9       0x39 Drivers\STM32F4xx_HAL_Driver\Src\stm32f4xx_ll_usb.o
 .ARM.attributes
                0x00000302       0x39 Middlewares\ST\STM32_USB_Device_Library\Class\CDC\Src\usbd_cdc.o
 .ARM.attributes
                0x0000033b       0x39 Middlewares\ST\STM32_USB_Device_Library\Core\Src\usbd_core.o
 .ARM.attributes
                0x00000374       0x39 Middlewares\ST\STM32_USB_Device_Library\Core\Src\usbd_ctlreq.o
 .ARM.attributes
                0x000003ad       0x39 Middlewares\ST\STM32_USB_Device_Library\Core\Src\usbd_ioreq.o
 .ARM.attributes
                0x000003e6       0x39 Src\main.o
 .ARM.attributes
                0x0000041f       0x39 Src\stm32f4xx_hal_msp.o
 .ARM.attributes
                0x00000458       0x39 Src\stm32f4xx_hal_timebase_TIM.o
 .ARM.attributes
                0x00000491       0x39 Src\stm32f4xx_it.o
 .ARM.attributes
                0x000004ca       0x39 Src\system_stm32f4xx.o
 .ARM.attributes
                0x00000503       0x39 Src\usb_device.o
 .ARM.attributes
                0x0000053c       0x39 Src\usbd_cdc_if.o
 .ARM.attributes
                0x00000575       0x39 Src\usbd_conf.o
 .ARM.attributes
                0x000005ae       0x39 Src\usbd_desc.o
 .ARM.attributes
                0x000005e7       0x21 startup\startup_stm32f411xe.o
 .ARM.attributes
                0x00000608       0x34 c:/ac6/systemworkbench/plugins/fr.ac6.mcu.externaltools.arm-none.win32_1.13.3.201707031232/tools/compiler/bin/../lib/gcc/arm-none-eabi/5.4.1/../../../../arm-none-eabi/lib/armv7e-m/fpu\libc_nano.a(lib_a-impure.o)
 .ARM.attributes
                0x0000063c       0x34 c:/ac6/systemworkbench/plugins/fr.ac6.mcu.externaltools.arm-none.win32_1.13.3.201707031232/tools/compiler/bin/../lib/gcc/arm-none-eabi/5.4.1/../../../../arm-none-eabi/lib/armv7e-m/fpu\libc_nano.a(lib_a-init.o)
 .ARM.attributes
                0x00000670       0x34 c:/ac6/systemworkbench/plugins/fr.ac6.mcu.externaltools.arm-none.win32_1.13.3.201707031232/tools/compiler/bin/../lib/gcc/arm-none-eabi/5.4.1/../../../../arm-none-eabi/lib/armv7e-m/fpu\libc_nano.a(lib_a-malloc.o)
 .ARM.attributes
                0x000006a4       0x34 c:/ac6/systemworkbench/plugins/fr.ac6.mcu.externaltools.arm-none.win32_1.13.3.201707031232/tools/compiler/bin/../lib/gcc/arm-none-eabi/5.4.1/../../../../arm-none-eabi/lib/armv7e-m/fpu\libc_nano.a(lib_a-nano-freer.o)
 .ARM.attributes
                0x000006d8       0x34 c:/ac6/systemworkbench/plugins/fr.ac6.mcu.externaltools.arm-none.win32_1.13.3.201707031232/tools/compiler/bin/../lib/gcc/arm-none-eabi/5.4.1/../../../../arm-none-eabi/lib/armv7e-m/fpu\libc_nano.a(lib_a-nano-mallocr.o)
 .ARM.attributes
                0x0000070c       0x34 c:/ac6/systemworkbench/plugins/fr.ac6.mcu.externaltools.arm-none.win32_1.13.3.201707031232/tools/compiler/bin/../lib/gcc/arm-none-eabi/5.4.1/../../../../arm-none-eabi/lib/armv7e-m/fpu\libc_nano.a(lib_a-sbrkr.o)
 .ARM.attributes
                0x00000740       0x20 c:/ac6/systemworkbench/plugins/fr.ac6.mcu.externaltools.arm-none.win32_1.13.3.201707031232/tools/compiler/bin/../lib/gcc/arm-none-eabi/5.4.1/../../../../arm-none-eabi/lib/armv7e-m/fpu\libc_nano.a(lib_a-strcmp.o)
 .ARM.attributes
                0x00000760       0x34 c:/ac6/systemworkbench/plugins/fr.ac6.mcu.externaltools.arm-none.win32_1.13.3.201707031232/tools/compiler/bin/../lib/gcc/arm-none-eabi/5.4.1/../../../../arm-none-eabi/lib/armv7e-m/fpu\libc_nano.a(lib_a-strncpy.o)
 .ARM.attributes
                0x00000794       0x34 c:/ac6/systemworkbench/plugins/fr.ac6.mcu.externaltools.arm-none.win32_1.13.3.201707031232/tools/compiler/bin/../lib/gcc/arm-none-eabi/5.4.1/../../../../arm-none-eabi/lib/armv7e-m/fpu\libc_nano.a(lib_a-mlock.o)
 .ARM.attributes
                0x000007c8       0x34 c:/ac6/systemworkbench/plugins/fr.ac6.mcu.externaltools.arm-none.win32_1.13.3.201707031232/tools/compiler/bin/../lib/gcc/arm-none-eabi/5.4.1/../../../../arm-none-eabi/lib/armv7e-m/fpu\libc_nano.a(lib_a-reent.o)
 .ARM.attributes
                0x000007fc       0x34 c:/ac6/systemworkbench/plugins/fr.ac6.mcu.externaltools.arm-none.win32_1.13.3.201707031232/tools/compiler/bin/../lib/gcc/arm-none-eabi/5.4.1/../../../../arm-none-eabi/lib/armv7e-m/fpu\libnosys.a(sbrk.o)
 .ARM.attributes
                0x00000830       0x22 c:/ac6/systemworkbench/plugins/fr.ac6.mcu.externaltools.arm-none.win32_1.13.3.201707031232/tools/compiler/bin/../lib/gcc/arm-none-eabi/5.4.1/armv7e-m/fpu/crtn.o
OUTPUT(accelCDC2.elf elf32-littlearm)

.debug_info     0x00000000    0x1a82d
 .debug_info    0x00000000      0x8bc Drivers\STM32F4xx_HAL_Driver\Src\stm32f4xx_hal.o
 .debug_info    0x000008bc      0xe7d Drivers\STM32F4xx_HAL_Driver\Src\stm32f4xx_hal_cortex.o
 .debug_info    0x00001739      0x753 Drivers\STM32F4xx_HAL_Driver\Src\stm32f4xx_hal_gpio.o
 .debug_info    0x00001e8c     0x2e8d Drivers\STM32F4xx_HAL_Driver\Src\stm32f4xx_hal_i2c.o
 .debug_info    0x00004d19     0x143e Drivers\STM32F4xx_HAL_Driver\Src\stm32f4xx_hal_pcd.o
 .debug_info    0x00006157      0x574 Drivers\STM32F4xx_HAL_Driver\Src\stm32f4xx_hal_pcd_ex.o
 .debug_info    0x000066cb      0xd0f Drivers\STM32F4xx_HAL_Driver\Src\stm32f4xx_hal_rcc.o
 .debug_info    0x000073da     0x19e2 Drivers\STM32F4xx_HAL_Driver\Src\stm32f4xx_hal_spi.o
 .debug_info    0x00008dbc     0x2e0c Drivers\STM32F4xx_HAL_Driver\Src\stm32f4xx_hal_tim.o
 .debug_info    0x0000bbc8     0x129d Drivers\STM32F4xx_HAL_Driver\Src\stm32f4xx_hal_tim_ex.o
 .debug_info    0x0000ce65     0x16ac Drivers\STM32F4xx_HAL_Driver\Src\stm32f4xx_hal_uart.o
 .debug_info    0x0000e511     0x16ac Drivers\STM32F4xx_HAL_Driver\Src\stm32f4xx_ll_usb.o
 .debug_info    0x0000fbbd      0xd07 Middlewares\ST\STM32_USB_Device_Library\Class\CDC\Src\usbd_cdc.o
 .debug_info    0x000108c4      0xc42 Middlewares\ST\STM32_USB_Device_Library\Core\Src\usbd_core.o
 .debug_info    0x00011506      0xdfb Middlewares\ST\STM32_USB_Device_Library\Core\Src\usbd_ctlreq.o
 .debug_info    0x00012301      0x765 Middlewares\ST\STM32_USB_Device_Library\Core\Src\usbd_ioreq.o
 .debug_info    0x00012a66     0x20e5 Src\main.o
 .debug_info    0x00014b4b     0x1533 Src\stm32f4xx_hal_msp.o
 .debug_info    0x0001607e      0xae6 Src\stm32f4xx_hal_timebase_TIM.o
 .debug_info    0x00016b64      0x9e7 Src\stm32f4xx_it.o
 .debug_info    0x0001754b      0x52a Src\system_stm32f4xx.o
 .debug_info    0x00017a75      0x616 Src\usb_device.o
 .debug_info    0x0001808b      0x88d Src\usbd_cdc_if.o
 .debug_info    0x00018918     0x19cc Src\usbd_conf.o
 .debug_info    0x0001a2e4      0x4cc Src\usbd_desc.o
 .debug_info    0x0001a7b0       0x7d startup\startup_stm32f411xe.o

.debug_abbrev   0x00000000     0x3415
 .debug_abbrev  0x00000000      0x287 Drivers\STM32F4xx_HAL_Driver\Src\stm32f4xx_hal.o
 .debug_abbrev  0x00000287      0x2fe Drivers\STM32F4xx_HAL_Driver\Src\stm32f4xx_hal_cortex.o
 .debug_abbrev  0x00000585      0x1cd Drivers\STM32F4xx_HAL_Driver\Src\stm32f4xx_hal_gpio.o
 .debug_abbrev  0x00000752      0x246 Drivers\STM32F4xx_HAL_Driver\Src\stm32f4xx_hal_i2c.o
 .debug_abbrev  0x00000998      0x283 Drivers\STM32F4xx_HAL_Driver\Src\stm32f4xx_hal_pcd.o
 .debug_abbrev  0x00000c1b      0x172 Drivers\STM32F4xx_HAL_Driver\Src\stm32f4xx_hal_pcd_ex.o
 .debug_abbrev  0x00000d8d      0x2b0 Drivers\STM32F4xx_HAL_Driver\Src\stm32f4xx_hal_rcc.o
 .debug_abbrev  0x0000103d      0x23d Drivers\STM32F4xx_HAL_Driver\Src\stm32f4xx_hal_spi.o
 .debug_abbrev  0x0000127a      0x22a Drivers\STM32F4xx_HAL_Driver\Src\stm32f4xx_hal_tim.o
 .debug_abbrev  0x000014a4      0x22a Drivers\STM32F4xx_HAL_Driver\Src\stm32f4xx_hal_tim_ex.o
 .debug_abbrev  0x000016ce      0x27e Drivers\STM32F4xx_HAL_Driver\Src\stm32f4xx_hal_uart.o
 .debug_abbrev  0x0000194c      0x242 Drivers\STM32F4xx_HAL_Driver\Src\stm32f4xx_ll_usb.o
 .debug_abbrev  0x00001b8e      0x24a Middlewares\ST\STM32_USB_Device_Library\Class\CDC\Src\usbd_cdc.o
 .debug_abbrev  0x00001dd8      0x1ef Middlewares\ST\STM32_USB_Device_Library\Core\Src\usbd_core.o
 .debug_abbrev  0x00001fc7      0x26c Middlewares\ST\STM32_USB_Device_Library\Core\Src\usbd_ctlreq.o
 .debug_abbrev  0x00002233      0x158 Middlewares\ST\STM32_USB_Device_Library\Core\Src\usbd_ioreq.o
 .debug_abbrev  0x0000238b      0x273 Src\main.o
 .debug_abbrev  0x000025fe      0x20e Src\stm32f4xx_hal_msp.o
 .debug_abbrev  0x0000280c      0x1e3 Src\stm32f4xx_hal_timebase_TIM.o
 .debug_abbrev  0x000029ef      0x1b4 Src\stm32f4xx_it.o
 .debug_abbrev  0x00002ba3      0x104 Src\system_stm32f4xx.o
 .debug_abbrev  0x00002ca7      0x170 Src\usb_device.o
 .debug_abbrev  0x00002e17      0x207 Src\usbd_cdc_if.o
 .debug_abbrev  0x0000301e      0x27e Src\usbd_conf.o
 .debug_abbrev  0x0000329c      0x167 Src\usbd_desc.o
 .debug_abbrev  0x00003403       0x12 startup\startup_stm32f411xe.o

.debug_loc      0x00000000     0xf40d
 .debug_loc     0x00000000       0x91 Drivers\STM32F4xx_HAL_Driver\Src\stm32f4xx_hal.o
 .debug_loc     0x00000091      0x548 Drivers\STM32F4xx_HAL_Driver\Src\stm32f4xx_hal_cortex.o
 .debug_loc     0x000005d9      0x39a Drivers\STM32F4xx_HAL_Driver\Src\stm32f4xx_hal_gpio.o
 .debug_loc     0x00000973     0x2ed2 Drivers\STM32F4xx_HAL_Driver\Src\stm32f4xx_hal_i2c.o
 .debug_loc     0x00003845      0xb6d Drivers\STM32F4xx_HAL_Driver\Src\stm32f4xx_hal_pcd.o
 .debug_loc     0x000043b2       0xd0 Drivers\STM32F4xx_HAL_Driver\Src\stm32f4xx_hal_pcd_ex.o
 .debug_loc     0x00004482      0x622 Drivers\STM32F4xx_HAL_Driver\Src\stm32f4xx_hal_rcc.o
 .debug_loc     0x00004aa4     0x17a8 Drivers\STM32F4xx_HAL_Driver\Src\stm32f4xx_hal_spi.o
 .debug_loc     0x0000624c     0x3284 Drivers\STM32F4xx_HAL_Driver\Src\stm32f4xx_hal_tim.o
 .debug_loc     0x000094d0      0xd74 Drivers\STM32F4xx_HAL_Driver\Src\stm32f4xx_hal_tim_ex.o
 .debug_loc     0x0000a244     0x137a Drivers\STM32F4xx_HAL_Driver\Src\stm32f4xx_hal_uart.o
 .debug_loc     0x0000b5be     0x133b Drivers\STM32F4xx_HAL_Driver\Src\stm32f4xx_ll_usb.o
 .debug_loc     0x0000c8f9      0x4b1 Middlewares\ST\STM32_USB_Device_Library\Class\CDC\Src\usbd_cdc.o
 .debug_loc     0x0000cdaa      0x629 Middlewares\ST\STM32_USB_Device_Library\Core\Src\usbd_core.o
 .debug_loc     0x0000d3d3      0xb12 Middlewares\ST\STM32_USB_Device_Library\Core\Src\usbd_ctlreq.o
 .debug_loc     0x0000dee5      0x23c Middlewares\ST\STM32_USB_Device_Library\Core\Src\usbd_ioreq.o
 .debug_loc     0x0000e121       0xa5 Src\main.o
 .debug_loc     0x0000e1c6      0x113 Src\stm32f4xx_hal_msp.o
 .debug_loc     0x0000e2d9       0x6a Src\stm32f4xx_hal_timebase_TIM.o
 .debug_loc     0x0000e343      0x132 Src\system_stm32f4xx.o
 .debug_loc     0x0000e475      0x177 Src\usbd_cdc_if.o
 .debug_loc     0x0000e5ec      0xb6a Src\usbd_conf.o
 .debug_loc     0x0000f156      0x2b7 Src\usbd_desc.o

.debug_aranges  0x00000000     0x1578
 .debug_aranges
                0x00000000       0xc8 Drivers\STM32F4xx_HAL_Driver\Src\stm32f4xx_hal.o
 .debug_aranges
                0x000000c8       0xa8 Drivers\STM32F4xx_HAL_Driver\Src\stm32f4xx_hal_cortex.o
 .debug_aranges
                0x00000170       0x58 Drivers\STM32F4xx_HAL_Driver\Src\stm32f4xx_hal_gpio.o
 .debug_aranges
                0x000001c8      0x268 Drivers\STM32F4xx_HAL_Driver\Src\stm32f4xx_hal_i2c.o
 .debug_aranges
                0x00000430      0x120 Drivers\STM32F4xx_HAL_Driver\Src\stm32f4xx_hal_pcd.o
 .debug_aranges
                0x00000550       0x28 Drivers\STM32F4xx_HAL_Driver\Src\stm32f4xx_hal_pcd_ex.o
 .debug_aranges
                0x00000578       0x88 Drivers\STM32F4xx_HAL_Driver\Src\stm32f4xx_hal_rcc.o
 .debug_aranges
                0x00000600      0x1c8 Drivers\STM32F4xx_HAL_Driver\Src\stm32f4xx_hal_spi.o
 .debug_aranges
                0x000007c8      0x368 Drivers\STM32F4xx_HAL_Driver\Src\stm32f4xx_hal_tim.o
 .debug_aranges
                0x00000b30      0x140 Drivers\STM32F4xx_HAL_Driver\Src\stm32f4xx_hal_tim_ex.o
 .debug_aranges
                0x00000c70      0x1d0 Drivers\STM32F4xx_HAL_Driver\Src\stm32f4xx_hal_uart.o
 .debug_aranges
                0x00000e40      0x180 Drivers\STM32F4xx_HAL_Driver\Src\stm32f4xx_ll_usb.o
 .debug_aranges
                0x00000fc0       0x90 Middlewares\ST\STM32_USB_Device_Library\Class\CDC\Src\usbd_cdc.o
 .debug_aranges
                0x00001050       0xb8 Middlewares\ST\STM32_USB_Device_Library\Core\Src\usbd_core.o
 .debug_aranges
                0x00001108       0x88 Middlewares\ST\STM32_USB_Device_Library\Core\Src\usbd_ctlreq.o
 .debug_aranges
                0x00001190       0x50 Middlewares\ST\STM32_USB_Device_Library\Core\Src\usbd_ioreq.o
 .debug_aranges
                0x000011e0       0xc0 Src\main.o
 .debug_aranges
                0x000012a0       0x68 Src\stm32f4xx_hal_msp.o
 .debug_aranges
                0x00001308       0x30 Src\stm32f4xx_hal_timebase_TIM.o
 .debug_aranges
                0x00001338       0x40 Src\stm32f4xx_it.o
 .debug_aranges
                0x00001378       0x28 Src\system_stm32f4xx.o
 .debug_aranges
                0x000013a0       0x20 Src\usb_device.o
 .debug_aranges
                0x000013c0       0x48 Src\usbd_cdc_if.o
 .debug_aranges
                0x00001408       0xf8 Src\usbd_conf.o
 .debug_aranges
                0x00001500       0x50 Src\usbd_desc.o
 .debug_aranges
                0x00001550       0x28 startup\startup_stm32f411xe.o

.debug_ranges   0x00000000     0x13e0
 .debug_ranges  0x00000000       0xb8 Drivers\STM32F4xx_HAL_Driver\Src\stm32f4xx_hal.o
 .debug_ranges  0x000000b8       0x98 Drivers\STM32F4xx_HAL_Driver\Src\stm32f4xx_hal_cortex.o
 .debug_ranges  0x00000150       0x48 Drivers\STM32F4xx_HAL_Driver\Src\stm32f4xx_hal_gpio.o
 .debug_ranges  0x00000198      0x258 Drivers\STM32F4xx_HAL_Driver\Src\stm32f4xx_hal_i2c.o
 .debug_ranges  0x000003f0      0x110 Drivers\STM32F4xx_HAL_Driver\Src\stm32f4xx_hal_pcd.o
 .debug_ranges  0x00000500       0x18 Drivers\STM32F4xx_HAL_Driver\Src\stm32f4xx_hal_pcd_ex.o
 .debug_ranges  0x00000518       0x78 Drivers\STM32F4xx_HAL_Driver\Src\stm32f4xx_hal_rcc.o
 .debug_ranges  0x00000590      0x1b8 Drivers\STM32F4xx_HAL_Driver\Src\stm32f4xx_hal_spi.o
 .debug_ranges  0x00000748      0x358 Drivers\STM32F4xx_HAL_Driver\Src\stm32f4xx_hal_tim.o
 .debug_ranges  0x00000aa0      0x130 Drivers\STM32F4xx_HAL_Driver\Src\stm32f4xx_hal_tim_ex.o
 .debug_ranges  0x00000bd0      0x1c0 Drivers\STM32F4xx_HAL_Driver\Src\stm32f4xx_hal_uart.o
 .debug_ranges  0x00000d90      0x170 Drivers\STM32F4xx_HAL_Driver\Src\stm32f4xx_ll_usb.o
 .debug_ranges  0x00000f00       0x80 Middlewares\ST\STM32_USB_Device_Library\Class\CDC\Src\usbd_cdc.o
 .debug_ranges  0x00000f80       0xa8 Middlewares\ST\STM32_USB_Device_Library\Core\Src\usbd_core.o
 .debug_ranges  0x00001028       0x78 Middlewares\ST\STM32_USB_Device_Library\Core\Src\usbd_ctlreq.o
 .debug_ranges  0x000010a0       0x40 Middlewares\ST\STM32_USB_Device_Library\Core\Src\usbd_ioreq.o
 .debug_ranges  0x000010e0       0xb0 Src\main.o
 .debug_ranges  0x00001190       0x58 Src\stm32f4xx_hal_msp.o
 .debug_ranges  0x000011e8       0x20 Src\stm32f4xx_hal_timebase_TIM.o
 .debug_ranges  0x00001208       0x30 Src\stm32f4xx_it.o
 .debug_ranges  0x00001238       0x18 Src\system_stm32f4xx.o
 .debug_ranges  0x00001250       0x10 Src\usb_device.o
 .debug_ranges  0x00001260       0x38 Src\usbd_cdc_if.o
 .debug_ranges  0x00001298       0xe8 Src\usbd_conf.o
 .debug_ranges  0x00001380       0x40 Src\usbd_desc.o
 .debug_ranges  0x000013c0       0x20 startup\startup_stm32f411xe.o

.debug_macro    0x00000000    0x1aa0c
 .debug_macro   0x00000000      0x3b4 Drivers\STM32F4xx_HAL_Driver\Src\stm32f4xx_hal.o
 .debug_macro   0x000003b4      0x898 Drivers\STM32F4xx_HAL_Driver\Src\stm32f4xx_hal.o
 .debug_macro   0x00000c4c      0x185 Drivers\STM32F4xx_HAL_Driver\Src\stm32f4xx_hal.o
 .debug_macro   0x00000dd1      0x192 Drivers\STM32F4xx_HAL_Driver\Src\stm32f4xx_hal.o
 .debug_macro   0x00000f63       0x33 Drivers\STM32F4xx_HAL_Driver\Src\stm32f4xx_hal.o
 .debug_macro   0x00000f96       0x28 Drivers\STM32F4xx_HAL_Driver\Src\stm32f4xx_hal.o
 .debug_macro   0x00000fbe       0x22 Drivers\STM32F4xx_HAL_Driver\Src\stm32f4xx_hal.o
 .debug_macro   0x00000fe0       0x87 Drivers\STM32F4xx_HAL_Driver\Src\stm32f4xx_hal.o
 .debug_macro   0x00001067       0x44 Drivers\STM32F4xx_HAL_Driver\Src\stm32f4xx_hal.o
 .debug_macro   0x000010ab       0xfd Drivers\STM32F4xx_HAL_Driver\Src\stm32f4xx_hal.o
 .debug_macro   0x000011a8       0x5e Drivers\STM32F4xx_HAL_Driver\Src\stm32f4xx_hal.o
 .debug_macro   0x00001206      0x1df Drivers\STM32F4xx_HAL_Driver\Src\stm32f4xx_hal.o
 .debug_macro   0x000013e5       0x35 Drivers\STM32F4xx_HAL_Driver\Src\stm32f4xx_hal.o
 .debug_macro   0x0000141a       0x50 Drivers\STM32F4xx_HAL_Driver\Src\stm32f4xx_hal.o
 .debug_macro   0x0000146a      0xe66 Drivers\STM32F4xx_HAL_Driver\Src\stm32f4xx_hal.o
 .debug_macro   0x000022d0     0xb906 Drivers\STM32F4xx_HAL_Driver\Src\stm32f4xx_hal.o
 .debug_macro   0x0000dbd6       0x43 Drivers\STM32F4xx_HAL_Driver\Src\stm32f4xx_hal.o
 .debug_macro   0x0000dc19     0x3574 Drivers\STM32F4xx_HAL_Driver\Src\stm32f4xx_hal.o
 .debug_macro   0x0001118d       0x52 Drivers\STM32F4xx_HAL_Driver\Src\stm32f4xx_hal.o
 .debug_macro   0x000111df       0x35 Drivers\STM32F4xx_HAL_Driver\Src\stm32f4xx_hal.o
 .debug_macro   0x00011214       0x9c Drivers\STM32F4xx_HAL_Driver\Src\stm32f4xx_hal.o
 .debug_macro   0x000112b0       0x16 Drivers\STM32F4xx_HAL_Driver\Src\stm32f4xx_hal.o
 .debug_macro   0x000112c6       0x97 Drivers\STM32F4xx_HAL_Driver\Src\stm32f4xx_hal.o
 .debug_macro   0x0001135d      0x30d Drivers\STM32F4xx_HAL_Driver\Src\stm32f4xx_hal.o
 .debug_macro   0x0001166a       0xfd Drivers\STM32F4xx_HAL_Driver\Src\stm32f4xx_hal.o
 .debug_macro   0x00011767       0x10 Drivers\STM32F4xx_HAL_Driver\Src\stm32f4xx_hal.o
 .debug_macro   0x00011777       0x52 Drivers\STM32F4xx_HAL_Driver\Src\stm32f4xx_hal.o
 .debug_macro   0x000117c9       0x1f Drivers\STM32F4xx_HAL_Driver\Src\stm32f4xx_hal.o
 .debug_macro   0x000117e8       0x43 Drivers\STM32F4xx_HAL_Driver\Src\stm32f4xx_hal.o
 .debug_macro   0x0001182b       0x20 Drivers\STM32F4xx_HAL_Driver\Src\stm32f4xx_hal.o
 .debug_macro   0x0001184b      0x187 Drivers\STM32F4xx_HAL_Driver\Src\stm32f4xx_hal.o
 .debug_macro   0x000119d2       0x10 Drivers\STM32F4xx_HAL_Driver\Src\stm32f4xx_hal.o
 .debug_macro   0x000119e2       0x1c Drivers\STM32F4xx_HAL_Driver\Src\stm32f4xx_hal.o
 .debug_macro   0x000119fe       0x52 Drivers\STM32F4xx_HAL_Driver\Src\stm32f4xx_hal.o
 .debug_macro   0x00011a50       0x40 Drivers\STM32F4xx_HAL_Driver\Src\stm32f4xx_hal.o
 .debug_macro   0x00011a90       0x10 Drivers\STM32F4xx_HAL_Driver\Src\stm32f4xx_hal.o
 .debug_macro   0x00011aa0       0x40 Drivers\STM32F4xx_HAL_Driver\Src\stm32f4xx_hal.o
 .debug_macro   0x00011ae0       0xd7 Drivers\STM32F4xx_HAL_Driver\Src\stm32f4xx_hal.o
 .debug_macro   0x00011bb7       0x16 Drivers\STM32F4xx_HAL_Driver\Src\stm32f4xx_hal.o
 .debug_macro   0x00011bcd      0x18b Drivers\STM32F4xx_HAL_Driver\Src\stm32f4xx_hal.o
 .debug_macro   0x00011d58       0x50 Drivers\STM32F4xx_HAL_Driver\Src\stm32f4xx_hal.o
 .debug_macro   0x00011da8      0x447 Drivers\STM32F4xx_HAL_Driver\Src\stm32f4xx_hal.o
 .debug_macro   0x000121ef      0x9e1 Drivers\STM32F4xx_HAL_Driver\Src\stm32f4xx_hal.o
 .debug_macro   0x00012bd0      0x11e Drivers\STM32F4xx_HAL_Driver\Src\stm32f4xx_hal.o
 .debug_macro   0x00012cee      0x11b Drivers\STM32F4xx_HAL_Driver\Src\stm32f4xx_hal.o
 .debug_macro   0x00012e09       0x27 Drivers\STM32F4xx_HAL_Driver\Src\stm32f4xx_hal.o
 .debug_macro   0x00012e30      0x287 Drivers\STM32F4xx_HAL_Driver\Src\stm32f4xx_hal.o
 .debug_macro   0x000130b7       0x5f Drivers\STM32F4xx_HAL_Driver\Src\stm32f4xx_hal.o
 .debug_macro   0x00013116      0x23a Drivers\STM32F4xx_HAL_Driver\Src\stm32f4xx_hal.o
 .debug_macro   0x00013350      0x13a Drivers\STM32F4xx_HAL_Driver\Src\stm32f4xx_hal.o
 .debug_macro   0x0001348a      0x264 Drivers\STM32F4xx_HAL_Driver\Src\stm32f4xx_hal.o
 .debug_macro   0x000136ee       0x2e Drivers\STM32F4xx_HAL_Driver\Src\stm32f4xx_hal.o
 .debug_macro   0x0001371c      0x1a7 Drivers\STM32F4xx_HAL_Driver\Src\stm32f4xx_hal.o
 .debug_macro   0x000138c3       0x22 Drivers\STM32F4xx_HAL_Driver\Src\stm32f4xx_hal.o
 .debug_macro   0x000138e5       0xa5 Drivers\STM32F4xx_HAL_Driver\Src\stm32f4xx_hal.o
 .debug_macro   0x0001398a      0x11e Drivers\STM32F4xx_HAL_Driver\Src\stm32f4xx_hal.o
 .debug_macro   0x00013aa8       0x85 Drivers\STM32F4xx_HAL_Driver\Src\stm32f4xx_hal.o
 .debug_macro   0x00013b2d       0x89 Drivers\STM32F4xx_HAL_Driver\Src\stm32f4xx_hal.o
 .debug_macro   0x00013bb6      0x202 Drivers\STM32F4xx_HAL_Driver\Src\stm32f4xx_hal.o
 .debug_macro   0x00013db8      0x6e0 Drivers\STM32F4xx_HAL_Driver\Src\stm32f4xx_hal.o
 .debug_macro   0x00014498       0x5b Drivers\STM32F4xx_HAL_Driver\Src\stm32f4xx_hal.o
 .debug_macro   0x000144f3      0x14d Drivers\STM32F4xx_HAL_Driver\Src\stm32f4xx_hal.o
 .debug_macro   0x00014640      0x287 Drivers\STM32F4xx_HAL_Driver\Src\stm32f4xx_hal.o
 .debug_macro   0x000148c7      0x1df Drivers\STM32F4xx_HAL_Driver\Src\stm32f4xx_hal.o
 .debug_macro   0x00014aa6      0x115 Drivers\STM32F4xx_HAL_Driver\Src\stm32f4xx_hal.o
 .debug_macro   0x00014bbb      0x11e Drivers\STM32F4xx_HAL_Driver\Src\stm32f4xx_hal.o
 .debug_macro   0x00014cd9      0x354 Drivers\STM32F4xx_HAL_Driver\Src\stm32f4xx_hal_cortex.o
 .debug_macro   0x0001502d      0x38c Drivers\STM32F4xx_HAL_Driver\Src\stm32f4xx_hal_gpio.o
 .debug_macro   0x000153b9      0x394 Drivers\STM32F4xx_HAL_Driver\Src\stm32f4xx_hal_i2c.o
 .debug_macro   0x0001574d      0x360 Drivers\STM32F4xx_HAL_Driver\Src\stm32f4xx_hal_pcd.o
 .debug_macro   0x00015aad      0x354 Drivers\STM32F4xx_HAL_Driver\Src\stm32f4xx_hal_pcd_ex.o
 .debug_macro   0x00015e01      0x37e Drivers\STM32F4xx_HAL_Driver\Src\stm32f4xx_hal_rcc.o
 .debug_macro   0x0001617f      0x35c Drivers\STM32F4xx_HAL_Driver\Src\stm32f4xx_hal_spi.o
 .debug_macro   0x000164db      0x355 Drivers\STM32F4xx_HAL_Driver\Src\stm32f4xx_hal_tim.o
 .debug_macro   0x00016830      0x354 Drivers\STM32F4xx_HAL_Driver\Src\stm32f4xx_hal_tim_ex.o
 .debug_macro   0x00016b84      0x355 Drivers\STM32F4xx_HAL_Driver\Src\stm32f4xx_hal_uart.o
 .debug_macro   0x00016ed9      0x35b Drivers\STM32F4xx_HAL_Driver\Src\stm32f4xx_ll_usb.o
 .debug_macro   0x00017234      0x40a Middlewares\ST\STM32_USB_Device_Library\Class\CDC\Src\usbd_cdc.o
 .debug_macro   0x0001763e       0x4c Middlewares\ST\STM32_USB_Device_Library\Class\CDC\Src\usbd_cdc.o
 .debug_macro   0x0001768a       0x8d Middlewares\ST\STM32_USB_Device_Library\Class\CDC\Src\usbd_cdc.o
 .debug_macro   0x00017717       0x4a Middlewares\ST\STM32_USB_Device_Library\Class\CDC\Src\usbd_cdc.o
 .debug_macro   0x00017761       0x16 Middlewares\ST\STM32_USB_Device_Library\Class\CDC\Src\usbd_cdc.o
 .debug_macro   0x00017777       0x35 Middlewares\ST\STM32_USB_Device_Library\Class\CDC\Src\usbd_cdc.o
 .debug_macro   0x000177ac       0x16 Middlewares\ST\STM32_USB_Device_Library\Class\CDC\Src\usbd_cdc.o
 .debug_macro   0x000177c2       0x29 Middlewares\ST\STM32_USB_Device_Library\Class\CDC\Src\usbd_cdc.o
 .debug_macro   0x000177eb       0x16 Middlewares\ST\STM32_USB_Device_Library\Class\CDC\Src\usbd_cdc.o
 .debug_macro   0x00017801       0x71 Middlewares\ST\STM32_USB_Device_Library\Class\CDC\Src\usbd_cdc.o
 .debug_macro   0x00017872      0x1c3 Middlewares\ST\STM32_USB_Device_Library\Class\CDC\Src\usbd_cdc.o
 .debug_macro   0x00017a35       0x83 Middlewares\ST\STM32_USB_Device_Library\Class\CDC\Src\usbd_cdc.o
 .debug_macro   0x00017ab8      0x3e3 Middlewares\ST\STM32_USB_Device_Library\Core\Src\usbd_core.o
 .debug_macro   0x00017e9b      0x1c9 Middlewares\ST\STM32_USB_Device_Library\Core\Src\usbd_core.o
 .debug_macro   0x00018064      0x3ed Middlewares\ST\STM32_USB_Device_Library\Core\Src\usbd_ctlreq.o
 .debug_macro   0x00018451      0x3e9 Middlewares\ST\STM32_USB_Device_Library\Core\Src\usbd_ioreq.o
 .debug_macro   0x0001883a      0x426 Src\main.o
 .debug_macro   0x00018c60      0x354 Src\stm32f4xx_hal_msp.o
 .debug_macro   0x00018fb4      0x354 Src\stm32f4xx_hal_timebase_TIM.o
 .debug_macro   0x00019308      0x35e Src\stm32f4xx_it.o
 .debug_macro   0x00019666      0x35a Src\system_stm32f4xx.o
 .debug_macro   0x000199c0      0x424 Src\usb_device.o
 .debug_macro   0x00019de4      0x40e Src\usbd_cdc_if.o
 .debug_macro   0x0001a1f2      0x3f3 Src\usbd_conf.o
 .debug_macro   0x0001a5e5      0x427 Src\usbd_desc.o

.debug_line     0x00000000    0x119bf
 .debug_line    0x00000000      0x91a Drivers\STM32F4xx_HAL_Driver\Src\stm32f4xx_hal.o
 .debug_line    0x0000091a      0x977 Drivers\STM32F4xx_HAL_Driver\Src\stm32f4xx_hal_cortex.o
 .debug_line    0x00001291      0x8d1 Drivers\STM32F4xx_HAL_Driver\Src\stm32f4xx_hal_gpio.o
 .debug_line    0x00001b62     0x17b4 Drivers\STM32F4xx_HAL_Driver\Src\stm32f4xx_hal_i2c.o
 .debug_line    0x00003316      0xc4b Drivers\STM32F4xx_HAL_Driver\Src\stm32f4xx_hal_pcd.o
 .debug_line    0x00003f61      0x7b5 Drivers\STM32F4xx_HAL_Driver\Src\stm32f4xx_hal_pcd_ex.o
 .debug_line    0x00004716      0xa97 Drivers\STM32F4xx_HAL_Driver\Src\stm32f4xx_hal_rcc.o
 .debug_line    0x000051ad     0x10e5 Drivers\STM32F4xx_HAL_Driver\Src\stm32f4xx_hal_spi.o
 .debug_line    0x00006292     0x162d Drivers\STM32F4xx_HAL_Driver\Src\stm32f4xx_hal_tim.o
 .debug_line    0x000078bf      0xd11 Drivers\STM32F4xx_HAL_Driver\Src\stm32f4xx_hal_tim_ex.o
 .debug_line    0x000085d0     0x1014 Drivers\STM32F4xx_HAL_Driver\Src\stm32f4xx_hal_uart.o
 .debug_line    0x000095e4      0xd81 Drivers\STM32F4xx_HAL_Driver\Src\stm32f4xx_ll_usb.o
 .debug_line    0x0000a365      0xa14 Middlewares\ST\STM32_USB_Device_Library\Class\CDC\Src\usbd_cdc.o
 .debug_line    0x0000ad79      0xa22 Middlewares\ST\STM32_USB_Device_Library\Core\Src\usbd_core.o
 .debug_line    0x0000b79b      0xa20 Middlewares\ST\STM32_USB_Device_Library\Core\Src\usbd_ctlreq.o
 .debug_line    0x0000c1bb      0x8cf Middlewares\ST\STM32_USB_Device_Library\Core\Src\usbd_ioreq.o
 .debug_line    0x0000ca8a      0xab3 Src\main.o
 .debug_line    0x0000d53d      0x852 Src\stm32f4xx_hal_msp.o
 .debug_line    0x0000dd8f      0x7a3 Src\stm32f4xx_hal_timebase_TIM.o
 .debug_line    0x0000e532      0x7b9 Src\stm32f4xx_it.o
 .debug_line    0x0000eceb      0x793 Src\system_stm32f4xx.o
 .debug_line    0x0000f47e      0x8a6 Src\usb_device.o
 .debug_line    0x0000fd24      0x8e9 Src\usbd_cdc_if.o
 .debug_line    0x0001060d      0xa83 Src\usbd_conf.o
 .debug_line    0x00011090      0x8b0 Src\usbd_desc.o
 .debug_line    0x00011940       0x7f startup\startup_stm32f411xe.o

.debug_str      0x00000000    0x8e070
 .debug_str     0x00000000    0x87bc2 Drivers\STM32F4xx_HAL_Driver\Src\stm32f4xx_hal.o
                              0x87f49 (size before relaxing)
 .debug_str     0x00087bc2      0x3b8 Drivers\STM32F4xx_HAL_Driver\Src\stm32f4xx_hal_cortex.o
                              0x87cff (size before relaxing)
 .debug_str     0x00087f7a      0x28c Drivers\STM32F4xx_HAL_Driver\Src\stm32f4xx_hal_gpio.o
                              0x877fc (size before relaxing)
 .debug_str     0x00088206      0xf02 Drivers\STM32F4xx_HAL_Driver\Src\stm32f4xx_hal_i2c.o
                              0x88405 (size before relaxing)
 .debug_str     0x00089108      0x9a5 Drivers\STM32F4xx_HAL_Driver\Src\stm32f4xx_hal_pcd.o
                              0x87e83 (size before relaxing)
 .debug_str     0x00089aad       0x4f Drivers\STM32F4xx_HAL_Driver\Src\stm32f4xx_hal_pcd_ex.o
                              0x877b9 (size before relaxing)
 .debug_str     0x00089afc      0x373 Drivers\STM32F4xx_HAL_Driver\Src\stm32f4xx_hal_rcc.o
                              0x879f9 (size before relaxing)
 .debug_str     0x00089e6f      0x6a5 Drivers\STM32F4xx_HAL_Driver\Src\stm32f4xx_hal_spi.o
                              0x87de0 (size before relaxing)
 .debug_str     0x0008a514      0xe74 Drivers\STM32F4xx_HAL_Driver\Src\stm32f4xx_hal_tim.o
                              0x885e0 (size before relaxing)
 .debug_str     0x0008b388      0x4f4 Drivers\STM32F4xx_HAL_Driver\Src\stm32f4xx_hal_tim_ex.o
                              0x87ea0 (size before relaxing)
 .debug_str     0x0008b87c      0x675 Drivers\STM32F4xx_HAL_Driver\Src\stm32f4xx_hal_uart.o
                              0x87e2f (size before relaxing)
 .debug_str     0x0008bef1      0x3d1 Drivers\STM32F4xx_HAL_Driver\Src\stm32f4xx_ll_usb.o
                              0x87dea (size before relaxing)
 .debug_str     0x0008c2c2     0x1278 Middlewares\ST\STM32_USB_Device_Library\Class\CDC\Src\usbd_cdc.o
                              0x887be (size before relaxing)
 .debug_str     0x0008d53a      0x294 Middlewares\ST\STM32_USB_Device_Library\Core\Src\usbd_core.o
                              0x8849f (size before relaxing)
 .debug_str     0x0008d7ce      0x125 Middlewares\ST\STM32_USB_Device_Library\Core\Src\usbd_ctlreq.o
                              0x883b9 (size before relaxing)
 .debug_str     0x0008d8f3       0x51 Middlewares\ST\STM32_USB_Device_Library\Core\Src\usbd_ioreq.o
                              0x882e6 (size before relaxing)
 .debug_str     0x0008d944      0x256 Src\main.o
                              0x8956c (size before relaxing)
 .debug_str     0x0008db9a       0x24 Src\stm32f4xx_hal_msp.o
                              0x883e1 (size before relaxing)
 .debug_str     0x0008dbbe       0x61 Src\stm32f4xx_hal_timebase_TIM.o
                              0x87e3f (size before relaxing)
 .debug_str     0x0008dc1f       0x8e Src\stm32f4xx_it.o
                              0x87ba2 (size before relaxing)
 .debug_str     0x0008dcad       0x5a Src\system_stm32f4xx.o
                              0x875e4 (size before relaxing)
 .debug_str     0x0008dd07       0x40 Src\usb_device.o
                              0x88551 (size before relaxing)
 .debug_str     0x0008dd47       0xa1 Src\usbd_cdc_if.o
                              0x8865a (size before relaxing)
 .debug_str     0x0008dde8       0x51 Src\usbd_conf.o
                              0x88f90 (size before relaxing)
 .debug_str     0x0008de39      0x237 Src\usbd_desc.o
                              0x88181 (size before relaxing)

.comment        0x00000000       0x6e
 .comment       0x00000000       0x6e Drivers\STM32F4xx_HAL_Driver\Src\stm32f4xx_hal.o
                                 0x6f (size before relaxing)
 .comment       0x0000006e       0x6f Drivers\STM32F4xx_HAL_Driver\Src\stm32f4xx_hal_cortex.o
 .comment       0x0000006e       0x6f Drivers\STM32F4xx_HAL_Driver\Src\stm32f4xx_hal_gpio.o
 .comment       0x0000006e       0x6f Drivers\STM32F4xx_HAL_Driver\Src\stm32f4xx_hal_i2c.o
 .comment       0x0000006e       0x6f Drivers\STM32F4xx_HAL_Driver\Src\stm32f4xx_hal_pcd.o
 .comment       0x0000006e       0x6f Drivers\STM32F4xx_HAL_Driver\Src\stm32f4xx_hal_pcd_ex.o
 .comment       0x0000006e       0x6f Drivers\STM32F4xx_HAL_Driver\Src\stm32f4xx_hal_rcc.o
 .comment       0x0000006e       0x6f Drivers\STM32F4xx_HAL_Driver\Src\stm32f4xx_hal_spi.o
 .comment       0x0000006e       0x6f Drivers\STM32F4xx_HAL_Driver\Src\stm32f4xx_hal_tim.o
 .comment       0x0000006e       0x6f Drivers\STM32F4xx_HAL_Driver\Src\stm32f4xx_hal_tim_ex.o
 .comment       0x0000006e       0x6f Drivers\STM32F4xx_HAL_Driver\Src\stm32f4xx_hal_uart.o
 .comment       0x0000006e       0x6f Drivers\STM32F4xx_HAL_Driver\Src\stm32f4xx_ll_usb.o
 .comment       0x0000006e       0x6f Middlewares\ST\STM32_USB_Device_Library\Class\CDC\Src\usbd_cdc.o
 .comment       0x0000006e       0x6f Middlewares\ST\STM32_USB_Device_Library\Core\Src\usbd_core.o
 .comment       0x0000006e       0x6f Middlewares\ST\STM32_USB_Device_Library\Core\Src\usbd_ctlreq.o
 .comment       0x0000006e       0x6f Middlewares\ST\STM32_USB_Device_Library\Core\Src\usbd_ioreq.o
 .comment       0x0000006e       0x6f Src\main.o
 .comment       0x0000006e       0x6f Src\stm32f4xx_hal_msp.o
 .comment       0x0000006e       0x6f Src\stm32f4xx_hal_timebase_TIM.o
 .comment       0x0000006e       0x6f Src\stm32f4xx_it.o
 .comment       0x0000006e       0x6f Src\system_stm32f4xx.o
 .comment       0x0000006e       0x6f Src\usb_device.o
 .comment       0x0000006e       0x6f Src\usbd_cdc_if.o
 .comment       0x0000006e       0x6f Src\usbd_conf.o
 .comment       0x0000006e       0x6f Src\usbd_desc.o

.debug_frame    0x00000000     0x3c28
 .debug_frame   0x00000000      0x198 Drivers\STM32F4xx_HAL_Driver\Src\stm32f4xx_hal.o
 .debug_frame   0x00000198      0x154 Drivers\STM32F4xx_HAL_Driver\Src\stm32f4xx_hal_cortex.o
 .debug_frame   0x000002ec       0xc4 Drivers\STM32F4xx_HAL_Driver\Src\stm32f4xx_hal_gpio.o
 .debug_frame   0x000003b0      0x808 Drivers\STM32F4xx_HAL_Driver\Src\stm32f4xx_hal_i2c.o
 .debug_frame   0x00000bb8      0x30c Drivers\STM32F4xx_HAL_Driver\Src\stm32f4xx_hal_pcd.o
 .debug_frame   0x00000ec4       0x3c Drivers\STM32F4xx_HAL_Driver\Src\stm32f4xx_hal_pcd_ex.o
 .debug_frame   0x00000f00      0x150 Drivers\STM32F4xx_HAL_Driver\Src\stm32f4xx_hal_rcc.o
 .debug_frame   0x00001050      0x548 Drivers\STM32F4xx_HAL_Driver\Src\stm32f4xx_hal_spi.o
 .debug_frame   0x00001598      0x9cc Drivers\STM32F4xx_HAL_Driver\Src\stm32f4xx_hal_tim.o
 .debug_frame   0x00001f64      0x3b0 Drivers\STM32F4xx_HAL_Driver\Src\stm32f4xx_hal_tim_ex.o
 .debug_frame   0x00002314      0x4e8 Drivers\STM32F4xx_HAL_Driver\Src\stm32f4xx_hal_uart.o
 .debug_frame   0x000027fc      0x494 Drivers\STM32F4xx_HAL_Driver\Src\stm32f4xx_ll_usb.o
 .debug_frame   0x00002c90      0x154 Middlewares\ST\STM32_USB_Device_Library\Class\CDC\Src\usbd_cdc.o
 .debug_frame   0x00002de4      0x1bc Middlewares\ST\STM32_USB_Device_Library\Core\Src\usbd_core.o
 .debug_frame   0x00002fa0      0x178 Middlewares\ST\STM32_USB_Device_Library\Core\Src\usbd_ctlreq.o